Archive member included to satisfy reference by file (symbol)

/opt/devkitpro/libctru/lib/libctru.a(console.o)
                              main.o (consoleInit)
/opt/devkitpro/libctru/lib/libctru.a(gfx.o)
                              /opt/devkitpro/libctru/lib/libctru.a(console.o) (gfxIsWide)
/opt/devkitpro/libctru/lib/libctru.a(apt.o)
                              main.o (aptMainLoop)
/opt/devkitpro/libctru/lib/libctru.a(gspgpu.o)
                              /opt/devkitpro/libctru/lib/libctru.a(gfx.o) (gspInit)
/opt/devkitpro/libctru/lib/libctru.a(hid.o)
                              main.o (hidScanInput)
/opt/devkitpro/libctru/lib/libctru.a(irrst.o)
                              /opt/devkitpro/libctru/lib/libctru.a(hid.o) (irrstInit)
/opt/devkitpro/libctru/lib/libctru.a(ctru_init.o)
                              /opt/devkitpro/libctru/lib/libctru.a(apt.o) (__system_retAddr)
/opt/devkitpro/libctru/lib/libctru.a(initArgv.o)
                              /opt/devkitpro/libctru/lib/libctru.a(ctru_init.o) (__system_initArgv)
/opt/devkitpro/libctru/lib/libctru.a(syscalls.o)
                              /opt/devkitpro/libctru/lib/libctru.a(ctru_init.o) (__system_initSyscalls)
/opt/devkitpro/libctru/lib/libctru.a(svc.o)
                              /opt/devkitpro/libctru/lib/libctru.a(apt.o) (svcSleepThread)
/opt/devkitpro/libctru/lib/libctru.a(stack_adjust.o)
                              /opt/devkitpro/devkitARM/lib/gcc/arm-none-eabi/15.2.0/../../../../arm-none-eabi/lib/armv6k/fpu/3dsx_crt0.o (initSystem)
/opt/devkitpro/libctru/lib/libctru.a(default_font.bin.o)
                              /opt/devkitpro/libctru/lib/libctru.a(console.o) (default_font_bin)
/opt/devkitpro/libctru/lib/libctru.a(linear.o)
                              /opt/devkitpro/libctru/lib/libctru.a(gfx.o) (linearAlloc)
/opt/devkitpro/libctru/lib/libctru.a(mem_pool.o)
                              /opt/devkitpro/libctru/lib/libctru.a(linear.o) (_ZN7MemPool8AllocateER8MemChunkmi)
/opt/devkitpro/libctru/lib/libctru.a(vram.o)
                              /opt/devkitpro/libctru/lib/libctru.a(gfx.o) (vramAlloc)
/opt/devkitpro/libctru/lib/libctru.a(3dslink.o)
                              /opt/devkitpro/libctru/lib/libctru.a(initArgv.o) (__3dslink_host)
/opt/devkitpro/libctru/lib/libctru.a(env.o)
                              /opt/devkitpro/libctru/lib/libctru.a(irrst.o) (envGetHandle)
/opt/devkitpro/libctru/lib/libctru.a(os.o)
                              /opt/devkitpro/libctru/lib/libctru.a(syscalls.o) (osGetTime)
/opt/devkitpro/libctru/lib/libctru.a(srv.o)
                              /opt/devkitpro/libctru/lib/libctru.a(apt.o) (srvInit)
/opt/devkitpro/libctru/lib/libctru.a(synchronization.o)
                              /opt/devkitpro/libctru/lib/libctru.a(ctru_init.o) (__sync_init)
/opt/devkitpro/libctru/lib/libctru.a(thread.o)
                              /opt/devkitpro/libctru/lib/libctru.a(apt.o) (threadCreate)
/opt/devkitpro/libctru/lib/libctru.a(mappable.o)
                              /opt/devkitpro/libctru/lib/libctru.a(apt.o) (mappableAlloc)
/opt/devkitpro/libctru/lib/libctru.a(ptmsysm.o)
                              /opt/devkitpro/libctru/lib/libctru.a(os.o) (ptmSysmInit)
/opt/devkitpro/libctru/lib/libctru.a(srvpm.o)
                              /opt/devkitpro/libctru/lib/libctru.a(srv.o) (srvPmGetSessionHandle)
/opt/devkitpro/libctru/lib/libctru.a(soc_connect.o)
                              /opt/devkitpro/libctru/lib/libctru.a(3dslink.o) (connect)
/opt/devkitpro/libctru/lib/libctru.a(soc_socket.o)
                              /opt/devkitpro/libctru/lib/libctru.a(3dslink.o) (socket)
/opt/devkitpro/libctru/lib/libctru.a(rbtree_find.o)
                              /opt/devkitpro/libctru/lib/libctru.a(linear.o) (rbtree_find)
/opt/devkitpro/libctru/lib/libctru.a(rbtree_init.o)
                              /opt/devkitpro/libctru/lib/libctru.a(linear.o) (rbtree_init)
/opt/devkitpro/libctru/lib/libctru.a(rbtree_insert.o)
                              /opt/devkitpro/libctru/lib/libctru.a(linear.o) (rbtree_insert)
/opt/devkitpro/libctru/lib/libctru.a(rbtree_remove.o)
                              /opt/devkitpro/libctru/lib/libctru.a(linear.o) (rbtree_remove)
/opt/devkitpro/libctru/lib/libctru.a(rbtree_rotate.o)
                              /opt/devkitpro/libctru/lib/libctru.a(rbtree_insert.o) (rbtree_rotate)
/opt/devkitpro/libctru/lib/libctru.a(allocateHeaps.o)
                              /opt/devkitpro/libctru/lib/libctru.a(ctru_init.o) (__system_allocateHeaps)
/opt/devkitpro/libctru/lib/libctru.a(appExit.o)
                              /opt/devkitpro/libctru/lib/libctru.a(stack_adjust.o) (__appExit)
/opt/devkitpro/libctru/lib/libctru.a(appInit.o)
                              /opt/devkitpro/libctru/lib/libctru.a(stack_adjust.o) (__appInit)
/opt/devkitpro/libctru/lib/libctru.a(ctru_exit.o)
                              /opt/devkitpro/libctru/lib/libctru.a(stack_adjust.o) (__libctru_exit)
[...]
Memory Configuration

Name             Origin             Length             Attributes
*default*        0x00000000         0xffffffff

Linker script and memory map

                0x00000000                        __sync_synchronize = __sync_synchronize_dmb
                0x00100000                        PROVIDE (__start__ = 0x100000)
                0x00100000                        . = __start__

.text           0x00100000    0x1da04
 *(.crt0)
 .crt0          0x00100000       0x94 /opt/devkitpro/devkitARM/lib/gcc/arm-none-eabi/15.2.0/../../../../arm-none-eabi/lib/armv6k/fpu/3dsx_crt0.o
                0x00100000                _start
                0x00100008                __service_ptr
                0x0010000c                __apt_appid
                0x00100010                __heap_size
                0x00100014                __linear_heap_size
                0x00100018                __system_arglist
                0x0010001c                __system_runflags
 *(.init)
 .init          0x00100094        0xc /opt/devkitpro/devkitARM/lib/gcc/arm-none-eabi/15.2.0/armv6k/fpu/crti.o
                0x00100094                _init
 .init          0x001000a0        0xc /opt/devkitpro/devkitARM/lib/gcc/arm-none-eabi/15.2.0/armv6k/fpu/crtn.o
                0x001000ac                        . = ALIGN (0x4)
 *(.text)
 .text          0x001000ac      0x240 /opt/devkitpro/devkitARM/lib/gcc/arm-none-eabi/15.2.0/armv6k/fpu/libgcc.a(_divsi3.o)
                0x001000ac                __aeabi_idiv
                0x001000ac                __divsi3
                0x001002cc                __aeabi_idivmod
 .text          0x001002ec        0x4 /opt/devkitpro/devkitARM/lib/gcc/arm-none-eabi/15.2.0/armv6k/fpu/libgcc.a(_dvmd_tls.o)
                0x001002ec                __aeabi_ldiv0
                0x001002ec                __aeabi_idiv0
 .text          0x001002f0       0x3c /opt/devkitpro/devkitARM/lib/gcc/arm-none-eabi/15.2.0/armv6k/fpu/libgcc.a(_aeabi_uldivmod.o)
                0x001002f0                __aeabi_uldivmod
 *fill*         0x0010032c       0x14 
 .text          0x00100340      0x390 /opt/devkitpro/devkitARM/lib/gcc/arm-none-eabi/15.2.0/../../../../arm-none-eabi/lib/armv6k/fpu/libg.a(libc_a-strcmp.o)
                0x00100348                strcmp
 .text          0x001006d0      0x20c /opt/devkitpro/devkitARM/lib/gcc/arm-none-eabi/15.2.0/armv6k/fpu/libgcc.a(_udivsi3.o)
                0x001006d0                __udivsi3
                0x001006d0                __aeabi_uidiv
                0x001008bc                __aeabi_uidivmod
 *(.text.*)
 .text.__do_global_dtors_aux
                0x001008dc       0x50 /opt/devkitpro/devkitARM/lib/gcc/arm-none-eabi/15.2.0/armv6k/fpu/crtbegin.o
 .text.frame_dummy
                0x0010092c       0x2c /opt/devkitpro/devkitARM/lib/gcc/arm-none-eabi/15.2.0/armv6k/fpu/crtbegin.o
 .text.scan_3ds_dir
                0x00100958       0x9c main.o
                0x00100958                scan_3ds_dir
 .text.print_file_list
                0x001009f4       0x94 main.o
                0x001009f4                print_file_list
 .text.create_forwarder
                0x00100a88      0x2d8 main.o
                0x00100a88                create_forwarder
 .text.startup.main
                0x00100d60      0x138 main.o
                0x00100d60                main
 .text.consoleDrawChar
                0x00100e98      0x1c8 /opt/devkitpro/libctru/lib/libctru.a(console.o)
                0x00100e98                consoleDrawChar
 .text.consolePrintChar
                0x00101060      0x170 /opt/devkitpro/libctru/lib/libctru.a(console.o)
                0x00101060                consolePrintChar
 .text.con_write
                0x001011d0      0xcc8 /opt/devkitpro/libctru/lib/libctru.a(console.o)
                0x001011d0                con_write
 .text.newRow   0x00101e98       0xfc /opt/devkitpro/libctru/lib/libctru.a(console.o)
 .text.consoleInit
                0x00101f94      0x180 /opt/devkitpro/libctru/lib/libctru.a(console.o)
                0x00101f94                consoleInit
 .text.consoleClear
                0x00102114       0xb8 /opt/devkitpro/libctru/lib/libctru.a(console.o)
                0x00102114                consoleClear
 .text.gfxPresentFramebuffer
                0x001021cc       0xcc /opt/devkitpro/libctru/lib/libctru.a(gfx.o)
 .text.gfxIsWide
                0x00102298       0x1c /opt/devkitpro/libctru/lib/libctru.a(gfx.o)
                0x00102298                gfxIsWide
 .text.gfxSetScreenFormat
                0x001022b4       0xf8 /opt/devkitpro/libctru/lib/libctru.a(gfx.o)
                0x001022b4                gfxSetScreenFormat
 .text.gfxSetDoubleBuffering
                0x001023ac       0x10 /opt/devkitpro/libctru/lib/libctru.a(gfx.o)
                0x001023ac                gfxSetDoubleBuffering
 .text.gfxInit  0x001023bc       0xd8 /opt/devkitpro/libctru/lib/libctru.a(gfx.o)
                0x001023bc                gfxInit
 .text.gfxInitDefault
                0x00102494       0x10 /opt/devkitpro/libctru/lib/libctru.a(gfx.o)
                0x00102494                gfxInitDefault
 .text.gfxExit  0x001024a4       0xb8 /opt/devkitpro/libctru/lib/libctru.a(gfx.o)
                0x001024a4                gfxExit
 .text.gfxGetFramebuffer
                0x0010255c       0xa0 /opt/devkitpro/libctru/lib/libctru.a(gfx.o)
                0x0010255c                gfxGetFramebuffer
 .text.gfxFlushBuffers
                0x001025fc      0x100 /opt/devkitpro/libctru/lib/libctru.a(gfx.o)
                0x001025fc                gfxFlushBuffers
 .text.gfxSwapBuffers
                0x001026fc       0x50 /opt/devkitpro/libctru/lib/libctru.a(gfx.o)
                0x001026fc                gfxSwapBuffers
 .text.gfxSwapBuffersGpu
                0x0010274c       0x50 /opt/devkitpro/libctru/lib/libctru.a(gfx.o)
                0x0010274c                gfxSwapBuffersGpu
 .text.aptConvertScreenForCapture
                0x0010279c      0x180 /opt/devkitpro/libctru/lib/libctru.a(apt.o)
 .text.aptDspSleep
                0x0010291c        0x8 /opt/devkitpro/libctru/lib/libctru.a(apt.o)
                0x0010291c                aptDspSleep
 .text.aptDspWakeup
                0x00102924        0x4 /opt/devkitpro/libctru/lib/libctru.a(apt.o)
                0x00102924                aptDspWakeup
 .text.aptDspCancel
                0x00102928        0x4 /opt/devkitpro/libctru/lib/libctru.a(apt.o)
                0x00102928                aptDspCancel
 .text.aptSendCommand
                0x0010292c      0x138 /opt/devkitpro/libctru/lib/libctru.a(apt.o)
                0x0010292c                aptSendCommand
 *fill*         0x00102a64        0x4 
 .text.aptExitProcess
                0x00102a68       0x44 /opt/devkitpro/libctru/lib/libctru.a(apt.o)
 .text.aptExit  0x00102aac      0x394 /opt/devkitpro/libctru/lib/libctru.a(apt.o)
                0x00102aac                aptExit
 .text.aptHandleSleep
                0x00102e40       0xd8 /opt/devkitpro/libctru/lib/libctru.a(apt.o)
                0x00102e40                aptHandleSleep
 .text.APT_SleepIfShellClosed
                0x00102f18       0x84 /opt/devkitpro/libctru/lib/libctru.a(apt.o)
                0x00102f18                APT_SleepIfShellClosed
 .text.aptSetSleepAllowed
                0x00102f9c       0x78 /opt/devkitpro/libctru/lib/libctru.a(apt.o)
                0x00102f9c                aptSetSleepAllowed
 .text.APT_UnlockTransition
                0x00103014       0x84 /opt/devkitpro/libctru/lib/libctru.a(apt.o)
                0x00103014                APT_UnlockTransition
 .text.aptEventHandler
                0x00103098      0x470 /opt/devkitpro/libctru/lib/libctru.a(apt.o)
 .text.APT_ReceiveParameter
                0x00103508       0xbc /opt/devkitpro/libctru/lib/libctru.a(apt.o)
                0x00103508                APT_ReceiveParameter
 .text.aptReceiveParameter.constprop.0
                0x001035c4       0xb0 /opt/devkitpro/libctru/lib/libctru.a(apt.o)
 *fill*         0x00103674        0x4 
 .text.aptScreenTransfer
                0x00103678      0x294 /opt/devkitpro/libctru/lib/libctru.a(apt.o)
 .text.aptWaitForWakeUp.isra.0
                0x0010390c      0x2d0 /opt/devkitpro/libctru/lib/libctru.a(apt.o)
 .text.aptJumpToHomeMenu
                0x00103bdc       0xf4 /opt/devkitpro/libctru/lib/libctru.a(apt.o)
                0x00103bdc                aptJumpToHomeMenu
 .text.aptMainLoop
                0x00103cd0       0x58 /opt/devkitpro/libctru/lib/libctru.a(apt.o)
                0x00103cd0                aptMainLoop
 .text.aptInit  0x00103d28      0x240 /opt/devkitpro/libctru/lib/libctru.a(apt.o)
                0x00103d28                aptInit
 .text.APT_CheckNew3DS
                0x00103f68       0x90 /opt/devkitpro/libctru/lib/libctru.a(apt.o)
                0x00103f68                APT_CheckNew3DS
 .text.gspHardwareInit
                0x00103ff8      0xc70 /opt/devkitpro/libctru/lib/libctru.a(gspgpu.o)
 .text.gspInit  0x00104c68      0x288 /opt/devkitpro/libctru/lib/libctru.a(gspgpu.o)
                0x00104c68                gspInit
 .text.gspExit  0x00104ef0      0x104 /opt/devkitpro/libctru/lib/libctru.a(gspgpu.o)
                0x00104ef0                gspExit
 .text.gspHasGpuRight
                0x00104ff4       0x10 /opt/devkitpro/libctru/lib/libctru.a(gspgpu.o)
                0x00104ff4                gspHasGpuRight
 .text.gspPresentBuffer
                0x00105004       0xa4 /opt/devkitpro/libctru/lib/libctru.a(gspgpu.o)
                0x00105004                gspPresentBuffer
 .text.gspWaitForEvent
                0x001050a8       0x50 /opt/devkitpro/libctru/lib/libctru.a(gspgpu.o)
                0x001050a8                gspWaitForEvent
 .text.gxCmdQueueInterrupt
                0x001050f8        0x4 /opt/devkitpro/libctru/lib/libctru.a(gspgpu.o)
                0x001050f8                gxCmdQueueInterrupt
 .text.gspEventThreadMain
                0x001050fc      0x154 /opt/devkitpro/libctru/lib/libctru.a(gspgpu.o)
 .text.GSPGPU_FlushDataCache
                0x00105250       0x50 /opt/devkitpro/libctru/lib/libctru.a(gspgpu.o)
                0x00105250                GSPGPU_FlushDataCache
 .text.GSPGPU_SetLcdForceBlack
                0x001052a0       0x34 /opt/devkitpro/libctru/lib/libctru.a(gspgpu.o)
                0x001052a0                GSPGPU_SetLcdForceBlack
 .text.GSPGPU_AcquireRight
                0x001052d4       0x84 /opt/devkitpro/libctru/lib/libctru.a(gspgpu.o)
                0x001052d4                GSPGPU_AcquireRight
 .text.GSPGPU_ReleaseRight
                0x00105358       0x64 /opt/devkitpro/libctru/lib/libctru.a(gspgpu.o)
                0x00105358                GSPGPU_ReleaseRight
 .text.GSPGPU_ImportDisplayCaptureInfo
                0x001053bc       0x7c /opt/devkitpro/libctru/lib/libctru.a(gspgpu.o)
                0x001053bc                GSPGPU_ImportDisplayCaptureInfo
 .text.GSPGPU_SaveVramSysArea
                0x00105438       0x2c /opt/devkitpro/libctru/lib/libctru.a(gspgpu.o)
                0x00105438                GSPGPU_SaveVramSysArea
 .text.GSPGPU_RestoreVramSysArea
                0x00105464       0x2c /opt/devkitpro/libctru/lib/libctru.a(gspgpu.o)
                0x00105464                GSPGPU_RestoreVramSysArea
 .text.hidShouldUseIrrst
                0x00105490       0x24 /opt/devkitpro/libctru/lib/libctru.a(hid.o)
                0x00105490                hidShouldUseIrrst
 .text.hidInit  0x001054b4      0x1cc /opt/devkitpro/libctru/lib/libctru.a(hid.o)
                0x001054b4                hidInit
 .text.hidExit  0x00105680       0xe8 /opt/devkitpro/libctru/lib/libctru.a(hid.o)
                0x00105680                hidExit
 .text.hidScanInput
                0x00105768      0x2a0 /opt/devkitpro/libctru/lib/libctru.a(hid.o)
                0x00105768                hidScanInput
 .text.hidKeysDown
                0x00105a08       0x10 /opt/devkitpro/libctru/lib/libctru.a(hid.o)
                0x00105a08                hidKeysDown
 .text.irrstInit
                0x00105a18      0x1a4 /opt/devkitpro/libctru/lib/libctru.a(irrst.o)
                0x00105a18                irrstInit
 .text.irrstExit
                0x00105bbc       0xdc /opt/devkitpro/libctru/lib/libctru.a(irrst.o)
                0x00105bbc                irrstExit
 .text.irrstScanInput
                0x00105c98       0xb4 /opt/devkitpro/libctru/lib/libctru.a(irrst.o)
                0x00105c98                irrstScanInput
 .text.irrstKeysHeld
                0x00105d4c       0x24 /opt/devkitpro/libctru/lib/libctru.a(irrst.o)
                0x00105d4c                irrstKeysHeld
 .text.__libctru_init
                0x00105d70       0x38 /opt/devkitpro/libctru/lib/libctru.a(ctru_init.o)
                0x00105d70                __libctru_init
 .text.__system_initArgv
                0x00105da8      0x16c /opt/devkitpro/libctru/lib/libctru.a(initArgv.o)
                0x00105da8                __system_initArgv
 .text.__syscall_getreent
                0x00105f14       0x30 /opt/devkitpro/libctru/lib/libctru.a(syscalls.o)
                0x00105f14                __syscall_getreent
 .text.__syscall_lock_acquire
                0x00105f44        0x4 /opt/devkitpro/libctru/lib/libctru.a(syscalls.o)
                0x00105f44                __syscall_lock_acquire
 .text.__syscall_lock_release
                0x00105f48        0x4 /opt/devkitpro/libctru/lib/libctru.a(syscalls.o)
                0x00105f48                __syscall_lock_release
 .text.__syscall_lock_acquire_recursive
                0x00105f4c        0x4 /opt/devkitpro/libctru/lib/libctru.a(syscalls.o)
                0x00105f4c                __syscall_lock_acquire_recursive
 .text.__syscall_lock_release_recursive
                0x00105f50        0x4 /opt/devkitpro/libctru/lib/libctru.a(syscalls.o)
                0x00105f50                __syscall_lock_release_recursive
 .text.__syscall_exit
                0x00105f54        0x4 /opt/devkitpro/libctru/lib/libctru.a(syscalls.o)
                0x00105f54                __syscall_exit
 .text.initThreadVars
                0x00105f58       0x54 /opt/devkitpro/libctru/lib/libctru.a(syscalls.o)
                0x00105f58                initThreadVars
 .text.__system_initSyscalls
                0x00105fac       0x80 /opt/devkitpro/libctru/lib/libctru.a(syscalls.o)
                0x00105fac                __system_initSyscalls
 .text.svcControlMemory
                0x0010602c       0x20 /opt/devkitpro/libctru/lib/libctru.a(svc.o)
                0x0010602c                svcControlMemory
 .text.svcQueryMemory
                0x0010604c       0x30 /opt/devkitpro/libctru/lib/libctru.a(svc.o)
                0x0010604c                svcQueryMemory
 .text.svcExitProcess
                0x0010607c        0x8 /opt/devkitpro/libctru/lib/libctru.a(svc.o)
                0x0010607c                svcExitProcess
 .text.svcCreateThread
                0x00106084       0x20 /opt/devkitpro/libctru/lib/libctru.a(svc.o)
                0x00106084                svcCreateThread
 .text.svcExitThread
                0x001060a4        0x8 /opt/devkitpro/libctru/lib/libctru.a(svc.o)
                0x001060a4                svcExitThread
 .text.svcSleepThread
                0x001060ac        0x8 /opt/devkitpro/libctru/lib/libctru.a(svc.o)
                0x001060ac                svcSleepThread
 .text.svcReleaseMutex
                0x001060b4        0x8 /opt/devkitpro/libctru/lib/libctru.a(svc.o)
                0x001060b4                svcReleaseMutex
 .text.svcCreateEvent
                0x001060bc       0x14 /opt/devkitpro/libctru/lib/libctru.a(svc.o)
                0x001060bc                svcCreateEvent
 .text.svcSignalEvent
                0x001060d0        0x8 /opt/devkitpro/libctru/lib/libctru.a(svc.o)
                0x001060d0                svcSignalEvent
 .text.svcClearEvent
                0x001060d8        0x8 /opt/devkitpro/libctru/lib/libctru.a(svc.o)
                0x001060d8                svcClearEvent
 .text.svcMapMemoryBlock
                0x001060e0        0x8 /opt/devkitpro/libctru/lib/libctru.a(svc.o)
                0x001060e0                svcMapMemoryBlock
 .text.svcUnmapMemoryBlock
                0x001060e8        0x8 /opt/devkitpro/libctru/lib/libctru.a(svc.o)
                0x001060e8                svcUnmapMemoryBlock
 .text.svcCreateAddressArbiter
                0x001060f0       0x14 /opt/devkitpro/libctru/lib/libctru.a(svc.o)
                0x001060f0                svcCreateAddressArbiter
 .text.svcArbitrateAddressNoTimeout
                0x00106104        0x8 /opt/devkitpro/libctru/lib/libctru.a(svc.o)
                0x00106104                svcArbitrateAddressNoTimeout
 .text.svcCloseHandle
                0x0010610c        0x8 /opt/devkitpro/libctru/lib/libctru.a(svc.o)
                0x0010610c                svcCloseHandle
 .text.svcWaitSynchronization
                0x00106114        0x8 /opt/devkitpro/libctru/lib/libctru.a(svc.o)
                0x00106114                svcWaitSynchronization
 .text.svcWaitSynchronizationN
                0x0010611c       0x28 /opt/devkitpro/libctru/lib/libctru.a(svc.o)
                0x0010611c                svcWaitSynchronizationN
 .text.svcDuplicateHandle
                0x00106144       0x14 /opt/devkitpro/libctru/lib/libctru.a(svc.o)
                0x00106144                svcDuplicateHandle
 .text.svcGetSystemTick
                0x00106158        0x8 /opt/devkitpro/libctru/lib/libctru.a(svc.o)
                0x00106158                svcGetSystemTick
 .text.svcConnectToPort
                0x00106160       0x14 /opt/devkitpro/libctru/lib/libctru.a(svc.o)
                0x00106160                svcConnectToPort
 .text.svcSendSyncRequest
                0x00106174        0x8 /opt/devkitpro/libctru/lib/libctru.a(svc.o)
                0x00106174                svcSendSyncRequest
 .text.svcGetResourceLimit
                0x0010617c       0x14 /opt/devkitpro/libctru/lib/libctru.a(svc.o)
                0x0010617c                svcGetResourceLimit
 .text.svcGetResourceLimitLimitValues
                0x00106190        0x8 /opt/devkitpro/libctru/lib/libctru.a(svc.o)
                0x00106190                svcGetResourceLimitLimitValues
 .text.svcGetResourceLimitCurrentValues
                0x00106198        0x8 /opt/devkitpro/libctru/lib/libctru.a(svc.o)
                0x00106198                svcGetResourceLimitCurrentValues
 .text.svcBreak
                0x001061a0        0x8 /opt/devkitpro/libctru/lib/libctru.a(svc.o)
                0x001061a0                svcBreak
 .text.initSystem
                0x001061a8       0x50 /opt/devkitpro/libctru/lib/libctru.a(stack_adjust.o)
                0x001061a8                initSystem
 .text.__ctru_exit
                0x001061f8       0x14 /opt/devkitpro/libctru/lib/libctru.a(stack_adjust.o)
                0x001061f8                __ctru_exit
 .text._ZL21addrMapNodeComparatorPK11rbtree_nodeS1_
                0x0010620c       0x24 /opt/devkitpro/libctru/lib/libctru.a(linear.o)
 .text._ZL21addrMapNodeDestructorP11rbtree_node
                0x00106230        0x4 /opt/devkitpro/libctru/lib/libctru.a(linear.o)
 .text.linearMemAlign
                0x00106234      0x12c /opt/devkitpro/libctru/lib/libctru.a(linear.o)
                0x00106234                linearMemAlign
 .text.linearAlloc
                0x00106360        0x8 /opt/devkitpro/libctru/lib/libctru.a(linear.o)
                0x00106360                linearAlloc
 .text.linearFree
                0x00106368       0x5c /opt/devkitpro/libctru/lib/libctru.a(linear.o)
                0x00106368                linearFree
 .text._ZN7MemPool13CoalesceRightEP8MemBlock
                0x001063c4       0x88 /opt/devkitpro/libctru/lib/libctru.a(mem_pool.o)
                0x001063c4                _ZN7MemPool13CoalesceRightEP8MemBlock
 .text._ZN7MemPool8AllocateER8MemChunkmi
                0x0010644c      0x178 /opt/devkitpro/libctru/lib/libctru.a(mem_pool.o)
                0x0010644c                _ZN7MemPool8AllocateER8MemChunkmi
 .text._ZN7MemPool10DeallocateERK8MemChunk
                0x001065c4      0x118 /opt/devkitpro/libctru/lib/libctru.a(mem_pool.o)
                0x001065c4                _ZN7MemPool10DeallocateERK8MemChunk
 .text._ZN7MemPool12GetFreeSpaceEv
                0x001066dc       0x30 /opt/devkitpro/libctru/lib/libctru.a(mem_pool.o)
                0x001066dc                _ZN7MemPool12GetFreeSpaceEv
 .text._ZL21addrMapNodeComparatorPK11rbtree_nodeS1_
                0x0010670c       0x24 /opt/devkitpro/libctru/lib/libctru.a(vram.o)
 .text._ZL21addrMapNodeDestructorP11rbtree_node
                0x00106730        0x4 /opt/devkitpro/libctru/lib/libctru.a(vram.o)
 .text.vramMemAlignAt
                0x00106734      0x248 /opt/devkitpro/libctru/lib/libctru.a(vram.o)
                0x00106734                vramMemAlignAt
 .text.vramAlloc
                0x0010697c        0xc /opt/devkitpro/libctru/lib/libctru.a(vram.o)
                0x0010697c                vramAlloc
 .text.vramFree
                0x00106988       0x94 /opt/devkitpro/libctru/lib/libctru.a(vram.o)
                0x00106988                vramFree
 .text.envGetHandle
                0x00106a1c       0x8c /opt/devkitpro/libctru/lib/libctru.a(env.o)
                0x00106a1c                envGetHandle
 .text.envDestroyHandles
                0x00106aa8       0x50 /opt/devkitpro/libctru/lib/libctru.a(env.o)
                0x00106aa8                envDestroyHandles
 .text.__ctru_speedup_config
                0x00106af8       0x34 /opt/devkitpro/libctru/lib/libctru.a(os.o)
                0x00106af8                __ctru_speedup_config
 .text.srvInit  0x00106b2c      0x164 /opt/devkitpro/libctru/lib/libctru.a(srv.o)
                0x00106b2c                srvInit
 .text.srvExit  0x00106c90       0x64 /opt/devkitpro/libctru/lib/libctru.a(srv.o)
                0x00106c90                srvExit
 .text.srvEnableNotification
                0x00106cf4       0x60 /opt/devkitpro/libctru/lib/libctru.a(srv.o)
                0x00106cf4                srvEnableNotification
 .text.srvGetServiceHandleDirect
                0x00106d54       0xa0 /opt/devkitpro/libctru/lib/libctru.a(srv.o)
                0x00106d54                srvGetServiceHandleDirect
 .text.srvGetServiceHandle
                0x00106df4       0x48 /opt/devkitpro/libctru/lib/libctru.a(srv.o)
                0x00106df4                srvGetServiceHandle
 .text.srvSubscribe
                0x00106e3c       0x34 /opt/devkitpro/libctru/lib/libctru.a(srv.o)
                0x00106e3c                srvSubscribe
 .text.srvReceiveNotification
                0x00106e70       0x60 /opt/devkitpro/libctru/lib/libctru.a(srv.o)
                0x00106e70                srvReceiveNotification
 .text.srvPublishToSubscriber
                0x00106ed0       0x38 /opt/devkitpro/libctru/lib/libctru.a(srv.o)
                0x00106ed0                srvPublishToSubscriber
 .text.__sync_init
                0x00106f08        0xc /opt/devkitpro/libctru/lib/libctru.a(synchronization.o)
                0x00106f08                __sync_init
 .text.__sync_fini
                0x00106f14       0x18 /opt/devkitpro/libctru/lib/libctru.a(synchronization.o)
                0x00106f14                __sync_fini
 .text.syncArbitrateAddress
                0x00106f2c       0x28 /opt/devkitpro/libctru/lib/libctru.a(synchronization.o)
                0x00106f2c                syncArbitrateAddress
 .text.LightLock_Lock
                0x00106f54       0xac /opt/devkitpro/libctru/lib/libctru.a(synchronization.o)
                0x00106f54                LightLock_Lock
 .text.LightLock_Unlock
                0x00107000       0x40 /opt/devkitpro/libctru/lib/libctru.a(synchronization.o)
                0x00107000                LightLock_Unlock
 .text.RecursiveLock_Lock
                0x00107040       0x54 /opt/devkitpro/libctru/lib/libctru.a(synchronization.o)
                0x00107040                RecursiveLock_Lock
 .text.RecursiveLock_Unlock
                0x00107094       0x54 /opt/devkitpro/libctru/lib/libctru.a(synchronization.o)
                0x00107094                RecursiveLock_Unlock
 .text.LightEvent_Init
                0x001070e8       0x44 /opt/devkitpro/libctru/lib/libctru.a(synchronization.o)
                0x001070e8                LightEvent_Init
 .text.LightEvent_Clear
                0x0010712c       0xb8 /opt/devkitpro/libctru/lib/libctru.a(synchronization.o)
                0x0010712c                LightEvent_Clear
 .text.LightEvent_Signal
                0x001071e4       0xdc /opt/devkitpro/libctru/lib/libctru.a(synchronization.o)
                0x001071e4                LightEvent_Signal
 .text.LightEvent_TryWait
                0x001072c0       0x50 /opt/devkitpro/libctru/lib/libctru.a(synchronization.o)
                0x001072c0                LightEvent_TryWait
 .text.LightEvent_Wait
                0x00107310       0xac /opt/devkitpro/libctru/lib/libctru.a(synchronization.o)
                0x00107310                LightEvent_Wait
 .text.threadCreate
                0x001073bc      0x1fc /opt/devkitpro/libctru/lib/libctru.a(thread.o)
                0x001073bc                threadCreate
 .text.threadFree
                0x001075b8       0x38 /opt/devkitpro/libctru/lib/libctru.a(thread.o)
                0x001075b8                threadFree
 .text.threadJoin
                0x001075f0       0x24 /opt/devkitpro/libctru/lib/libctru.a(thread.o)
                0x001075f0                threadJoin
 .text.threadGetCurrent
                0x00107614       0x30 /opt/devkitpro/libctru/lib/libctru.a(thread.o)
                0x00107614                threadGetCurrent
 .text.threadExit
                0x00107644       0x40 /opt/devkitpro/libctru/lib/libctru.a(thread.o)
                0x00107644                threadExit
 .text._thread_begin
                0x00107684       0x20 /opt/devkitpro/libctru/lib/libctru.a(thread.o)
 .text.mappableFindAddressWithin
                0x001076a4       0x90 /opt/devkitpro/libctru/lib/libctru.a(mappable.o)
 .text.mappableInit
                0x00107734       0x28 /opt/devkitpro/libctru/lib/libctru.a(mappable.o)
                0x00107734                mappableInit
 .text.mappableAlloc
                0x0010775c       0x7c /opt/devkitpro/libctru/lib/libctru.a(mappable.o)
                0x0010775c                mappableAlloc
 .text.mappableFree
                0x001077d8        0x4 /opt/devkitpro/libctru/lib/libctru.a(mappable.o)
                0x001077d8                mappableFree
 .text.ptmSysmInit
                0x001077dc       0x78 /opt/devkitpro/libctru/lib/libctru.a(ptmsysm.o)
                0x001077dc                ptmSysmInit
 .text.ptmSysmExit
                0x00107854       0x3c /opt/devkitpro/libctru/lib/libctru.a(ptmsysm.o)
                0x00107854                ptmSysmExit
 .text.PTMSYSM_ConfigureNew3DSCPU
                0x00107890       0x34 /opt/devkitpro/libctru/lib/libctru.a(ptmsysm.o)
                0x00107890                PTMSYSM_ConfigureNew3DSCPU
 .text.srvPmGetSessionHandle
                0x001078c4        0xc /opt/devkitpro/libctru/lib/libctru.a(srvpm.o)
                0x001078c4                srvPmGetSessionHandle
 .text.rbtree_find
                0x001078d0       0x74 /opt/devkitpro/libctru/lib/libctru.a(rbtree_find.o)
                0x001078d0                rbtree_find
 .text.rbtree_init
                0x00107944       0x10 /opt/devkitpro/libctru/lib/libctru.a(rbtree_init.o)
                0x00107944                rbtree_init
 .text.do_insert
                0x00107954      0x198 /opt/devkitpro/libctru/lib/libctru.a(rbtree_insert.o)
 .text.rbtree_insert
                0x00107aec        0x8 /opt/devkitpro/libctru/lib/libctru.a(rbtree_insert.o)
                0x00107aec                rbtree_insert
 .text.rbtree_remove
                0x00107af4      0x310 /opt/devkitpro/libctru/lib/libctru.a(rbtree_remove.o)
                0x00107af4                rbtree_remove
 .text.rbtree_rotate
                0x00107e04       0x90 /opt/devkitpro/libctru/lib/libctru.a(rbtree_rotate.o)
                0x00107e04                rbtree_rotate
 *fill*         0x00107e94        0x4 
 .text.__system_allocateHeaps
                0x00107e98      0x1e8 /opt/devkitpro/libctru/lib/libctru.a(allocateHeaps.o)
                0x00107e98                __system_allocateHeaps
 .text.__appExit
                0x00108080       0x30 /opt/devkitpro/libctru/lib/libctru.a(appExit.o)
                0x00108080                __appExit
 .text.__appInit
                0x001080b0       0x30 /opt/devkitpro/libctru/lib/libctru.a(appInit.o)
                0x001080b0                __appInit
 .text.__libctru_exit
                0x001080e0       0x90 /opt/devkitpro/libctru/lib/libctru.a(ctru_exit.o)
                0x001080e0                __libctru_exit
 .text.error_cmp
                0x00108170       0x24 /opt/devkitpro/libctru/lib/libctru.a(archive_dev.o)
 .text.archive_translate_error
                0x00108194       0x50 /opt/devkitpro/libctru/lib/libctru.a(archive_dev.o)
 .text.archive_seek
                0x001081e4       0xc0 /opt/devkitpro/libctru/lib/libctru.a(archive_dev.o)
 .text._archiveInit.part.0
                0x001082a4       0x78 /opt/devkitpro/libctru/lib/libctru.a(archive_dev.o)
 .text.archiveFindDevice.part.0
                0x0010831c      0x110 /opt/devkitpro/libctru/lib/libctru.a(archive_dev.o)
 .text.archive_utf16path
                0x0010842c      0x298 /opt/devkitpro/libctru/lib/libctru.a(archive_dev.o)
 .text._archiveUnmountDeviceStruct.part.0
                0x001086c4       0x98 /opt/devkitpro/libctru/lib/libctru.a(archive_dev.o)
 .text._archiveMountDevice
                0x0010875c      0x178 /opt/devkitpro/libctru/lib/libctru.a(archive_dev.o)
 .text.archive_diropen
                0x001088d4       0xf8 /opt/devkitpro/libctru/lib/libctru.a(archive_dev.o)
 .text.archive_fstat
                0x001089cc       0xac /opt/devkitpro/libctru/lib/libctru.a(archive_dev.o)
 .text.archive_fsync
                0x00108a78       0x74 /opt/devkitpro/libctru/lib/libctru.a(archive_dev.o)
 .text.archive_close
                0x00108aec       0x74 /opt/devkitpro/libctru/lib/libctru.a(archive_dev.o)
 .text.archive_dirclose
                0x00108b60       0x78 /opt/devkitpro/libctru/lib/libctru.a(archive_dev.o)
 .text.sdmc_statvfs
                0x00108bd8       0xec /opt/devkitpro/libctru/lib/libctru.a(archive_dev.o)
 .text.archive_chdir
                0x00108cc4       0xf8 /opt/devkitpro/libctru/lib/libctru.a(archive_dev.o)
 .text.archive_ftruncate
                0x00108dbc       0x8c /opt/devkitpro/libctru/lib/libctru.a(archive_dev.o)
 .text.archive_read
                0x00108e48       0xbc /opt/devkitpro/libctru/lib/libctru.a(archive_dev.o)
 .text.archive_unlink
                0x00108f04       0xa8 /opt/devkitpro/libctru/lib/libctru.a(archive_dev.o)
 .text.archive_rmdir
                0x00108fac       0xc0 /opt/devkitpro/libctru/lib/libctru.a(archive_dev.o)
 .text.archive_mkdir
                0x0010906c       0xd8 /opt/devkitpro/libctru/lib/libctru.a(archive_dev.o)
 .text.archive_stat
                0x00109144      0x1a0 /opt/devkitpro/libctru/lib/libctru.a(archive_dev.o)
 .text.archive_dirnext
                0x001092e4      0x164 /opt/devkitpro/libctru/lib/libctru.a(archive_dev.o)
 .text.archive_write
                0x00109448      0x13c /opt/devkitpro/libctru/lib/libctru.a(archive_dev.o)
 *fill*         0x00109584        0x4 
 .text.archive_open
                0x00109588      0x254 /opt/devkitpro/libctru/lib/libctru.a(archive_dev.o)
 .text.archive_rename
                0x001097dc      0x270 /opt/devkitpro/libctru/lib/libctru.a(archive_dev.o)
 .text.archiveMountSdmc
                0x00109a4c      0x1c8 /opt/devkitpro/libctru/lib/libctru.a(archive_dev.o)
                0x00109a4c                archiveMountSdmc
 .text.archiveUnmountAll
                0x00109c14       0x54 /opt/devkitpro/libctru/lib/libctru.a(archive_dev.o)
                0x00109c14                archiveUnmountAll
 .text.fsInit   0x00109c68      0x104 /opt/devkitpro/libctru/lib/libctru.a(fs.o)
                0x00109c68                fsInit
 .text.fsExit   0x00109d6c       0x3c /opt/devkitpro/libctru/lib/libctru.a(fs.o)
                0x00109d6c                fsExit
 .text.fsExemptFromSession
                0x00109da8       0x68 /opt/devkitpro/libctru/lib/libctru.a(fs.o)
                0x00109da8                fsExemptFromSession
 .text.fsUnexemptFromSession
                0x00109e10       0x50 /opt/devkitpro/libctru/lib/libctru.a(fs.o)
                0x00109e10                fsUnexemptFromSession
 .text.FSUSER_OpenFile
                0x00109e60       0xcc /opt/devkitpro/libctru/lib/libctru.a(fs.o)
                0x00109e60                FSUSER_OpenFile
 .text.FSUSER_DeleteFile
                0x00109f2c       0xb8 /opt/devkitpro/libctru/lib/libctru.a(fs.o)
                0x00109f2c                FSUSER_DeleteFile
 .text.FSUSER_RenameFile
                0x00109fe4       0xf4 /opt/devkitpro/libctru/lib/libctru.a(fs.o)
                0x00109fe4                FSUSER_RenameFile
 .text.FSUSER_DeleteDirectory
                0x0010a0d8       0xb8 /opt/devkitpro/libctru/lib/libctru.a(fs.o)
                0x0010a0d8                FSUSER_DeleteDirectory
 .text.FSUSER_CreateFile
                0x0010a190       0xd0 /opt/devkitpro/libctru/lib/libctru.a(fs.o)
                0x0010a190                FSUSER_CreateFile
 .text.FSUSER_CreateDirectory
                0x0010a260       0xc0 /opt/devkitpro/libctru/lib/libctru.a(fs.o)
                0x0010a260                FSUSER_CreateDirectory
 .text.FSUSER_RenameDirectory
                0x0010a320       0xf4 /opt/devkitpro/libctru/lib/libctru.a(fs.o)
                0x0010a320                FSUSER_RenameDirectory
 .text.FSUSER_OpenDirectory
                0x0010a414       0xb4 /opt/devkitpro/libctru/lib/libctru.a(fs.o)
                0x0010a414                FSUSER_OpenDirectory
 .text.FSUSER_OpenArchive
                0x0010a4c8       0x90 /opt/devkitpro/libctru/lib/libctru.a(fs.o)
                0x0010a4c8                FSUSER_OpenArchive
 .text.FSUSER_CloseArchive
                0x0010a558       0x8c /opt/devkitpro/libctru/lib/libctru.a(fs.o)
                0x0010a558                FSUSER_CloseArchive
 .text.FSUSER_GetSdmcArchiveResource
                0x0010a5e4       0x74 /opt/devkitpro/libctru/lib/libctru.a(fs.o)
                0x0010a5e4                FSUSER_GetSdmcArchiveResource
 .text.FSUSER_IsSdmcWritable
                0x0010a658       0x64 /opt/devkitpro/libctru/lib/libctru.a(fs.o)
                0x0010a658                FSUSER_IsSdmcWritable
 .text.FSFILE_Read
                0x0010a6bc       0x64 /opt/devkitpro/libctru/lib/libctru.a(fs.o)
                0x0010a6bc                FSFILE_Read
 .text.FSFILE_Write
                0x0010a720       0x6c /opt/devkitpro/libctru/lib/libctru.a(fs.o)
                0x0010a720                FSFILE_Write
 .text.FSFILE_GetSize
                0x0010a78c       0x44 /opt/devkitpro/libctru/lib/libctru.a(fs.o)
                0x0010a78c                FSFILE_GetSize
 .text.FSFILE_SetSize
                0x0010a7d0       0x28 /opt/devkitpro/libctru/lib/libctru.a(fs.o)
                0x0010a7d0                FSFILE_SetSize
 .text.FSFILE_Close
                0x0010a7f8       0x3c /opt/devkitpro/libctru/lib/libctru.a(fs.o)
                0x0010a7f8                FSFILE_Close
 .text.FSFILE_Flush
                0x0010a834       0x24 /opt/devkitpro/libctru/lib/libctru.a(fs.o)
                0x0010a834                FSFILE_Flush
 .text.FSDIR_Read
                0x0010a858       0x60 /opt/devkitpro/libctru/lib/libctru.a(fs.o)
                0x0010a858                FSDIR_Read
 .text.FSDIR_Close
                0x0010a8b8       0x3c /opt/devkitpro/libctru/lib/libctru.a(fs.o)
                0x0010a8b8                FSDIR_Close
 .text.rbtree_node_next
                0x0010a8f4       0x60 /opt/devkitpro/libctru/lib/libctru.a(rbtree_iterator.o)
                0x0010a8f4                rbtree_node_next
 .text.decode_utf8
                0x0010a954      0x140 /opt/devkitpro/libctru/lib/libctru.a(decode_utf8.o)
                0x0010a954                decode_utf8
 .text.utf16_to_utf8
                0x0010aa94       0xe8 /opt/devkitpro/libctru/lib/libctru.a(utf16_to_utf8.o)
                0x0010aa94                utf16_to_utf8
 .text.utf8_to_utf16
                0x0010ab7c       0xc0 /opt/devkitpro/libctru/lib/libctru.a(utf8_to_utf16.o)
                0x0010ab7c                utf8_to_utf16
 .text.__aeabi_read_tp
                0x0010ac3c        0xc /opt/devkitpro/libctru/lib/libctru.a(readtp.o)
                0x0010ac3c                __aeabi_read_tp
 .text.decode_utf16
                0x0010ac48       0x54 /opt/devkitpro/libctru/lib/libctru.a(decode_utf16.o)
                0x0010ac48                decode_utf16
 .text.encode_utf16
                0x0010ac9c       0x54 /opt/devkitpro/libctru/lib/libctru.a(encode_utf16.o)
                0x0010ac9c                encode_utf16
 .text.encode_utf8
                0x0010acf0       0xe0 /opt/devkitpro/libctru/lib/libctru.a(encode_utf8.o)
                0x0010acf0                encode_utf8
 .text.__udivmoddi4
                0x0010add0      0x130 /opt/devkitpro/devkitARM/lib/gcc/arm-none-eabi/15.2.0/armv6k/fpu/libgcc.a(_udivmoddi4.o)
                0x0010add0                __udivmoddi4
 .text.strncat  0x0010af00       0xe4 /opt/devkitpro/devkitARM/lib/gcc/arm-none-eabi/15.2.0/../../../../arm-none-eabi/lib/armv6k/fpu/libg.a(libc_a-strncat.o)
                0x0010af00                strncat
 .text.ftell    0x0010afe4       0x34 /opt/devkitpro/devkitARM/lib/gcc/arm-none-eabi/15.2.0/../../../../arm-none-eabi/lib/armv6k/fpu/libg.a(libc_a-ftell.o)
                0x0010afe4                ftell
 .text.srand    0x0010b018       0x1c /opt/devkitpro/devkitARM/lib/gcc/arm-none-eabi/15.2.0/../../../../arm-none-eabi/lib/armv6k/fpu/libg.a(libc_a-rand.o)
                0x0010b018                srand
 .text.rand     0x0010b034       0x44 /opt/devkitpro/devkitARM/lib/gcc/arm-none-eabi/15.2.0/../../../../arm-none-eabi/lib/armv6k/fpu/libg.a(libc_a-rand.o)
                0x0010b034                rand
 .text.critical_factorization
                0x0010b078      0x130 /opt/devkitpro/devkitARM/lib/gcc/arm-none-eabi/15.2.0/../../../../arm-none-eabi/lib/armv6k/fpu/libg.a(libc_a-strstr.o)
 .text.two_way_long_needle
                0x0010b1a8      0x33c /opt/devkitpro/devkitARM/lib/gcc/arm-none-eabi/15.2.0/../../../../arm-none-eabi/lib/armv6k/fpu/libg.a(libc_a-strstr.o)
 .text.strstr   0x0010b4e4      0x238 /opt/devkitpro/devkitARM/lib/gcc/arm-none-eabi/15.2.0/../../../../arm-none-eabi/lib/armv6k/fpu/libg.a(libc_a-strstr.o)
                0x0010b4e4                strstr
 .text.memcpy   0x0010b71c      0x128 /opt/devkitpro/devkitARM/lib/gcc/arm-none-eabi/15.2.0/../../../../arm-none-eabi/lib/armv6k/fpu/libg.a(libc_a-memcpy-stub.o)
                0x0010b71c                memcpy
 .text.strlen   0x0010b844       0x8c /opt/devkitpro/devkitARM/lib/gcc/arm-none-eabi/15.2.0/../../../../arm-none-eabi/lib/armv6k/fpu/libg.a(libc_a-strlen.o)
                0x0010b844                strlen
 .text._fread_r
                0x0010b8d0      0x334 /opt/devkitpro/devkitARM/lib/gcc/arm-none-eabi/15.2.0/../../../../arm-none-eabi/lib/armv6k/fpu/libg.a(libc_a-fread.o)
                0x0010b8d0                _fread_r
 .text.fread    0x0010bc04       0x38 /opt/devkitpro/devkitARM/lib/gcc/arm-none-eabi/15.2.0/../../../../arm-none-eabi/lib/armv6k/fpu/libg.a(libc_a-fread.o)
                0x0010bc04                fread
 .text.bsearch  0x0010bc3c       0x78 /opt/devkitpro/devkitARM/lib/gcc/arm-none-eabi/15.2.0/../../../../arm-none-eabi/lib/armv6k/fpu/libg.a(libc_a-bsearch.o)
                0x0010bc3c                bsearch
 .text._fopen_r
                0x0010bcb4      0x134 /opt/devkitpro/devkitARM/lib/gcc/arm-none-eabi/15.2.0/../../../../arm-none-eabi/lib/armv6k/fpu/libg.a(libc_a-fopen.o)
                0x0010bcb4                _fopen_r
 .text.fopen    0x0010bde8       0x28 /opt/devkitpro/devkitARM/lib/gcc/arm-none-eabi/15.2.0/../../../../arm-none-eabi/lib/armv6k/fpu/libg.a(libc_a-fopen.o)
                0x0010bde8                fopen
 .text.memalign
                0x0010be10       0x28 /opt/devkitpro/devkitARM/lib/gcc/arm-none-eabi/15.2.0/../../../../arm-none-eabi/lib/armv6k/fpu/libg.a(libc_a-malign.o)
                0x0010be10                memalign
 .text.snprintf
                0x0010be38       0xa0 /opt/devkitpro/devkitARM/lib/gcc/arm-none-eabi/15.2.0/../../../../arm-none-eabi/lib/armv6k/fpu/libg.a(libc_a-snprintf.o)
                0x0010be38                snprintf
 .text.printf   0x0010bed8       0x34 /opt/devkitpro/devkitARM/lib/gcc/arm-none-eabi/15.2.0/../../../../arm-none-eabi/lib/armv6k/fpu/libg.a(libc_a-printf.o)
                0x0010bed8                printf
 .text._strtoul_l.isra.0
                0x0010bf0c      0x1ec /opt/devkitpro/devkitARM/lib/gcc/arm-none-eabi/15.2.0/../../../../arm-none-eabi/lib/armv6k/fpu/libg.a(libc_a-strtoul.o)
 .text.strtoul  0x0010c0f8       0x3c /opt/devkitpro/devkitARM/lib/gcc/arm-none-eabi/15.2.0/../../../../arm-none-eabi/lib/armv6k/fpu/libg.a(libc_a-strtoul.o)
                0x0010c0f8                strtoul
 .text.strchr   0x0010c134      0x140 /opt/devkitpro/devkitARM/lib/gcc/arm-none-eabi/15.2.0/../../../../arm-none-eabi/lib/armv6k/fpu/libg.a(libc_a-strchr.o)
                0x0010c134                strchr
 .text.memcmp   0x0010c274       0xd8 /opt/devkitpro/devkitARM/lib/gcc/arm-none-eabi/15.2.0/../../../../arm-none-eabi/lib/armv6k/fpu/libg.a(libc_a-memcmp.o)
                0x0010c274                memcmp
 .text._memalign_r
                0x0010c34c      0x16c /opt/devkitpro/devkitARM/lib/gcc/arm-none-eabi/15.2.0/../../../../arm-none-eabi/lib/armv6k/fpu/libg.a(libc_a-malignr.o)
                0x0010c34c                _memalign_r
 .text.__errno  0x0010c4b8        0xc /opt/devkitpro/devkitARM/lib/gcc/arm-none-eabi/15.2.0/../../../../arm-none-eabi/lib/armv6k/fpu/libg.a(libc_a-errno.o)
                0x0010c4b8                __errno
 .text.__smakebuf_r
                0x0010c4c4      0x164 /opt/devkitpro/devkitARM/lib/gcc/arm-none-eabi/15.2.0/../../../../arm-none-eabi/lib/armv6k/fpu/libg.a(libc_a-makebuf.o)
                0x0010c4c4                __smakebuf_r
 .text.__swhatbuf_r
                0x0010c628       0x90 /opt/devkitpro/devkitARM/lib/gcc/arm-none-eabi/15.2.0/../../../../arm-none-eabi/lib/armv6k/fpu/libg.a(libc_a-makebuf.o)
                0x0010c628                __swhatbuf_r
 .text.memset   0x0010c6b8       0xe4 /opt/devkitpro/devkitARM/lib/gcc/arm-none-eabi/15.2.0/../../../../arm-none-eabi/lib/armv6k/fpu/libg.a(libc_a-memset.o)
                0x0010c6b8                memset
 .text.__sflush_r
                0x0010c79c      0x22c /opt/devkitpro/devkitARM/lib/gcc/arm-none-eabi/15.2.0/../../../../arm-none-eabi/lib/armv6k/fpu/libg.a(libc_a-fflush.o)
                0x0010c79c                __sflush_r
 .text._fflush_r
                0x0010c9c8       0xc4 /opt/devkitpro/devkitARM/lib/gcc/arm-none-eabi/15.2.0/../../../../arm-none-eabi/lib/armv6k/fpu/libg.a(libc_a-fflush.o)
                0x0010c9c8                _fflush_r
 .text._fwrite_r
                0x0010ca8c      0x104 /opt/devkitpro/devkitARM/lib/gcc/arm-none-eabi/15.2.0/../../../../arm-none-eabi/lib/armv6k/fpu/libg.a(libc_a-fwrite.o)
                0x0010ca8c                _fwrite_r
 .text.fwrite   0x0010cb90       0x38 /opt/devkitpro/devkitARM/lib/gcc/arm-none-eabi/15.2.0/../../../../arm-none-eabi/lib/armv6k/fpu/libg.a(libc_a-fwrite.o)
                0x0010cb90                fwrite
 .text._ftello_r
                0x0010cbc8      0x1c4 /opt/devkitpro/devkitARM/lib/gcc/arm-none-eabi/15.2.0/../../../../arm-none-eabi/lib/armv6k/fpu/libg.a(libc_a-ftello.o)
                0x0010cbc8                _ftello_r
 .text._malloc_r
                0x0010cd8c      0x82c /opt/devkitpro/devkitARM/lib/gcc/arm-none-eabi/15.2.0/../../../../arm-none-eabi/lib/armv6k/fpu/libg.a(libc_a-mallocr.o)
                0x0010cd8c                _malloc_r
 .text._malloc_trim_r
                0x0010d5b8      0x114 /opt/devkitpro/devkitARM/lib/gcc/arm-none-eabi/15.2.0/../../../../arm-none-eabi/lib/armv6k/fpu/libg.a(libc_a-freer.o)
                0x0010d5b8                _malloc_trim_r
 .text._free_r  0x0010d6cc      0x314 /opt/devkitpro/devkitARM/lib/gcc/arm-none-eabi/15.2.0/../../../../arm-none-eabi/lib/armv6k/fpu/libg.a(libc_a-freer.o)
                0x0010d6cc                _free_r
 .text.setvbuf  0x0010d9e0      0x294 /opt/devkitpro/devkitARM/lib/gcc/arm-none-eabi/15.2.0/../../../../arm-none-eabi/lib/armv6k/fpu/libg.a(libc_a-setvbuf.o)
                0x0010d9e0                setvbuf
 .text.stdio_exit_handler
                0x0010dc74       0x1c /opt/devkitpro/devkitARM/lib/gcc/arm-none-eabi/15.2.0/../../../../arm-none-eabi/lib/armv6k/fpu/libg.a(libc_a-findfp.o)
 .text.cleanup_stdio
                0x0010dc90       0x5c /opt/devkitpro/devkitARM/lib/gcc/arm-none-eabi/15.2.0/../../../../arm-none-eabi/lib/armv6k/fpu/libg.a(libc_a-findfp.o)
 .text.global_stdio_init.part.0
                0x0010dcec      0x154 /opt/devkitpro/devkitARM/lib/gcc/arm-none-eabi/15.2.0/../../../../arm-none-eabi/lib/armv6k/fpu/libg.a(libc_a-findfp.o)
 .text.__sfp    0x0010de40      0x138 /opt/devkitpro/devkitARM/lib/gcc/arm-none-eabi/15.2.0/../../../../arm-none-eabi/lib/armv6k/fpu/libg.a(libc_a-findfp.o)
                0x0010de40                __sfp
 .text.__sinit  0x0010df78       0x5c /opt/devkitpro/devkitARM/lib/gcc/arm-none-eabi/15.2.0/../../../../arm-none-eabi/lib/armv6k/fpu/libg.a(libc_a-findfp.o)
                0x0010df78                __sinit
 .text.__sfp_lock_acquire
                0x0010dfd4        0xc /opt/devkitpro/devkitARM/lib/gcc/arm-none-eabi/15.2.0/../../../../arm-none-eabi/lib/armv6k/fpu/libg.a(libc_a-findfp.o)
                0x0010dfd4                __sfp_lock_acquire
 .text.__sfp_lock_release
                0x0010dfe0        0xc /opt/devkitpro/devkitARM/lib/gcc/arm-none-eabi/15.2.0/../../../../arm-none-eabi/lib/armv6k/fpu/libg.a(libc_a-findfp.o)
                0x0010dfe0                __sfp_lock_release
 .text.__libc_init_array
                0x0010dfec       0x84 /opt/devkitpro/devkitARM/lib/gcc/arm-none-eabi/15.2.0/../../../../arm-none-eabi/lib/armv6k/fpu/libg.a(libc_a-init.o)
                0x0010dfec                __libc_init_array
 .text.strncpy  0x0010e070       0xd4 /opt/devkitpro/devkitARM/lib/gcc/arm-none-eabi/15.2.0/../../../../arm-none-eabi/lib/armv6k/fpu/libg.a(libc_a-strncpy.o)
                0x0010e070                strncpy
 .text._fseek_r
                0x0010e144       0x1c /opt/devkitpro/devkitARM/lib/gcc/arm-none-eabi/15.2.0/../../../../arm-none-eabi/lib/armv6k/fpu/libg.a(libc_a-fseek.o)
                0x0010e144                _fseek_r
 .text.fseek    0x0010e160       0x34 /opt/devkitpro/devkitARM/lib/gcc/arm-none-eabi/15.2.0/../../../../arm-none-eabi/lib/armv6k/fpu/libg.a(libc_a-fseek.o)
                0x0010e160                fseek
 .text.malloc   0x0010e194       0x40 /opt/devkitpro/devkitARM/lib/gcc/arm-none-eabi/15.2.0/../../../../arm-none-eabi/lib/armv6k/fpu/libg.a(libc_a-malloc.o)
                0x0010e194                malloc
 .text.free     0x0010e1d4       0x20 /opt/devkitpro/devkitARM/lib/gcc/arm-none-eabi/15.2.0/../../../../arm-none-eabi/lib/armv6k/fpu/libg.a(libc_a-malloc.o)
                0x0010e1d4                free
 .text._puts_r  0x0010e1f4       0xe0 /opt/devkitpro/devkitARM/lib/gcc/arm-none-eabi/15.2.0/../../../../arm-none-eabi/lib/armv6k/fpu/libg.a(libc_a-puts.o)
                0x0010e1f4                _puts_r
 .text.puts     0x0010e2d4       0x20 /opt/devkitpro/devkitARM/lib/gcc/arm-none-eabi/15.2.0/../../../../arm-none-eabi/lib/armv6k/fpu/libg.a(libc_a-puts.o)
                0x0010e2d4                puts
 .text.__sread  0x0010e2f4       0x44 /opt/devkitpro/devkitARM/lib/gcc/arm-none-eabi/15.2.0/../../../../arm-none-eabi/lib/armv6k/fpu/libg.a(libc_a-stdio.o)
                0x0010e2f4                __sread
 .text.__swrite
                0x0010e338       0x68 /opt/devkitpro/devkitARM/lib/gcc/arm-none-eabi/15.2.0/../../../../arm-none-eabi/lib/armv6k/fpu/libg.a(libc_a-stdio.o)
                0x0010e338                __swrite
 .text.__sseek  0x0010e3a0       0x40 /opt/devkitpro/devkitARM/lib/gcc/arm-none-eabi/15.2.0/../../../../arm-none-eabi/lib/armv6k/fpu/libg.a(libc_a-stdio.o)
                0x0010e3a0                __sseek
 .text.__sclose
                0x0010e3e0        0x8 /opt/devkitpro/devkitARM/lib/gcc/arm-none-eabi/15.2.0/../../../../arm-none-eabi/lib/armv6k/fpu/libg.a(libc_a-stdio.o)
                0x0010e3e0                __sclose
 .text.__malloc_lock
                0x0010e3e8        0xc /opt/devkitpro/devkitARM/lib/gcc/arm-none-eabi/15.2.0/../../../../arm-none-eabi/lib/armv6k/fpu/libg.a(libc_a-mlock.o)
                0x0010e3e8                __malloc_lock
 .text.__malloc_unlock
                0x0010e3f4        0xc /opt/devkitpro/devkitARM/lib/gcc/arm-none-eabi/15.2.0/../../../../arm-none-eabi/lib/armv6k/fpu/libg.a(libc_a-mlock.o)
                0x0010e3f4                __malloc_unlock
 .text._fseeko_r
                0x0010e400      0x588 /opt/devkitpro/devkitARM/lib/gcc/arm-none-eabi/15.2.0/../../../../arm-none-eabi/lib/armv6k/fpu/libg.a(libc_a-fseeko.o)
                0x0010e400                _fseeko_r
 .text._fclose_r
                0x0010e988      0x148 /opt/devkitpro/devkitARM/lib/gcc/arm-none-eabi/15.2.0/../../../../arm-none-eabi/lib/armv6k/fpu/libg.a(libc_a-fclose.o)
                0x0010e988                _fclose_r
 .text.fclose   0x0010ead0       0x20 /opt/devkitpro/devkitARM/lib/gcc/arm-none-eabi/15.2.0/../../../../arm-none-eabi/lib/armv6k/fpu/libg.a(libc_a-fclose.o)
                0x0010ead0                fclose
 .text.__call_exitprocs
                0x0010eaf0        0x4 /opt/devkitpro/devkitARM/lib/gcc/arm-none-eabi/15.2.0/../../../../arm-none-eabi/lib/armv6k/fpu/libg.a(libc_a-exit.o)
                0x0010eaf0                __call_exitprocs
 .text.exit     0x0010eaf4       0x30 /opt/devkitpro/devkitARM/lib/gcc/arm-none-eabi/15.2.0/../../../../arm-none-eabi/lib/armv6k/fpu/libg.a(libc_a-exit.o)
                0x0010eaf4                exit
 .text.get_arg  0x0010eb24      0x5e0 /opt/devkitpro/devkitARM/lib/gcc/arm-none-eabi/15.2.0/../../../../arm-none-eabi/lib/armv6k/fpu/libg.a(libc_a-svfprintf.o)
 *fill*         0x0010f104        0x4 
 .text._svfprintf_r
                0x0010f108     0x345c /opt/devkitpro/devkitARM/lib/gcc/arm-none-eabi/15.2.0/../../../../arm-none-eabi/lib/armv6k/fpu/libg.a(libc_a-svfprintf.o)
                0x0010f108                _svfprintf_r
 .text.__sflags
                0x00112564       0xb8 /opt/devkitpro/devkitARM/lib/gcc/arm-none-eabi/15.2.0/../../../../arm-none-eabi/lib/armv6k/fpu/libg.a(libc_a-flags.o)
                0x00112564                __sflags
 .text.__libc_fini_array
                0x0011261c       0x3c /opt/devkitpro/devkitARM/lib/gcc/arm-none-eabi/15.2.0/../../../../arm-none-eabi/lib/armv6k/fpu/libg.a(libc_a-fini.o)
                0x0011261c                __libc_fini_array
 .text.strnlen  0x00112658       0x3c /opt/devkitpro/devkitARM/lib/gcc/arm-none-eabi/15.2.0/../../../../arm-none-eabi/lib/armv6k/fpu/libg.a(libc_a-strnlen.o)
                0x00112658                strnlen
 .text.strncmp  0x00112694       0xd8 /opt/devkitpro/devkitARM/lib/gcc/arm-none-eabi/15.2.0/../../../../arm-none-eabi/lib/armv6k/fpu/libg.a(libc_a-strncmp.o)
                0x00112694                strncmp
 .text.lflush   0x0011276c       0x38 /opt/devkitpro/devkitARM/lib/gcc/arm-none-eabi/15.2.0/../../../../arm-none-eabi/lib/armv6k/fpu/libg.a(libc_a-refill.o)
 .text.__srefill_r
                0x001127a4      0x1a8 /opt/devkitpro/devkitARM/lib/gcc/arm-none-eabi/15.2.0/../../../../arm-none-eabi/lib/armv6k/fpu/libg.a(libc_a-refill.o)
                0x001127a4                __srefill_r
 *fill*         0x0011294c        0x4 
 .text.frexp    0x00112950       0x88 /opt/devkitpro/devkitARM/lib/gcc/arm-none-eabi/15.2.0/../../../../arm-none-eabi/lib/armv6k/fpu/libg.a(libm_a-s_frexp.o)
                0x00112950                frexp
 .text._fwalk_sglue
                0x001129d8       0x70 /opt/devkitpro/devkitARM/lib/gcc/arm-none-eabi/15.2.0/../../../../arm-none-eabi/lib/armv6k/fpu/libg.a(libc_a-fwalk.o)
                0x001129d8                _fwalk_sglue
 .text.get_arg  0x00112a48      0x5e0 /opt/devkitpro/devkitARM/lib/gcc/arm-none-eabi/15.2.0/../../../../arm-none-eabi/lib/armv6k/fpu/libg.a(libc_a-vfprintf.o)
 .text._vfprintf_r
                0x00113028     0x3554 /opt/devkitpro/devkitARM/lib/gcc/arm-none-eabi/15.2.0/../../../../arm-none-eabi/lib/armv6k/fpu/libg.a(libc_a-vfprintf.o)
                0x00113028                _vfprintf_r
 .text.__sbprintf
                0x0011657c       0xb4 /opt/devkitpro/devkitARM/lib/gcc/arm-none-eabi/15.2.0/../../../../arm-none-eabi/lib/armv6k/fpu/libg.a(libc_a-vfprintf.o)
 .text._wcrtomb_r
                0x00116630       0xa0 /opt/devkitpro/devkitARM/lib/gcc/arm-none-eabi/15.2.0/../../../../arm-none-eabi/lib/armv6k/fpu/libg.a(libc_a-wcrtomb.o)
                0x00116630                _wcrtomb_r
 .text.__ssprint_r
                0x001166d0       0xa4 /opt/devkitpro/devkitARM/lib/gcc/arm-none-eabi/15.2.0/../../../../arm-none-eabi/lib/armv6k/fpu/libg.a(libc_a-ssprint_r.o)
                0x001166d0                __ssprint_r
 .text.__sfvwrite_r
                0x00116774      0x4a4 /opt/devkitpro/devkitARM/lib/gcc/arm-none-eabi/15.2.0/../../../../arm-none-eabi/lib/armv6k/fpu/libg.a(libc_a-fvwrite.o)
                0x00116774                __sfvwrite_r
 .text.__locale_mb_cur_max
                0x00116c18       0x24 /opt/devkitpro/devkitARM/lib/gcc/arm-none-eabi/15.2.0/../../../../arm-none-eabi/lib/armv6k/fpu/libg.a(libc_a-locale.o)
                0x00116c18                __locale_mb_cur_max
 .text.__sprint_r
                0x00116c3c       0x30 /opt/devkitpro/devkitARM/lib/gcc/arm-none-eabi/15.2.0/../../../../arm-none-eabi/lib/armv6k/fpu/libg.a(libc_a-sprint_r.o)
                0x00116c3c                __sprint_r
 .text.quorem   0x00116c6c      0x1c0 /opt/devkitpro/devkitARM/lib/gcc/arm-none-eabi/15.2.0/../../../../arm-none-eabi/lib/armv6k/fpu/libg.a(libc_a-dtoa.o)
 *fill*         0x00116e2c        0x4 
 .text._dtoa_r  0x00116e30     0x1420 /opt/devkitpro/devkitARM/lib/gcc/arm-none-eabi/15.2.0/../../../../arm-none-eabi/lib/armv6k/fpu/libg.a(libc_a-dtoa.o)
                0x00116e30                _dtoa_r
 .text.memchr   0x00118250       0xe8 /opt/devkitpro/devkitARM/lib/gcc/arm-none-eabi/15.2.0/../../../../arm-none-eabi/lib/armv6k/fpu/libg.a(libc_a-memchr-stub.o)
                0x00118250                memchr
 .text._wcsrtombs_r
                0x00118338       0x28 /opt/devkitpro/devkitARM/lib/gcc/arm-none-eabi/15.2.0/../../../../arm-none-eabi/lib/armv6k/fpu/libg.a(libc_a-wcsrtombs.o)
                0x00118338                _wcsrtombs_r
 .text.__swsetup_r
                0x00118360      0x140 /opt/devkitpro/devkitARM/lib/gcc/arm-none-eabi/15.2.0/../../../../arm-none-eabi/lib/armv6k/fpu/libg.a(libc_a-wsetup.o)
                0x00118360                __swsetup_r
 .text._localeconv_r
                0x001184a0       0x24 /opt/devkitpro/devkitARM/lib/gcc/arm-none-eabi/15.2.0/../../../../arm-none-eabi/lib/armv6k/fpu/libg.a(libc_a-localeconv.o)
                0x001184a0                _localeconv_r
 .text.memmove  0x001184c4      0x1a8 /opt/devkitpro/devkitARM/lib/gcc/arm-none-eabi/15.2.0/../../../../arm-none-eabi/lib/armv6k/fpu/libg.a(libc_a-memmove.o)
                0x001184c4                memmove
 .text._realloc_r
                0x0011866c      0x4f0 /opt/devkitpro/devkitARM/lib/gcc/arm-none-eabi/15.2.0/../../../../arm-none-eabi/lib/armv6k/fpu/libg.a(libc_a-reallocr.o)
                0x0011866c                _realloc_r
 .text.__ssputs_r
                0x00118b5c      0x12c /opt/devkitpro/devkitARM/lib/gcc/arm-none-eabi/15.2.0/../../../../arm-none-eabi/lib/armv6k/fpu/libg.a(libc_a-ssputs_r.o)
                0x00118b5c                __ssputs_r
 .text.__utf8_wctomb
                0x00118c88       0xf8 /opt/devkitpro/devkitARM/lib/gcc/arm-none-eabi/15.2.0/../../../../arm-none-eabi/lib/armv6k/fpu/libg.a(libc_a-wctomb_r.o)
                0x00118c88                __utf8_wctomb
 .text._wcsnrtombs_l
                0x00118d80      0x15c /opt/devkitpro/devkitARM/lib/gcc/arm-none-eabi/15.2.0/../../../../arm-none-eabi/lib/armv6k/fpu/libg.a(libc_a-wcsnrtombs.o)
                0x00118d80                _wcsnrtombs_l
 .text._wcsnrtombs_r
                0x00118edc       0x64 /opt/devkitpro/devkitARM/lib/gcc/arm-none-eabi/15.2.0/../../../../arm-none-eabi/lib/armv6k/fpu/libg.a(libc_a-wcsnrtombs.o)
                0x00118edc                _wcsnrtombs_r
 .text.__assert_func
                0x00118f40       0x5c /opt/devkitpro/devkitARM/lib/gcc/arm-none-eabi/15.2.0/../../../../arm-none-eabi/lib/armv6k/fpu/libg.a(libc_a-assert.o)
                0x00118f40                __assert_func
 .text._Balloc  0x00118f9c       0x88 /opt/devkitpro/devkitARM/lib/gcc/arm-none-eabi/15.2.0/../../../../arm-none-eabi/lib/armv6k/fpu/libg.a(libc_a-mprec.o)
                0x00118f9c                _Balloc
 .text._Bfree   0x00119024       0x1c /opt/devkitpro/devkitARM/lib/gcc/arm-none-eabi/15.2.0/../../../../arm-none-eabi/lib/armv6k/fpu/libg.a(libc_a-mprec.o)
                0x00119024                _Bfree
 .text.__multadd
                0x00119040       0xf4 /opt/devkitpro/devkitARM/lib/gcc/arm-none-eabi/15.2.0/../../../../arm-none-eabi/lib/armv6k/fpu/libg.a(libc_a-mprec.o)
                0x00119040                __multadd
 .text.__hi0bits
                0x00119134       0x80 /opt/devkitpro/devkitARM/lib/gcc/arm-none-eabi/15.2.0/../../../../arm-none-eabi/lib/armv6k/fpu/libg.a(libc_a-mprec.o)
                0x00119134                __hi0bits
 .text.__lo0bits
                0x001191b4       0xf0 /opt/devkitpro/devkitARM/lib/gcc/arm-none-eabi/15.2.0/../../../../arm-none-eabi/lib/armv6k/fpu/libg.a(libc_a-mprec.o)
                0x001191b4                __lo0bits
 .text.__i2b    0x001192a4       0xa4 /opt/devkitpro/devkitARM/lib/gcc/arm-none-eabi/15.2.0/../../../../arm-none-eabi/lib/armv6k/fpu/libg.a(libc_a-mprec.o)
                0x001192a4                __i2b
 .text.__multiply
                0x00119348      0x230 /opt/devkitpro/devkitARM/lib/gcc/arm-none-eabi/15.2.0/../../../../arm-none-eabi/lib/armv6k/fpu/libg.a(libc_a-mprec.o)
                0x00119348                __multiply
 .text.__pow5mult
                0x00119578      0x130 /opt/devkitpro/devkitARM/lib/gcc/arm-none-eabi/15.2.0/../../../../arm-none-eabi/lib/armv6k/fpu/libg.a(libc_a-mprec.o)
                0x00119578                __pow5mult
 .text.__lshift
                0x001196a8      0x138 /opt/devkitpro/devkitARM/lib/gcc/arm-none-eabi/15.2.0/../../../../arm-none-eabi/lib/armv6k/fpu/libg.a(libc_a-mprec.o)
                0x001196a8                __lshift
 .text.__mcmp   0x001197e0       0x58 /opt/devkitpro/devkitARM/lib/gcc/arm-none-eabi/15.2.0/../../../../arm-none-eabi/lib/armv6k/fpu/libg.a(libc_a-mprec.o)
                0x001197e0                __mcmp
 .text.__mdiff  0x00119838      0x218 /opt/devkitpro/devkitARM/lib/gcc/arm-none-eabi/15.2.0/../../../../arm-none-eabi/lib/armv6k/fpu/libg.a(libc_a-mprec.o)
                0x00119838                __mdiff
 .text.__d2b    0x00119a50      0x120 /opt/devkitpro/devkitARM/lib/gcc/arm-none-eabi/15.2.0/../../../../arm-none-eabi/lib/armv6k/fpu/libg.a(libc_a-mprec.o)
                0x00119a50                __d2b
 .text.__utf8_mbtowc
                0x00119b70      0x340 /opt/devkitpro/devkitARM/lib/gcc/arm-none-eabi/15.2.0/../../../../arm-none-eabi/lib/armv6k/fpu/libg.a(libc_a-mbtowc_r.o)
                0x00119b70                __utf8_mbtowc
 .text.fiprintf
                0x00119eb0       0x3c /opt/devkitpro/devkitARM/lib/gcc/arm-none-eabi/15.2.0/../../../../arm-none-eabi/lib/armv6k/fpu/libg.a(libc_a-fiprintf.o)
                0x00119eb0                fiprintf
 .text.abort    0x00119eec       0x14 /opt/devkitpro/devkitARM/lib/gcc/arm-none-eabi/15.2.0/../../../../arm-none-eabi/lib/armv6k/fpu/libg.a(libc_a-abort.o)
                0x00119eec                abort
 .text._calloc_r
                0x00119f00       0xd8 /opt/devkitpro/devkitARM/lib/gcc/arm-none-eabi/15.2.0/../../../../arm-none-eabi/lib/armv6k/fpu/libg.a(libc_a-callocr.o)
                0x00119f00                _calloc_r
 .text.get_arg  0x00119fd8      0x5e0 /opt/devkitpro/devkitARM/lib/gcc/arm-none-eabi/15.2.0/../../../../arm-none-eabi/lib/armv6k/fpu/libg.a(libc_a-vfiprintf.o)
 .text._vfiprintf_r
                0x0011a5b8     0x22f8 /opt/devkitpro/devkitARM/lib/gcc/arm-none-eabi/15.2.0/../../../../arm-none-eabi/lib/armv6k/fpu/libg.a(libc_a-vfiprintf.o)
                0x0011a5b8                _vfiprintf_r
 .text.__sbprintf
                0x0011c8b0       0xb4 /opt/devkitpro/devkitARM/lib/gcc/arm-none-eabi/15.2.0/../../../../arm-none-eabi/lib/armv6k/fpu/libg.a(libc_a-vfiprintf.o)
 .text._raise_r
                0x0011c964       0x9c /opt/devkitpro/devkitARM/lib/gcc/arm-none-eabi/15.2.0/../../../../arm-none-eabi/lib/armv6k/fpu/libg.a(libc_a-signal.o)
                0x0011c964                _raise_r
 .text.raise    0x0011ca00       0x20 /opt/devkitpro/devkitARM/lib/gcc/arm-none-eabi/15.2.0/../../../../arm-none-eabi/lib/armv6k/fpu/libg.a(libc_a-signal.o)
                0x0011ca00                raise
 .text._exit    0x0011ca20       0x20 /opt/devkitpro/devkitARM/lib/gcc/arm-none-eabi/15.2.0/../../../../arm-none-eabi/lib/armv6k/fpu/libsysbase.a(libsysbase_libsysbase_a-_exit.o)
                0x0011ca20                _exit
 .text.chdir    0x0011ca40      0x140 /opt/devkitpro/devkitARM/lib/gcc/arm-none-eabi/15.2.0/../../../../arm-none-eabi/lib/armv6k/fpu/libsysbase.a(libsysbase_libsysbase_a-chdir.o)
                0x0011ca40                chdir
 .text._concatenate_path
                0x0011cb80      0x1c8 /opt/devkitpro/devkitARM/lib/gcc/arm-none-eabi/15.2.0/../../../../arm-none-eabi/lib/armv6k/fpu/libsysbase.a(libsysbase_libsysbase_a-concatenate.o)
                0x0011cb80                _concatenate_path
 .text.__dirnext
                0x0011cd48       0x70 /opt/devkitpro/devkitARM/lib/gcc/arm-none-eabi/15.2.0/../../../../arm-none-eabi/lib/armv6k/fpu/libsysbase.a(libsysbase_libsysbase_a-dirent.o)
 .text.opendir  0x0011cdb8      0x114 /opt/devkitpro/devkitARM/lib/gcc/arm-none-eabi/15.2.0/../../../../arm-none-eabi/lib/armv6k/fpu/libsysbase.a(libsysbase_libsysbase_a-dirent.o)
                0x0011cdb8                opendir
 .text.closedir
                0x0011cecc       0x98 /opt/devkitpro/devkitARM/lib/gcc/arm-none-eabi/15.2.0/../../../../arm-none-eabi/lib/armv6k/fpu/libsysbase.a(libsysbase_libsysbase_a-dirent.o)
                0x0011cecc                closedir
 .text.readdir_r
                0x0011cf64       0xf8 /opt/devkitpro/devkitARM/lib/gcc/arm-none-eabi/15.2.0/../../../../arm-none-eabi/lib/armv6k/fpu/libsysbase.a(libsysbase_libsysbase_a-dirent.o)
                0x0011cf64                readdir_r
 .text.readdir  0x0011d05c       0x48 /opt/devkitpro/devkitARM/lib/gcc/arm-none-eabi/15.2.0/../../../../arm-none-eabi/lib/armv6k/fpu/libsysbase.a(libsysbase_libsysbase_a-dirent.o)
                0x0011d05c                readdir
 .text._fstat_r
                0x0011d0a4       0x9c /opt/devkitpro/devkitARM/lib/gcc/arm-none-eabi/15.2.0/../../../../arm-none-eabi/lib/armv6k/fpu/libsysbase.a(libsysbase_libsysbase_a-fstat.o)
                0x0011d0a4                _fstat_r
 .text._getpid_r
                0x0011d140       0x14 /opt/devkitpro/devkitARM/lib/gcc/arm-none-eabi/15.2.0/../../../../arm-none-eabi/lib/armv6k/fpu/libsysbase.a(libsysbase_libsysbase_a-getpid.o)
                0x0011d140                _getpid_r
 .text.__getreent
                0x0011d154       0x2c /opt/devkitpro/devkitARM/lib/gcc/arm-none-eabi/15.2.0/../../../../arm-none-eabi/lib/armv6k/fpu/libsysbase.a(libsysbase_libsysbase_a-getreent.o)
                0x0011d154                __getreent
 .text.__release_handle
                0x0011d180       0xa0 /opt/devkitpro/devkitARM/lib/gcc/arm-none-eabi/15.2.0/../../../../arm-none-eabi/lib/armv6k/fpu/libsysbase.a(libsysbase_libsysbase_a-handle_manager.o)
                0x0011d180                __release_handle
 .text.__alloc_handle
                0x0011d220       0xb0 /opt/devkitpro/devkitARM/lib/gcc/arm-none-eabi/15.2.0/../../../../arm-none-eabi/lib/armv6k/fpu/libsysbase.a(libsysbase_libsysbase_a-handle_manager.o)
                0x0011d220                __alloc_handle
 .text.__get_handle
                0x0011d2d0       0x58 /opt/devkitpro/devkitARM/lib/gcc/arm-none-eabi/15.2.0/../../../../arm-none-eabi/lib/armv6k/fpu/libsysbase.a(libsysbase_libsysbase_a-handle_manager.o)
                0x0011d2d0                __get_handle
 .text._close_r
                0x0011d328      0x110 /opt/devkitpro/devkitARM/lib/gcc/arm-none-eabi/15.2.0/../../../../arm-none-eabi/lib/armv6k/fpu/libsysbase.a(libsysbase_libsysbase_a-handle_manager.o)
                0x0011d328                _close_r
 .text.null_write
                0x0011d438        0x8 /opt/devkitpro/devkitARM/lib/gcc/arm-none-eabi/15.2.0/../../../../arm-none-eabi/lib/armv6k/fpu/libsysbase.a(libsysbase_libsysbase_a-iosupport.o)
 .text.setDefaultDevice
                0x0011d440       0x18 /opt/devkitpro/devkitARM/lib/gcc/arm-none-eabi/15.2.0/../../../../arm-none-eabi/lib/armv6k/fpu/libsysbase.a(libsysbase_libsysbase_a-iosupport.o)
                0x0011d440                setDefaultDevice
 .text.FindDevice
                0x0011d458       0x98 /opt/devkitpro/devkitARM/lib/gcc/arm-none-eabi/15.2.0/../../../../arm-none-eabi/lib/armv6k/fpu/libsysbase.a(libsysbase_libsysbase_a-iosupport.o)
                0x0011d458                FindDevice
 .text.RemoveDevice
                0x0011d4f0       0x24 /opt/devkitpro/devkitARM/lib/gcc/arm-none-eabi/15.2.0/../../../../arm-none-eabi/lib/armv6k/fpu/libsysbase.a(libsysbase_libsysbase_a-iosupport.o)
                0x0011d4f0                RemoveDevice
 .text.AddDevice
                0x0011d514       0x88 /opt/devkitpro/devkitARM/lib/gcc/arm-none-eabi/15.2.0/../../../../arm-none-eabi/lib/armv6k/fpu/libsysbase.a(libsysbase_libsysbase_a-iosupport.o)
                0x0011d514                AddDevice
 .text.GetDeviceOpTab
                0x0011d59c       0x20 /opt/devkitpro/devkitARM/lib/gcc/arm-none-eabi/15.2.0/../../../../arm-none-eabi/lib/armv6k/fpu/libsysbase.a(libsysbase_libsysbase_a-iosupport.o)
                0x0011d59c                GetDeviceOpTab
 .text._isatty_r
                0x0011d5bc        0x8 /opt/devkitpro/devkitARM/lib/gcc/arm-none-eabi/15.2.0/../../../../arm-none-eabi/lib/armv6k/fpu/libsysbase.a(libsysbase_libsysbase_a-isatty.o)
                0x0011d5bc                _isatty_r
 .text._kill_r  0x0011d5c4       0x14 /opt/devkitpro/devkitARM/lib/gcc/arm-none-eabi/15.2.0/../../../../arm-none-eabi/lib/armv6k/fpu/libsysbase.a(libsysbase_libsysbase_a-kill.o)
                0x0011d5c4                _kill_r
 .text._lseek_r
                0x0011d5d8       0x94 /opt/devkitpro/devkitARM/lib/gcc/arm-none-eabi/15.2.0/../../../../arm-none-eabi/lib/armv6k/fpu/libsysbase.a(libsysbase_libsysbase_a-lseek.o)
                0x0011d5d8                _lseek_r
 .text.mkdir    0x0011d66c       0x68 /opt/devkitpro/devkitARM/lib/gcc/arm-none-eabi/15.2.0/../../../../arm-none-eabi/lib/armv6k/fpu/libsysbase.a(libsysbase_libsysbase_a-mkdir.o)
                0x0011d66c                mkdir
 .text._open_r  0x0011d6d4       0xc0 /opt/devkitpro/devkitARM/lib/gcc/arm-none-eabi/15.2.0/../../../../arm-none-eabi/lib/armv6k/fpu/libsysbase.a(libsysbase_libsysbase_a-open.o)
                0x0011d6d4                _open_r
 .text._read_r  0x0011d794       0x94 /opt/devkitpro/devkitARM/lib/gcc/arm-none-eabi/15.2.0/../../../../arm-none-eabi/lib/armv6k/fpu/libsysbase.a(libsysbase_libsysbase_a-read.o)
                0x0011d794                _read_r
 .text._sbrk_r  0x0011d828       0x78 /opt/devkitpro/devkitARM/lib/gcc/arm-none-eabi/15.2.0/../../../../arm-none-eabi/lib/armv6k/fpu/libsysbase.a(libsysbase_libsysbase_a-sbrk.o)
                0x0011d828                _sbrk_r
 .text.__libc_lock_acquire
                0x0011d8a0       0x1c /opt/devkitpro/devkitARM/lib/gcc/arm-none-eabi/15.2.0/../../../../arm-none-eabi/lib/armv6k/fpu/libsysbase.a(libsysbase_libsysbase_a-syscall_support.o)
                0x0011d8a0                __libc_lock_acquire
 .text.__libc_lock_release
                0x0011d8bc       0x1c /opt/devkitpro/devkitARM/lib/gcc/arm-none-eabi/15.2.0/../../../../arm-none-eabi/lib/armv6k/fpu/libsysbase.a(libsysbase_libsysbase_a-syscall_support.o)
                0x0011d8bc                __libc_lock_release
 .text.__libc_lock_acquire_recursive
                0x0011d8d8       0x1c /opt/devkitpro/devkitARM/lib/gcc/arm-none-eabi/15.2.0/../../../../arm-none-eabi/lib/armv6k/fpu/libsysbase.a(libsysbase_libsysbase_a-syscall_support.o)
                0x0011d8d8                __libc_lock_acquire_recursive
 .text.__libc_lock_release_recursive
                0x0011d8f4       0x1c /opt/devkitpro/devkitARM/lib/gcc/arm-none-eabi/15.2.0/../../../../arm-none-eabi/lib/armv6k/fpu/libsysbase.a(libsysbase_libsysbase_a-syscall_support.o)
                0x0011d8f4                __libc_lock_release_recursive
 .text._write_r
                0x0011d910       0x94 /opt/devkitpro/devkitARM/lib/gcc/arm-none-eabi/15.2.0/../../../../arm-none-eabi/lib/armv6k/fpu/libsysbase.a(libsysbase_libsysbase_a-write.o)
                0x0011d910                _write_r
 .text.strrchr  0x0011d9a4       0x48 /opt/devkitpro/devkitARM/lib/gcc/arm-none-eabi/15.2.0/../../../../arm-none-eabi/lib/armv6k/fpu/libg.a(libc_a-strrchr.o)
                0x0011d9a4                strrchr
 *(.glue_7)
 .glue_7        0x0011d9ec        0x0 linker stubs
 *(.glue_7t)
 .glue_7t       0x0011d9ec        0x0 linker stubs
 *(.stub)
 *(.gnu.warning)
 *(.gnu.linkonce.t*)
                0x0011d9ec                        . = ALIGN (0x4)
 *(.fini)
 .fini          0x0011d9ec        0xc /opt/devkitpro/devkitARM/lib/gcc/arm-none-eabi/15.2.0/armv6k/fpu/crti.o
                0x0011d9ec                _fini
 .fini          0x0011d9f8        0xc /opt/devkitpro/devkitARM/lib/gcc/arm-none-eabi/15.2.0/armv6k/fpu/crtn.o
                0x0011da04                        . = ALIGN (0x4)

.vfp11_veneer   0x0011da04        0x0
 .vfp11_veneer  0x0011da04        0x0 linker stubs

.v4_bx          0x0011da04        0x0
 .v4_bx         0x0011da04        0x0 linker stubs

.iplt           0x0011da04        0x0
 .iplt          0x0011da04        0x0 /opt/devkitpro/devkitARM/lib/gcc/arm-none-eabi/15.2.0/../../../../arm-none-eabi/lib/armv6k/fpu/3dsx_crt0.o
                0x0011e000                        . = ALIGN (0x1000)

.rodata         0x0011e000     0x18f8
 *(.rodata)
 .rodata        0x0011e000        0xc /opt/devkitpro/libctru/lib/libctru.a(archive_dev.o)
 *(.roda)
 *(.rodata.*)
 .rodata.str1.4
                0x0011e00c      0x529 main.o
                                0x2f3 (size before relaxing)
 .rodata.consolePrintChar
                0x0011e535        0x6 /opt/devkitpro/libctru/lib/libctru.a(console.o)
 *fill*         0x0011e53b        0x1 
 .rodata.con_write
                0x0011e53c      0x23c /opt/devkitpro/libctru/lib/libctru.a(console.o)
 .rodata.str1.4
                0x0011e778        0x0 /opt/devkitpro/libctru/lib/libctru.a(console.o)
                                 0x10 (size before relaxing)
 .rodata.dotab_stdout
                0x0011e778       0x80 /opt/devkitpro/libctru/lib/libctru.a(console.o)
 .rodata.grayScale
                0x0011e7f8       0x18 /opt/devkitpro/libctru/lib/libctru.a(console.o)
 .rodata.colorCube
                0x0011e810        0x6 /opt/devkitpro/libctru/lib/libctru.a(console.o)
 *fill*         0x0011e816        0x2 
 .rodata.colorTable
                0x0011e818       0x30 /opt/devkitpro/libctru/lib/libctru.a(console.o)
 .rodata.aptEventHandler
                0x0011e848        0xb /opt/devkitpro/libctru/lib/libctru.a(apt.o)
 .rodata.aptWaitForWakeUp.isra.0
                0x0011e853       0x11 /opt/devkitpro/libctru/lib/libctru.a(apt.o)
 .rodata.morton_y.2
                0x0011e864        0x8 /opt/devkitpro/libctru/lib/libctru.a(apt.o)
 .rodata.morton_x.3
                0x0011e86c        0x8 /opt/devkitpro/libctru/lib/libctru.a(apt.o)
 .rodata.s_sleepWakeEvents.4
                0x0011e874        0x8 /opt/devkitpro/libctru/lib/libctru.a(apt.o)
 .rodata.str1.4
                0x0011e87c        0x0 /opt/devkitpro/libctru/lib/libctru.a(apt.o)
                                 0x16 (size before relaxing)
 .rodata.serviceNameTable.5
                0x0011e87c        0xc /opt/devkitpro/libctru/lib/libctru.a(apt.o)
 .rodata.gspInit.str1.4
                0x0011e888        0x0 /opt/devkitpro/libctru/lib/libctru.a(gspgpu.o)
                                  0x9 (size before relaxing)
 .rodata.hidInit.str1.4
                0x0011e888        0x0 /opt/devkitpro/libctru/lib/libctru.a(hid.o)
                                 0x15 (size before relaxing)
 .rodata.irrstInit.str1.4
                0x0011e888        0x0 /opt/devkitpro/libctru/lib/libctru.a(irrst.o)
                                  0x7 (size before relaxing)
 .rodata.__system_initArgv.str1.4
                0x0011e888        0x0 /opt/devkitpro/libctru/lib/libctru.a(initArgv.o)
                                  0xa (size before relaxing)
 .rodata.default_font_bin
                0x0011e888      0x800 /opt/devkitpro/libctru/lib/libctru.a(default_font.bin.o)
                0x0011e888                default_font_bin
                0x0011f088                default_font_bin_end
 .rodata.srvInit.str1.4
                0x0011f088        0x0 /opt/devkitpro/libctru/lib/libctru.a(srv.o)
                                  0x5 (size before relaxing)
 .rodata.ptmSysmInit.str1.4
                0x0011f088        0x0 /opt/devkitpro/libctru/lib/libctru.a(ptmsysm.o)
                                  0x9 (size before relaxing)
 .rodata.archive_utf16path.str1.4
                0x0011f088        0x0 /opt/devkitpro/libctru/lib/libctru.a(archive_dev.o)
                                  0x2 (size before relaxing)
 .rodata._archiveUnmountDeviceStruct.part.0.str1.4
                0x0011f088        0x0 /opt/devkitpro/libctru/lib/libctru.a(archive_dev.o)
                                  0x2 (size before relaxing)
 .rodata._archiveMountDevice.str1.4
                0x0011f088        0x0 /opt/devkitpro/libctru/lib/libctru.a(archive_dev.o)
                                  0xc (size before relaxing)
 .rodata.archiveMountSdmc.str1.4
                0x0011f088        0x0 /opt/devkitpro/libctru/lib/libctru.a(archive_dev.o)
                                  0x5 (size before relaxing)
 .rodata.error_table
                0x0011f088       0x30 /opt/devkitpro/libctru/lib/libctru.a(archive_dev.o)
 .rodata.str1.4
                0x0011f0b8        0x0 /opt/devkitpro/libctru/lib/libctru.a(archive_dev.o)
                                  0x8 (size before relaxing)
 .rodata.archive_devoptab
                0x0011f0b8       0x80 /opt/devkitpro/libctru/lib/libctru.a(archive_dev.o)
 .rodata.fsInit.str1.4
                0x0011f138        0x0 /opt/devkitpro/libctru/lib/libctru.a(fs.o)
                                  0x8 (size before relaxing)
 .rodata._puts_r.str1.4
                0x0011f138        0x0 /opt/devkitpro/devkitARM/lib/gcc/arm-none-eabi/15.2.0/../../../../arm-none-eabi/lib/armv6k/fpu/libg.a(libc_a-puts.o)
                                  0x2 (size before relaxing)
 .rodata.get_arg
                0x0011f138       0x34 /opt/devkitpro/devkitARM/lib/gcc/arm-none-eabi/15.2.0/../../../../arm-none-eabi/lib/armv6k/fpu/libg.a(libc_a-svfprintf.o)
 .rodata._svfprintf_r.str1.1
                0x0011f16c       0x3b /opt/devkitpro/devkitARM/lib/gcc/arm-none-eabi/15.2.0/../../../../arm-none-eabi/lib/armv6k/fpu/libg.a(libc_a-svfprintf.o)
 *fill*         0x0011f1a7        0x1 
 .rodata._svfprintf_r
                0x0011f1a8       0xb6 /opt/devkitpro/devkitARM/lib/gcc/arm-none-eabi/15.2.0/../../../../arm-none-eabi/lib/armv6k/fpu/libg.a(libc_a-svfprintf.o)
 *fill*         0x0011f25e        0x2 
 .rodata.zeroes.0
                0x0011f260       0x10 /opt/devkitpro/devkitARM/lib/gcc/arm-none-eabi/15.2.0/../../../../arm-none-eabi/lib/armv6k/fpu/libg.a(libc_a-svfprintf.o)
 .rodata.blanks.1
                0x0011f270       0x10 /opt/devkitpro/devkitARM/lib/gcc/arm-none-eabi/15.2.0/../../../../arm-none-eabi/lib/armv6k/fpu/libg.a(libc_a-svfprintf.o)
 .rodata._ctype_
                0x0011f280      0x101 /opt/devkitpro/devkitARM/lib/gcc/arm-none-eabi/15.2.0/../../../../arm-none-eabi/lib/armv6k/fpu/libg.a(libc_a-ctype_.o)
                0x0011f280                _ctype_
 *fill*         0x0011f381        0x1 
 .rodata.get_arg
                0x0011f382       0x34 /opt/devkitpro/devkitARM/lib/gcc/arm-none-eabi/15.2.0/../../../../arm-none-eabi/lib/armv6k/fpu/libg.a(libc_a-vfprintf.o)
 .rodata._vfprintf_r.str1.1
                0x0011f3b6        0x0 /opt/devkitpro/devkitARM/lib/gcc/arm-none-eabi/15.2.0/../../../../arm-none-eabi/lib/armv6k/fpu/libg.a(libc_a-vfprintf.o)
                                 0x3b (size before relaxing)
 .rodata._vfprintf_r
                0x0011f3b6       0xb6 /opt/devkitpro/devkitARM/lib/gcc/arm-none-eabi/15.2.0/../../../../arm-none-eabi/lib/armv6k/fpu/libg.a(libc_a-vfprintf.o)
 .rodata.zeroes.0
                0x0011f46c       0x10 /opt/devkitpro/devkitARM/lib/gcc/arm-none-eabi/15.2.0/../../../../arm-none-eabi/lib/armv6k/fpu/libg.a(libc_a-vfprintf.o)
 .rodata.blanks.1
                0x0011f47c       0x10 /opt/devkitpro/devkitARM/lib/gcc/arm-none-eabi/15.2.0/../../../../arm-none-eabi/lib/armv6k/fpu/libg.a(libc_a-vfprintf.o)
 .rodata.__action_table
                0x0011f48c       0x6c /opt/devkitpro/devkitARM/lib/gcc/arm-none-eabi/15.2.0/../../../../arm-none-eabi/lib/armv6k/fpu/libg.a(libc_a-svfiprintf.o)
                0x0011f48c                __action_table
 .rodata.__state_table
                0x0011f4f8       0x6c /opt/devkitpro/devkitARM/lib/gcc/arm-none-eabi/15.2.0/../../../../arm-none-eabi/lib/armv6k/fpu/libg.a(libc_a-svfiprintf.o)
                0x0011f4f8                __state_table
 .rodata.__chclass
                0x0011f564      0x100 /opt/devkitpro/devkitARM/lib/gcc/arm-none-eabi/15.2.0/../../../../arm-none-eabi/lib/armv6k/fpu/libg.a(libc_a-svfiprintf.o)
                0x0011f564                __chclass
 .rodata.str1.4
                0x0011f664        0x0 /opt/devkitpro/devkitARM/lib/gcc/arm-none-eabi/15.2.0/../../../../arm-none-eabi/lib/armv6k/fpu/libg.a(libc_a-locale.o)
                                 0x4c (size before relaxing)
 .rodata._dtoa_r.str1.4
                0x0011f664        0x0 /opt/devkitpro/devkitARM/lib/gcc/arm-none-eabi/15.2.0/../../../../arm-none-eabi/lib/armv6k/fpu/libg.a(libc_a-dtoa.o)
                                 0x9c (size before relaxing)
 .rodata._dtoa_r
                0x0011f664        0x8 /opt/devkitpro/devkitARM/lib/gcc/arm-none-eabi/15.2.0/../../../../arm-none-eabi/lib/armv6k/fpu/libg.a(libc_a-dtoa.o)
 .rodata.__assert_func.str1.4
                0x0011f66c        0x0 /opt/devkitpro/devkitARM/lib/gcc/arm-none-eabi/15.2.0/../../../../arm-none-eabi/lib/armv6k/fpu/libg.a(libc_a-assert.o)
                                 0x43 (size before relaxing)
 .rodata.__multadd.str1.4
                0x0011f66c        0x0 /opt/devkitpro/devkitARM/lib/gcc/arm-none-eabi/15.2.0/../../../../arm-none-eabi/lib/armv6k/fpu/libg.a(libc_a-mprec.o)
                                 0x89 (size before relaxing)
 .rodata.p05.0  0x0011f66c        0xc /opt/devkitpro/devkitARM/lib/gcc/arm-none-eabi/15.2.0/../../../../arm-none-eabi/lib/armv6k/fpu/libg.a(libc_a-mprec.o)
 .rodata.__mprec_bigtens
                0x0011f678       0x28 /opt/devkitpro/devkitARM/lib/gcc/arm-none-eabi/15.2.0/../../../../arm-none-eabi/lib/armv6k/fpu/libg.a(libc_a-mprec.o)
                0x0011f678                __mprec_bigtens
 .rodata.__mprec_tens
                0x0011f6a0       0xc8 /opt/devkitpro/devkitARM/lib/gcc/arm-none-eabi/15.2.0/../../../../arm-none-eabi/lib/armv6k/fpu/libg.a(libc_a-mprec.o)
                0x0011f6a0                __mprec_tens
 .rodata.get_arg
                0x0011f768       0x34 /opt/devkitpro/devkitARM/lib/gcc/arm-none-eabi/15.2.0/../../../../arm-none-eabi/lib/armv6k/fpu/libg.a(libc_a-vfiprintf.o)
 .rodata._vfiprintf_r.str1.1
                0x0011f79c        0x0 /opt/devkitpro/devkitARM/lib/gcc/arm-none-eabi/15.2.0/../../../../arm-none-eabi/lib/armv6k/fpu/libg.a(libc_a-vfiprintf.o)
                                 0x29 (size before relaxing)
 .rodata._vfiprintf_r
                0x0011f79c       0xb6 /opt/devkitpro/devkitARM/lib/gcc/arm-none-eabi/15.2.0/../../../../arm-none-eabi/lib/armv6k/fpu/libg.a(libc_a-vfiprintf.o)
 *fill*         0x0011f852        0x2 
 .rodata.zeroes.0
                0x0011f854       0x10 /opt/devkitpro/devkitARM/lib/gcc/arm-none-eabi/15.2.0/../../../../arm-none-eabi/lib/armv6k/fpu/libg.a(libc_a-vfiprintf.o)
 .rodata.blanks.1
                0x0011f864       0x10 /opt/devkitpro/devkitARM/lib/gcc/arm-none-eabi/15.2.0/../../../../arm-none-eabi/lib/armv6k/fpu/libg.a(libc_a-vfiprintf.o)
 .rodata.str1.4
                0x0011f874        0x0 /opt/devkitpro/devkitARM/lib/gcc/arm-none-eabi/15.2.0/../../../../arm-none-eabi/lib/armv6k/fpu/libsysbase.a(libsysbase_libsysbase_a-iosupport.o)
                                  0x8 (size before relaxing)
 .rodata.dotab_stdnull
                0x0011f874       0x80 /opt/devkitpro/devkitARM/lib/gcc/arm-none-eabi/15.2.0/../../../../arm-none-eabi/lib/armv6k/fpu/libsysbase.a(libsysbase_libsysbase_a-iosupport.o)
                0x0011f874                dotab_stdnull
 *all.rodata*(*)
 *(.gnu.linkonce.r*)
                0x0011f8f4                        . = ALIGN (0x4)
                0x0011f8f4                        __tdata_align = .
                0x0011f8f4        0x4 LONG 0x4 ALIGNOF (.tdata)
                0x0011f8f8                        . = ALIGN (0x4)

.eh_frame       0x0011f8f8        0x0
 .eh_frame      0x0011f8f8        0x0 /opt/devkitpro/devkitARM/lib/gcc/arm-none-eabi/15.2.0/armv6k/fpu/crtbegin.o

.rel.dyn        0x0011f8f8        0x0
 .rel.iplt      0x0011f8f8        0x0 /opt/devkitpro/devkitARM/lib/gcc/arm-none-eabi/15.2.0/../../../../arm-none-eabi/lib/armv6k/fpu/3dsx_crt0.o
 .rel.got       0x0011f8f8        0x0 /opt/devkitpro/devkitARM/lib/gcc/arm-none-eabi/15.2.0/../../../../arm-none-eabi/lib/armv6k/fpu/3dsx_crt0.o

.ARM.extab
 *(.ARM.extab* .gnu.linkonce.armextab.*)
                0x0011f8f8                        __exidx_start = .

.ARM.exidx
 *(.ARM.exidx* .gnu.linkonce.armexidx.*)
                0x0011f8f8                        __exidx_end = .
                0x00120000                        . = ALIGN (0x1000)

.data           0x00120000     0x1d8c
 *(.data)
 *(.data.*)
 .data.firstConsoleInit.0
                0x00120000        0x1 /opt/devkitpro/libctru/lib/libctru.a(console.o)
 *fill*         0x00120001        0x3 
 .data.currentConsole
                0x00120004        0x4 /opt/devkitpro/libctru/lib/libctru.a(console.o)
                0x00120004                currentConsole
 .data.defaultConsole
                0x00120008       0x48 /opt/devkitpro/libctru/lib/libctru.a(console.o)
                0x00120008                defaultConsole
 .data.aptChainloadDeliverArgSize
                0x00120050        0x4 /opt/devkitpro/libctru/lib/libctru.a(apt.o)
 .data.kCount   0x00120054        0x4 /opt/devkitpro/libctru/lib/libctru.a(hid.o)
 .data.kInterval
                0x00120058        0x4 /opt/devkitpro/libctru/lib/libctru.a(hid.o)
 .data.kDelay   0x0012005c        0x4 /opt/devkitpro/libctru/lib/libctru.a(hid.o)
 .data.__stacksize__
                0x00120060        0x4 /opt/devkitpro/libctru/lib/libctru.a(stack_adjust.o)
                0x00120060                __stacksize__
 .data._impure_ptr
                0x00120064        0x4 /opt/devkitpro/devkitARM/lib/gcc/arm-none-eabi/15.2.0/../../../../arm-none-eabi/lib/armv6k/fpu/libg.a(libc_a-impure.o)
                0x00120064                _impure_ptr
 .data._impure_data
                0x00120068      0x200 /opt/devkitpro/devkitARM/lib/gcc/arm-none-eabi/15.2.0/../../../../arm-none-eabi/lib/armv6k/fpu/libg.a(libc_a-impure.o)
                0x00120068                _impure_data
 .data.__malloc_sbrk_base
                0x00120268        0x4 /opt/devkitpro/devkitARM/lib/gcc/arm-none-eabi/15.2.0/../../../../arm-none-eabi/lib/armv6k/fpu/libg.a(libc_a-mallocr.o)
                0x00120268                __malloc_sbrk_base
 .data.__malloc_trim_threshold
                0x0012026c        0x4 /opt/devkitpro/devkitARM/lib/gcc/arm-none-eabi/15.2.0/../../../../arm-none-eabi/lib/armv6k/fpu/libg.a(libc_a-mallocr.o)
                0x0012026c                __malloc_trim_threshold
 .data.__malloc_av_
                0x00120270      0x408 /opt/devkitpro/devkitARM/lib/gcc/arm-none-eabi/15.2.0/../../../../arm-none-eabi/lib/armv6k/fpu/libg.a(libc_a-mallocr.o)
                0x00120270                __malloc_av_
 .data.__sglue  0x00120678        0xc /opt/devkitpro/devkitARM/lib/gcc/arm-none-eabi/15.2.0/../../../../arm-none-eabi/lib/armv6k/fpu/libg.a(libc_a-findfp.o)
                0x00120678                __sglue
 .data.__global_locale
                0x00120684      0x254 /opt/devkitpro/devkitARM/lib/gcc/arm-none-eabi/15.2.0/../../../../arm-none-eabi/lib/armv6k/fpu/libg.a(libc_a-locale.o)
                0x00120684                __global_locale
 .data._current_working_directory
                0x001208d8      0x400 /opt/devkitpro/devkitARM/lib/gcc/arm-none-eabi/15.2.0/../../../../arm-none-eabi/lib/armv6k/fpu/libsysbase.a(libsysbase_libsysbase_a-chdir.o)
 .data.handles  0x00120cd8     0x1000 /opt/devkitpro/devkitARM/lib/gcc/arm-none-eabi/15.2.0/../../../../arm-none-eabi/lib/armv6k/fpu/libsysbase.a(libsysbase_libsysbase_a-handle_manager.o)
 .data.__stderr_handle
                0x00121cd8        0xc /opt/devkitpro/devkitARM/lib/gcc/arm-none-eabi/15.2.0/../../../../arm-none-eabi/lib/armv6k/fpu/libsysbase.a(libsysbase_libsysbase_a-handle_manager.o)
 .data.__stdout_handle
                0x00121ce4        0xc /opt/devkitpro/devkitARM/lib/gcc/arm-none-eabi/15.2.0/../../../../arm-none-eabi/lib/armv6k/fpu/libsysbase.a(libsysbase_libsysbase_a-handle_manager.o)
 .data.__stdin_handle
                0x00121cf0        0xc /opt/devkitpro/devkitARM/lib/gcc/arm-none-eabi/15.2.0/../../../../arm-none-eabi/lib/armv6k/fpu/libsysbase.a(libsysbase_libsysbase_a-handle_manager.o)
 .data.devoptab_list
                0x00121cfc       0x8c /opt/devkitpro/devkitARM/lib/gcc/arm-none-eabi/15.2.0/../../../../arm-none-eabi/lib/armv6k/fpu/libsysbase.a(libsysbase_libsysbase_a-iosupport.o)
                0x00121cfc                devoptab_list
 .data.defaultDevice
                0x00121d88        0x4 /opt/devkitpro/devkitARM/lib/gcc/arm-none-eabi/15.2.0/../../../../arm-none-eabi/lib/armv6k/fpu/libsysbase.a(libsysbase_libsysbase_a-iosupport.o)
 *(.gnu.linkonce.d*)
                0x00121d8c                        . = ALIGN (0x4)

.igot.plt       0x00121d8c        0x0
 .igot.plt      0x00121d8c        0x0 /opt/devkitpro/devkitARM/lib/gcc/arm-none-eabi/15.2.0/../../../../arm-none-eabi/lib/armv6k/fpu/3dsx_crt0.o

.got            0x00121d8c        0x8
 .got           0x00121d8c        0x8 /opt/devkitpro/devkitARM/lib/gcc/arm-none-eabi/15.2.0/../../../../arm-none-eabi/lib/armv6k/fpu/3dsx_crt0.o

.got.plt        0x00121d94        0xc
 .got.plt       0x00121d94        0xc /opt/devkitpro/devkitARM/lib/gcc/arm-none-eabi/15.2.0/../../../../arm-none-eabi/lib/armv6k/fpu/3dsx_crt0.o
                0x00121d94                _GLOBAL_OFFSET_TABLE_

.tdata          0x00121da0        0x0
                0x00121da0                        __tdata_lma = .
 *(.tdata)
 *(.tdata.*)
 *(.gnu.linkonce.td.*)
                0x00121da0                        . = ALIGN (0x4)
                0x00121da0                        __tdata_lma_end = .

.tbss           0x00121da0      0xc08
 *(.tbss)
 *(.tbss.*)
 .tbss.__ctru_dev_utf16_buf
                0x00121da0      0x802 /opt/devkitpro/libctru/lib/libctru.a(path_buf.o)
                0x00121da0                __ctru_dev_utf16_buf
 *fill*         0x001225a2        0x2 
 .tbss.__ctru_dev_path_buf
                0x001225a4      0x401 /opt/devkitpro/libctru/lib/libctru.a(path_buf.o)
                0x001225a4                __ctru_dev_path_buf
 *(.gnu.linkonce.tb.*)
 *(.tcommon)
                0x001229a8                        . = ALIGN (0x4)
 *fill*         0x001229a5        0x3 

.preinit_array  0x00121da0        0x0
                0x00121da0                        PROVIDE (__preinit_array_start = .)
 *(.preinit_array)
                0x00121da0                        PROVIDE (__preinit_array_end = .)

.init_array     0x00121da0        0x4
                0x00121da0                        PROVIDE (__init_array_start = .)
 *(SORT_BY_NAME(.init_array.*))
 *(.init_array)
 .init_array    0x00121da0        0x4 /opt/devkitpro/devkitARM/lib/gcc/arm-none-eabi/15.2.0/armv6k/fpu/crtbegin.o
                0x00121da4                        PROVIDE (__init_array_end = .)

.fini_array     0x00121da4        0x4
                0x00121da4                        PROVIDE (__fini_array_start = .)
 *(.fini_array)
 .fini_array    0x00121da4        0x4 /opt/devkitpro/devkitARM/lib/gcc/arm-none-eabi/15.2.0/armv6k/fpu/crtbegin.o
 *(SORT_BY_NAME(.fini_array.*))
                0x00121da8                        PROVIDE (__fini_array_end = .)

.ctors
 *crtbegin.o(.ctors)
 *(EXCLUDE_FILE(*crtend.o) .ctors)
 *(SORT_BY_NAME(.ctors.*))
 *(.ctors)

.dtors
 *crtbegin.o(.dtors)
 *(EXCLUDE_FILE(*crtend.o) .dtors)
 *(SORT_BY_NAME(.dtors.*))
 *(.dtors)
                0x00121da8                        __bss_start__ = .

.bss            0x00121da8     0x9230
 *(.dynbss)
 *(.bss)
 .bss           0x00121da8     0x6408 main.o
                0x00121da8                file_count
                0x00121dac                selected_idx
                0x00121db0                file_list
 *(.bss.*)
 .bss.completed.1
                0x001281b0        0x1 /opt/devkitpro/devkitARM/lib/gcc/arm-none-eabi/15.2.0/armv6k/fpu/crtbegin.o
 *fill*         0x001281b1        0x3 
 .bss.object.0  0x001281b4       0x18 /opt/devkitpro/devkitARM/lib/gcc/arm-none-eabi/15.2.0/armv6k/fpu/crtbegin.o
 .bss.escapeSeq
                0x001281cc       0x64 /opt/devkitpro/libctru/lib/libctru.a(console.o)
 .bss.currentCopy
                0x00128230       0x48 /opt/devkitpro/libctru/lib/libctru.a(console.o)
                0x00128230                currentCopy
 .bss.screenAlloc
                0x00128278        0x4 /opt/devkitpro/libctru/lib/libctru.a(gfx.o)
 .bss.screenFree
                0x0012827c        0x4 /opt/devkitpro/libctru/lib/libctru.a(gfx.o)
 .bss.gfxIsDoubleBuf
                0x00128280        0x2 /opt/devkitpro/libctru/lib/libctru.a(gfx.o)
 *fill*         0x00128282        0x2 
 .bss.gfxCurBuf
                0x00128284        0x2 /opt/devkitpro/libctru/lib/libctru.a(gfx.o)
 .bss.gfxIsVram
                0x00128286        0x1 /opt/devkitpro/libctru/lib/libctru.a(gfx.o)
 .bss.gfxTopMode
                0x00128287        0x1 /opt/devkitpro/libctru/lib/libctru.a(gfx.o)
 .bss.gfxFramebufferFormats
                0x00128288        0x2 /opt/devkitpro/libctru/lib/libctru.a(gfx.o)
 *fill*         0x0012828a        0x2 
 .bss.gfxBottomFramebufferMaxSize
                0x0012828c        0x4 /opt/devkitpro/libctru/lib/libctru.a(gfx.o)
 .bss.gfxTopFramebufferMaxSize
                0x00128290        0x4 /opt/devkitpro/libctru/lib/libctru.a(gfx.o)
 *fill*         0x00128294        0x4 
 .bss.gfxBottomFramebuffers
                0x00128298        0x8 /opt/devkitpro/libctru/lib/libctru.a(gfx.o)
 .bss.gfxTopFramebuffers
                0x001282a0        0x8 /opt/devkitpro/libctru/lib/libctru.a(gfx.o)
 .bss.flagValue.0
                0x001282a8        0x1 /opt/devkitpro/libctru/lib/libctru.a(apt.o)
 .bss.flagInit.1
                0x001282a9        0x1 /opt/devkitpro/libctru/lib/libctru.a(apt.o)
 *fill*         0x001282aa        0x2 
 .bss.serviceName.6
                0x001282ac        0x4 /opt/devkitpro/libctru/lib/libctru.a(apt.o)
 .bss.aptChainloadFlags
                0x001282b0        0x1 /opt/devkitpro/libctru/lib/libctru.a(apt.o)
 .bss.aptChainloadMediatype
                0x001282b1        0x1 /opt/devkitpro/libctru/lib/libctru.a(apt.o)
 *fill*         0x001282b2        0x2 
 .bss.aptChainloadHmac
                0x001282b4       0x20 /opt/devkitpro/libctru/lib/libctru.a(apt.o)
 .bss.aptChainloadDeliverArg
                0x001282d4      0x300 /opt/devkitpro/libctru/lib/libctru.a(apt.o)
 *fill*         0x001285d4        0x4 
 .bss.aptChainloadTid
                0x001285d8        0x8 /opt/devkitpro/libctru/lib/libctru.a(apt.o)
 .bss.aptParameters
                0x001285e0     0x1000 /opt/devkitpro/libctru/lib/libctru.a(apt.o)
 .bss.aptFlags  0x001295e0        0x4 /opt/devkitpro/libctru/lib/libctru.a(apt.o)
 .bss.aptHomeButtonState
                0x001295e4        0x1 /opt/devkitpro/libctru/lib/libctru.a(apt.o)
 *fill*         0x001295e5        0x3 
 .bss.aptMessageFuncData
                0x001295e8        0x4 /opt/devkitpro/libctru/lib/libctru.a(apt.o)
 .bss.aptMessageFunc
                0x001295ec        0x4 /opt/devkitpro/libctru/lib/libctru.a(apt.o)
 .bss.aptFirstHook
                0x001295f0        0xc /opt/devkitpro/libctru/lib/libctru.a(apt.o)
 .bss.aptEventHandlerThreadQuit
                0x001295fc        0x1 /opt/devkitpro/libctru/lib/libctru.a(apt.o)
 *fill*         0x001295fd        0x3 
 .bss.aptEventHandlerThread
                0x00129600        0x4 /opt/devkitpro/libctru/lib/libctru.a(apt.o)
 .bss.aptSleepEvent
                0x00129604        0x8 /opt/devkitpro/libctru/lib/libctru.a(apt.o)
 .bss.aptReceiveEvent
                0x0012960c        0x8 /opt/devkitpro/libctru/lib/libctru.a(apt.o)
 .bss.aptEvents
                0x00129614        0x8 /opt/devkitpro/libctru/lib/libctru.a(apt.o)
 .bss.aptLockHandle