Archive member included to satisfy reference by file (symbol)

/opt/devkitpro/libctru/lib/libctru.a(console.o)
                              main.o (consoleInit)
/opt/devkitpro/libctru/lib/libctru.a(gfx.o)
                              /opt/devkitpro/libctru/lib/libctru.a(console.o) (gfxIsWide)
/opt/devkitpro/libctru/lib/libctru.a(apt.o)
                              main.o (aptMainLoop)
/opt/devkitpro/libctru/lib/libctru.a(gspgpu.o)
                              /opt/devkitpro/libctru/lib/libctru.a(gfx.o) (gspInit)
/opt/devkitpro/libctru/lib/libctru.a(hid.o)
                              main.o (hidScanInput)
/opt/devkitpro/libctru/lib/libctru.a(irrst.o)
                              /opt/devkitpro/libctru/lib/libctru.a(hid.o) (irrstInit)
/opt/devkitpro/libctru/lib/libctru.a(ctru_init.o)
                              /opt/devkitpro/libctru/lib/libctru.a(apt.o) (__system_retAddr)
/opt/devkitpro/libctru/lib/libctru.a(initArgv.o)
                              /opt/devkitpro/libctru/lib/libctru.a(ctru_init.o) (__system_initArgv)
/opt/devkitpro/libctru/lib/libctru.a(syscalls.o)
                              /opt/devkitpro/libctru/lib/libctru.a(ctru_init.o) (__system_initSyscalls)
/opt/devkitpro/libctru/lib/libctru.a(svc.o)
                              /opt/devkitpro/libctru/lib/libctru.a(apt.o) (svcSleepThread)
/opt/devkitpro/libctru/lib/libctru.a(stack_adjust.o)
                              /opt/devkitpro/devkitARM/lib/gcc/arm-none-eabi/15.2.0/../../../../arm-none-eabi/lib/armv6k/fpu/3dsx_crt0.o (initSystem)
/opt/devkitpro/libctru/lib/libctru.a(default_font.bin.o)
                              /opt/devkitpro/libctru/lib/libctru.a(console.o) (default_font_bin)
/opt/devkitpro/libctru/lib/libctru.a(linear.o)
                              /opt/devkitpro/libctru/lib/libctru.a(gfx.o) (linearAlloc)
/opt/devkitpro/libctru/lib/libctru.a(mem_pool.o)
                              /opt/devkitpro/libctru/lib/libctru.a(linear.o) (_ZN7MemPool8AllocateER8MemChunkmi)
/opt/devkitpro/libctru/lib/libctru.a(vram.o)
                              /opt/devkitpro/libctru/lib/libctru.a(gfx.o) (vramAlloc)
/opt/devkitpro/libctru/lib/libctru.a(3dslink.o)
                              /opt/devkitpro/libctru/lib/libctru.a(initArgv.o) (__3dslink_host)
/opt/devkitpro/libctru/lib/libctru.a(env.o)
                              /opt/devkitpro/libctru/lib/libctru.a(irrst.o) (envGetHandle)
/opt/devkitpro/libctru/lib/libctru.a(os.o)
                              /opt/devkitpro/libctru/lib/libctru.a(syscalls.o) (osGetTime)
/opt/devkitpro/libctru/lib/libctru.a(srv.o)
                              /opt/devkitpro/libctru/lib/libctru.a(apt.o) (srvInit)
/opt/devkitpro/libctru/lib/libctru.a(synchronization.o)
                              /opt/devkitpro/libctru/lib/libctru.a(ctru_init.o) (__sync_init)
/opt/devkitpro/libctru/lib/libctru.a(thread.o)
                              /opt/devkitpro/libctru/lib/libctru.a(apt.o) (threadCreate)
/opt/devkitpro/libctru/lib/libctru.a(mappable.o)
                              /opt/devkitpro/libctru/lib/libctru.a(apt.o) (mappableAlloc)
/opt/devkitpro/libctru/lib/libctru.a(ptmsysm.o)
                              /opt/devkitpro/libctru/lib/libctru.a(os.o) (ptmSysmInit)
/opt/devkitpro/libctru/lib/libctru.a(srvpm.o)
                              /opt/devkitpro/libctru/lib/libctru.a(srv.o) (srvPmGetSessionHandle)
/opt/devkitpro/libctru/lib/libctru.a(soc_connect.o)
                              /opt/devkitpro/libctru/lib/libctru.a(3dslink.o) (connect)
/opt/devkitpro/libctru/lib/libctru.a(soc_socket.o)
                              /opt/devkitpro/libctru/lib/libctru.a(3dslink.o) (socket)
/opt/devkitpro/libctru/lib/libctru.a(rbtree_find.o)
                              /opt/devkitpro/libctru/lib/libctru.a(linear.o) (rbtree_find)
/opt/devkitpro/libctru/lib/libctru.a(rbtree_init.o)
                              /opt/devkitpro/libctru/lib/libctru.a(linear.o) (rbtree_init)
/opt/devkitpro/libctru/lib/libctru.a(rbtree_insert.o)
                              /opt/devkitpro/libctru/lib/libctru.a(linear.o) (rbtree_insert)
/opt/devkitpro/libctru/lib/libctru.a(rbtree_remove.o)
                              /opt/devkitpro/libctru/lib/libctru.a(linear.o) (rbtree_remove)
/opt/devkitpro/libctru/lib/libctru.a(rbtree_rotate.o)
                              /opt/devkitpro/libctru/lib/libctru.a(rbtree_insert.o) (rbtree_rotate)
/opt/devkitpro/libctru/lib/libctru.a(allocateHeaps.o)
                              /opt/devkitpro/libctru/lib/libctru.a(ctru_init.o) (__system_allocateHeaps)
/opt/devkitpro/libctru/lib/libctru.a(appExit.o)
                              /opt/devkitpro/libctru/lib/libctru.a(stack_adjust.o) (__appExit)
/opt/devkitpro/libctru/lib/libctru.a(appInit.o)
                              /opt/devkitpro/libctru/lib/libctru.a(stack_adjust.o) (__appInit)
/opt/devkitpro/libctru/lib/libctru.a(ctru_exit.o)
                              /opt/devkitpro/libctru/lib/libctru.a(stack_adjust.o) (__libctru_exit)
[...]
Memory Configuration

Name             Origin             Length             Attributes
*default*        0x00000000         0xffffffff

Linker script and memory map

                0x00000000                        __sync_synchronize = __sync_synchronize_dmb
                0x00100000                        PROVIDE (__start__ = 0x100000)
                0x00100000                        . = __start__

.text           0x00100000    0x1d9d4
 *(.crt0)
 .crt0          0x00100000       0x94 /opt/devkitpro/devkitARM/lib/gcc/arm-none-eabi/15.2.0/../../../../arm-none-eabi/lib/armv6k/fpu/3dsx_crt0.o
                0x00100000                _start
                0x00100008                __service_ptr
                0x0010000c                __apt_appid
                0x00100010                __heap_size
                0x00100014                __linear_heap_size
                0x00100018                __system_arglist
                0x0010001c                __system_runflags
 *(.init)
 .init          0x00100094        0xc /opt/devkitpro/devkitARM/lib/gcc/arm-none-eabi/15.2.0/armv6k/fpu/crti.o
                0x00100094                _init
 .init          0x001000a0        0xc /opt/devkitpro/devkitARM/lib/gcc/arm-none-eabi/15.2.0/armv6k/fpu/crtn.o
                0x001000ac                        . = ALIGN (0x4)
 *(.text)
 .text          0x001000ac      0x240 /opt/devkitpro/devkitARM/lib/gcc/arm-none-eabi/15.2.0/armv6k/fpu/libgcc.a(_divsi3.o)
                0x001000ac                __aeabi_idiv
                0x001000ac                __divsi3
                0x001002cc                __aeabi_idivmod
 .text          0x001002ec        0x4 /opt/devkitpro/devkitARM/lib/gcc/arm-none-eabi/15.2.0/armv6k/fpu/libgcc.a(_dvmd_tls.o)
                0x001002ec                __aeabi_ldiv0
                0x001002ec                __aeabi_idiv0
 .text          0x001002f0       0xd4 /opt/devkitpro/devkitARM/lib/gcc/arm-none-eabi/15.2.0/armv6k/fpu/libgcc.a(_aeabi_ldivmod.o)
                0x001002f0                __aeabi_ldivmod
 .text          0x001003c4       0x3c /opt/devkitpro/devkitARM/lib/gcc/arm-none-eabi/15.2.0/armv6k/fpu/libgcc.a(_aeabi_uldivmod.o)
                0x001003c4                __aeabi_uldivmod
 .text          0x00100400      0x390 /opt/devkitpro/devkitARM/lib/gcc/arm-none-eabi/15.2.0/../../../../arm-none-eabi/lib/armv6k/fpu/libg.a(libc_a-strcmp.o)
                0x00100408                strcmp
 .text          0x00100790      0x20c /opt/devkitpro/devkitARM/lib/gcc/arm-none-eabi/15.2.0/armv6k/fpu/libgcc.a(_udivsi3.o)
                0x00100790                __udivsi3
                0x00100790                __aeabi_uidiv
                0x0010097c                __aeabi_uidivmod
 *(.text.*)
 .text.__do_global_dtors_aux
                0x0010099c       0x50 /opt/devkitpro/devkitARM/lib/gcc/arm-none-eabi/15.2.0/armv6k/fpu/crtbegin.o
 .text.frame_dummy
                0x001009ec       0x2c /opt/devkitpro/devkitARM/lib/gcc/arm-none-eabi/15.2.0/armv6k/fpu/crtbegin.o
 .text.scan_3ds_dir
                0x00100a18       0x94 main.o
                0x00100a18                scan_3ds_dir
 .text.create_forwarder
                0x00100aac      0x1bc main.o
                0x00100aac                create_forwarder
 .text.startup.main
                0x00100c68      0x1e4 main.o
                0x00100c68                main
 .text.consoleDrawChar
                0x00100e4c      0x1c8 /opt/devkitpro/libctru/lib/libctru.a(console.o)
                0x00100e4c                consoleDrawChar
 .text.consolePrintChar
                0x00101014      0x170 /opt/devkitpro/libctru/lib/libctru.a(console.o)
                0x00101014                consolePrintChar
 .text.con_write
                0x00101184      0xcc8 /opt/devkitpro/libctru/lib/libctru.a(console.o)
                0x00101184                con_write
 .text.newRow   0x00101e4c       0xfc /opt/devkitpro/libctru/lib/libctru.a(console.o)
 .text.consoleInit
                0x00101f48      0x180 /opt/devkitpro/libctru/lib/libctru.a(console.o)
                0x00101f48                consoleInit
 .text.consoleClear
                0x001020c8       0xb8 /opt/devkitpro/libctru/lib/libctru.a(console.o)
                0x001020c8                consoleClear
 .text.gfxPresentFramebuffer
                0x00102180       0xcc /opt/devkitpro/libctru/lib/libctru.a(gfx.o)
 .text.gfxIsWide
                0x0010224c       0x1c /opt/devkitpro/libctru/lib/libctru.a(gfx.o)
                0x0010224c                gfxIsWide
 .text.gfxSetScreenFormat
                0x00102268       0xf8 /opt/devkitpro/libctru/lib/libctru.a(gfx.o)
                0x00102268                gfxSetScreenFormat
 .text.gfxSetDoubleBuffering
                0x00102360       0x10 /opt/devkitpro/libctru/lib/libctru.a(gfx.o)
                0x00102360                gfxSetDoubleBuffering
 .text.gfxInit  0x00102370       0xd8 /opt/devkitpro/libctru/lib/libctru.a(gfx.o)
                0x00102370                gfxInit
 .text.gfxInitDefault
                0x00102448       0x10 /opt/devkitpro/libctru/lib/libctru.a(gfx.o)
                0x00102448                gfxInitDefault
 .text.gfxExit  0x00102458       0xb8 /opt/devkitpro/libctru/lib/libctru.a(gfx.o)
                0x00102458                gfxExit
 .text.gfxGetFramebuffer
                0x00102510       0xa0 /opt/devkitpro/libctru/lib/libctru.a(gfx.o)
                0x00102510                gfxGetFramebuffer
 .text.gfxFlushBuffers
                0x001025b0      0x100 /opt/devkitpro/libctru/lib/libctru.a(gfx.o)
                0x001025b0                gfxFlushBuffers
 .text.gfxSwapBuffers
                0x001026b0       0x50 /opt/devkitpro/libctru/lib/libctru.a(gfx.o)
                0x001026b0                gfxSwapBuffers
 .text.gfxSwapBuffersGpu
                0x00102700       0x50 /opt/devkitpro/libctru/lib/libctru.a(gfx.o)
                0x00102700                gfxSwapBuffersGpu
 .text.aptConvertScreenForCapture
                0x00102750      0x180 /opt/devkitpro/libctru/lib/libctru.a(apt.o)
 .text.aptDspSleep
                0x001028d0        0x8 /opt/devkitpro/libctru/lib/libctru.a(apt.o)
                0x001028d0                aptDspSleep
 .text.aptDspWakeup
                0x001028d8        0x4 /opt/devkitpro/libctru/lib/libctru.a(apt.o)
                0x001028d8                aptDspWakeup
 .text.aptDspCancel
                0x001028dc        0x4 /opt/devkitpro/libctru/lib/libctru.a(apt.o)
                0x001028dc                aptDspCancel
 .text.aptSendCommand
                0x001028e0      0x138 /opt/devkitpro/libctru/lib/libctru.a(apt.o)
                0x001028e0                aptSendCommand
 .text.aptExitProcess
                0x00102a18       0x44 /opt/devkitpro/libctru/lib/libctru.a(apt.o)
 .text.aptExit  0x00102a5c      0x394 /opt/devkitpro/libctru/lib/libctru.a(apt.o)
                0x00102a5c                aptExit
 .text.aptHandleSleep
                0x00102df0       0xd8 /opt/devkitpro/libctru/lib/libctru.a(apt.o)
                0x00102df0                aptHandleSleep
 .text.APT_SleepIfShellClosed
                0x00102ec8       0x84 /opt/devkitpro/libctru/lib/libctru.a(apt.o)
                0x00102ec8                APT_SleepIfShellClosed
 .text.aptSetSleepAllowed
                0x00102f4c       0x78 /opt/devkitpro/libctru/lib/libctru.a(apt.o)
                0x00102f4c                aptSetSleepAllowed
 .text.APT_UnlockTransition
                0x00102fc4       0x84 /opt/devkitpro/libctru/lib/libctru.a(apt.o)
                0x00102fc4                APT_UnlockTransition
 .text.aptEventHandler
                0x00103048      0x470 /opt/devkitpro/libctru/lib/libctru.a(apt.o)
 .text.APT_ReceiveParameter
                0x001034b8       0xbc /opt/devkitpro/libctru/lib/libctru.a(apt.o)
                0x001034b8                APT_ReceiveParameter
 .text.aptReceiveParameter.constprop.0
                0x00103574       0xb0 /opt/devkitpro/libctru/lib/libctru.a(apt.o)
 *fill*         0x00103624        0x4 
 .text.aptScreenTransfer
                0x00103628      0x294 /opt/devkitpro/libctru/lib/libctru.a(apt.o)
 .text.aptWaitForWakeUp.isra.0
                0x001038bc      0x2d0 /opt/devkitpro/libctru/lib/libctru.a(apt.o)
 .text.aptJumpToHomeMenu
                0x00103b8c       0xf4 /opt/devkitpro/libctru/lib/libctru.a(apt.o)
                0x00103b8c                aptJumpToHomeMenu
 .text.aptMainLoop
                0x00103c80       0x58 /opt/devkitpro/libctru/lib/libctru.a(apt.o)
                0x00103c80                aptMainLoop
 .text.aptInit  0x00103cd8      0x240 /opt/devkitpro/libctru/lib/libctru.a(apt.o)
                0x00103cd8                aptInit
 .text.APT_CheckNew3DS
                0x00103f18       0x90 /opt/devkitpro/libctru/lib/libctru.a(apt.o)
                0x00103f18                APT_CheckNew3DS
 .text.gspHardwareInit
                0x00103fa8      0xc70 /opt/devkitpro/libctru/lib/libctru.a(gspgpu.o)
 .text.gspInit  0x00104c18      0x288 /opt/devkitpro/libctru/lib/libctru.a(gspgpu.o)
                0x00104c18                gspInit
 .text.gspExit  0x00104ea0      0x104 /opt/devkitpro/libctru/lib/libctru.a(gspgpu.o)
                0x00104ea0                gspExit
 .text.gspHasGpuRight
                0x00104fa4       0x10 /opt/devkitpro/libctru/lib/libctru.a(gspgpu.o)
                0x00104fa4                gspHasGpuRight
 .text.gspPresentBuffer
                0x00104fb4       0xa4 /opt/devkitpro/libctru/lib/libctru.a(gspgpu.o)
                0x00104fb4                gspPresentBuffer
 .text.gspWaitForEvent
                0x00105058       0x50 /opt/devkitpro/libctru/lib/libctru.a(gspgpu.o)
                0x00105058                gspWaitForEvent
 .text.gxCmdQueueInterrupt
                0x001050a8        0x4 /opt/devkitpro/libctru/lib/libctru.a(gspgpu.o)
                0x001050a8                gxCmdQueueInterrupt
 .text.gspEventThreadMain
                0x001050ac      0x154 /opt/devkitpro/libctru/lib/libctru.a(gspgpu.o)
 .text.GSPGPU_FlushDataCache
                0x00105200       0x50 /opt/devkitpro/libctru/lib/libctru.a(gspgpu.o)
                0x00105200                GSPGPU_FlushDataCache
 .text.GSPGPU_SetLcdForceBlack
                0x00105250       0x34 /opt/devkitpro/libctru/lib/libctru.a(gspgpu.o)
                0x00105250                GSPGPU_SetLcdForceBlack
 .text.GSPGPU_AcquireRight
                0x00105284       0x84 /opt/devkitpro/libctru/lib/libctru.a(gspgpu.o)
                0x00105284                GSPGPU_AcquireRight
 .text.GSPGPU_ReleaseRight
                0x00105308       0x64 /opt/devkitpro/libctru/lib/libctru.a(gspgpu.o)
                0x00105308                GSPGPU_ReleaseRight
 .text.GSPGPU_ImportDisplayCaptureInfo
                0x0010536c       0x7c /opt/devkitpro/libctru/lib/libctru.a(gspgpu.o)
                0x0010536c                GSPGPU_ImportDisplayCaptureInfo
 .text.GSPGPU_SaveVramSysArea
                0x001053e8       0x2c /opt/devkitpro/libctru/lib/libctru.a(gspgpu.o)
                0x001053e8                GSPGPU_SaveVramSysArea
 .text.GSPGPU_RestoreVramSysArea
                0x00105414       0x2c /opt/devkitpro/libctru/lib/libctru.a(gspgpu.o)
                0x00105414                GSPGPU_RestoreVramSysArea
 .text.hidShouldUseIrrst
                0x00105440       0x24 /opt/devkitpro/libctru/lib/libctru.a(hid.o)
                0x00105440                hidShouldUseIrrst
 .text.hidInit  0x00105464      0x1cc /opt/devkitpro/libctru/lib/libctru.a(hid.o)
                0x00105464                hidInit
 .text.hidExit  0x00105630       0xe8 /opt/devkitpro/libctru/lib/libctru.a(hid.o)
                0x00105630                hidExit
 .text.hidScanInput
                0x00105718      0x2a0 /opt/devkitpro/libctru/lib/libctru.a(hid.o)
                0x00105718                hidScanInput
 .text.hidKeysDown
                0x001059b8       0x10 /opt/devkitpro/libctru/lib/libctru.a(hid.o)
                0x001059b8                hidKeysDown
 .text.irrstInit
                0x001059c8      0x1a4 /opt/devkitpro/libctru/lib/libctru.a(irrst.o)
                0x001059c8                irrstInit
 .text.irrstExit
                0x00105b6c       0xdc /opt/devkitpro/libctru/lib/libctru.a(irrst.o)
                0x00105b6c                irrstExit
 .text.irrstScanInput
                0x00105c48       0xb4 /opt/devkitpro/libctru/lib/libctru.a(irrst.o)
                0x00105c48                irrstScanInput
 .text.irrstKeysHeld
                0x00105cfc       0x24 /opt/devkitpro/libctru/lib/libctru.a(irrst.o)
                0x00105cfc                irrstKeysHeld
 .text.__libctru_init
                0x00105d20       0x38 /opt/devkitpro/libctru/lib/libctru.a(ctru_init.o)
                0x00105d20                __libctru_init
 .text.__system_initArgv
                0x00105d58      0x16c /opt/devkitpro/libctru/lib/libctru.a(initArgv.o)
                0x00105d58                __system_initArgv
 .text.__syscall_getreent
                0x00105ec4       0x30 /opt/devkitpro/libctru/lib/libctru.a(syscalls.o)
                0x00105ec4                __syscall_getreent
 .text.__syscall_gettod_r
                0x00105ef4       0x64 /opt/devkitpro/libctru/lib/libctru.a(syscalls.o)
                0x00105ef4                __syscall_gettod_r
 .text.__syscall_lock_acquire
                0x00105f58        0x4 /opt/devkitpro/libctru/lib/libctru.a(syscalls.o)
                0x00105f58                __syscall_lock_acquire
 .text.__syscall_lock_release
                0x00105f5c        0x4 /opt/devkitpro/libctru/lib/libctru.a(syscalls.o)
                0x00105f5c                __syscall_lock_release
 .text.__syscall_lock_acquire_recursive
                0x00105f60        0x4 /opt/devkitpro/libctru/lib/libctru.a(syscalls.o)
                0x00105f60                __syscall_lock_acquire_recursive
 .text.__syscall_lock_release_recursive
                0x00105f64        0x4 /opt/devkitpro/libctru/lib/libctru.a(syscalls.o)
                0x00105f64                __syscall_lock_release_recursive
 .text.__syscall_exit
                0x00105f68        0x4 /opt/devkitpro/libctru/lib/libctru.a(syscalls.o)
                0x00105f68                __syscall_exit
 .text.initThreadVars
                0x00105f6c       0x54 /opt/devkitpro/libctru/lib/libctru.a(syscalls.o)
                0x00105f6c                initThreadVars
 .text.__system_initSyscalls
                0x00105fc0       0x80 /opt/devkitpro/libctru/lib/libctru.a(syscalls.o)
                0x00105fc0                __system_initSyscalls
 .text.svcControlMemory
                0x00106040       0x20 /opt/devkitpro/libctru/lib/libctru.a(svc.o)
                0x00106040                svcControlMemory
 .text.svcQueryMemory
                0x00106060       0x30 /opt/devkitpro/libctru/lib/libctru.a(svc.o)
                0x00106060                svcQueryMemory
 .text.svcExitProcess
                0x00106090        0x8 /opt/devkitpro/libctru/lib/libctru.a(svc.o)
                0x00106090                svcExitProcess
 .text.svcCreateThread
                0x00106098       0x20 /opt/devkitpro/libctru/lib/libctru.a(svc.o)
                0x00106098                svcCreateThread
 .text.svcExitThread
                0x001060b8        0x8 /opt/devkitpro/libctru/lib/libctru.a(svc.o)
                0x001060b8                svcExitThread
 .text.svcSleepThread
                0x001060c0        0x8 /opt/devkitpro/libctru/lib/libctru.a(svc.o)
                0x001060c0                svcSleepThread
 .text.svcReleaseMutex
                0x001060c8        0x8 /opt/devkitpro/libctru/lib/libctru.a(svc.o)
                0x001060c8                svcReleaseMutex
 .text.svcCreateEvent
                0x001060d0       0x14 /opt/devkitpro/libctru/lib/libctru.a(svc.o)
                0x001060d0                svcCreateEvent
 .text.svcSignalEvent
                0x001060e4        0x8 /opt/devkitpro/libctru/lib/libctru.a(svc.o)
                0x001060e4                svcSignalEvent
 .text.svcClearEvent
                0x001060ec        0x8 /opt/devkitpro/libctru/lib/libctru.a(svc.o)
                0x001060ec                svcClearEvent
 .text.svcMapMemoryBlock
                0x001060f4        0x8 /opt/devkitpro/libctru/lib/libctru.a(svc.o)
                0x001060f4                svcMapMemoryBlock
 .text.svcUnmapMemoryBlock
                0x001060fc        0x8 /opt/devkitpro/libctru/lib/libctru.a(svc.o)
                0x001060fc                svcUnmapMemoryBlock
 .text.svcCreateAddressArbiter
                0x00106104       0x14 /opt/devkitpro/libctru/lib/libctru.a(svc.o)
                0x00106104                svcCreateAddressArbiter
 .text.svcArbitrateAddressNoTimeout
                0x00106118        0x8 /opt/devkitpro/libctru/lib/libctru.a(svc.o)
                0x00106118                svcArbitrateAddressNoTimeout
 .text.svcCloseHandle
                0x00106120        0x8 /opt/devkitpro/libctru/lib/libctru.a(svc.o)
                0x00106120                svcCloseHandle
 .text.svcWaitSynchronization
                0x00106128        0x8 /opt/devkitpro/libctru/lib/libctru.a(svc.o)
                0x00106128                svcWaitSynchronization
 .text.svcWaitSynchronizationN
                0x00106130       0x28 /opt/devkitpro/libctru/lib/libctru.a(svc.o)
                0x00106130                svcWaitSynchronizationN
 .text.svcDuplicateHandle
                0x00106158       0x14 /opt/devkitpro/libctru/lib/libctru.a(svc.o)
                0x00106158                svcDuplicateHandle
 .text.svcGetSystemTick
                0x0010616c        0x8 /opt/devkitpro/libctru/lib/libctru.a(svc.o)
                0x0010616c                svcGetSystemTick
 .text.svcConnectToPort
                0x00106174       0x14 /opt/devkitpro/libctru/lib/libctru.a(svc.o)
                0x00106174                svcConnectToPort
 .text.svcSendSyncRequest
                0x00106188        0x8 /opt/devkitpro/libctru/lib/libctru.a(svc.o)
                0x00106188                svcSendSyncRequest
 .text.svcGetResourceLimit
                0x00106190       0x14 /opt/devkitpro/libctru/lib/libctru.a(svc.o)
                0x00106190                svcGetResourceLimit
 .text.svcGetResourceLimitLimitValues
                0x001061a4        0x8 /opt/devkitpro/libctru/lib/libctru.a(svc.o)
                0x001061a4                svcGetResourceLimitLimitValues
 .text.svcGetResourceLimitCurrentValues
                0x001061ac        0x8 /opt/devkitpro/libctru/lib/libctru.a(svc.o)
                0x001061ac                svcGetResourceLimitCurrentValues
 .text.svcBreak
                0x001061b4        0x8 /opt/devkitpro/libctru/lib/libctru.a(svc.o)
                0x001061b4                svcBreak
 .text.initSystem
                0x001061bc       0x50 /opt/devkitpro/libctru/lib/libctru.a(stack_adjust.o)
                0x001061bc                initSystem
 .text.__ctru_exit
                0x0010620c       0x14 /opt/devkitpro/libctru/lib/libctru.a(stack_adjust.o)
                0x0010620c                __ctru_exit
 .text._ZL21addrMapNodeComparatorPK11rbtree_nodeS1_
                0x00106220       0x24 /opt/devkitpro/libctru/lib/libctru.a(linear.o)
 .text._ZL21addrMapNodeDestructorP11rbtree_node
                0x00106244        0x4 /opt/devkitpro/libctru/lib/libctru.a(linear.o)
 .text.linearMemAlign
                0x00106248      0x12c /opt/devkitpro/libctru/lib/libctru.a(linear.o)
                0x00106248                linearMemAlign
 .text.linearAlloc
                0x00106374        0x8 /opt/devkitpro/libctru/lib/libctru.a(linear.o)
                0x00106374                linearAlloc
 .text.linearFree
                0x0010637c       0x5c /opt/devkitpro/libctru/lib/libctru.a(linear.o)
                0x0010637c                linearFree
 .text._ZN7MemPool13CoalesceRightEP8MemBlock
                0x001063d8       0x88 /opt/devkitpro/libctru/lib/libctru.a(mem_pool.o)
                0x001063d8                _ZN7MemPool13CoalesceRightEP8MemBlock
 .text._ZN7MemPool8AllocateER8MemChunkmi
                0x00106460      0x178 /opt/devkitpro/libctru/lib/libctru.a(mem_pool.o)
                0x00106460                _ZN7MemPool8AllocateER8MemChunkmi
 .text._ZN7MemPool10DeallocateERK8MemChunk
                0x001065d8      0x118 /opt/devkitpro/libctru/lib/libctru.a(mem_pool.o)
                0x001065d8                _ZN7MemPool10DeallocateERK8MemChunk
 .text._ZN7MemPool12GetFreeSpaceEv
                0x001066f0       0x30 /opt/devkitpro/libctru/lib/libctru.a(mem_pool.o)
                0x001066f0                _ZN7MemPool12GetFreeSpaceEv
 .text._ZL21addrMapNodeComparatorPK11rbtree_nodeS1_
                0x00106720       0x24 /opt/devkitpro/libctru/lib/libctru.a(vram.o)
 .text._ZL21addrMapNodeDestructorP11rbtree_node
                0x00106744        0x4 /opt/devkitpro/libctru/lib/libctru.a(vram.o)
 .text.vramMemAlignAt
                0x00106748      0x248 /opt/devkitpro/libctru/lib/libctru.a(vram.o)
                0x00106748                vramMemAlignAt
 .text.vramAlloc
                0x00106990        0xc /opt/devkitpro/libctru/lib/libctru.a(vram.o)
                0x00106990                vramAlloc
 .text.vramFree
                0x0010699c       0x94 /opt/devkitpro/libctru/lib/libctru.a(vram.o)
                0x0010699c                vramFree
 .text.envGetHandle
                0x00106a30       0x8c /opt/devkitpro/libctru/lib/libctru.a(env.o)
                0x00106a30                envGetHandle
 .text.envDestroyHandles
                0x00106abc       0x50 /opt/devkitpro/libctru/lib/libctru.a(env.o)
                0x00106abc                envDestroyHandles
 .text.osGetTimeRef
                0x00106b0c       0x54 /opt/devkitpro/libctru/lib/libctru.a(os.o)
                0x00106b0c                osGetTimeRef
 .text.osGetTime
                0x00106b60       0xec /opt/devkitpro/libctru/lib/libctru.a(os.o)
                0x00106b60                osGetTime
 .text.__ctru_speedup_config
                0x00106c4c       0x34 /opt/devkitpro/libctru/lib/libctru.a(os.o)
                0x00106c4c                __ctru_speedup_config
 .text.srvInit  0x00106c80      0x164 /opt/devkitpro/libctru/lib/libctru.a(srv.o)
                0x00106c80                srvInit
 .text.srvExit  0x00106de4       0x64 /opt/devkitpro/libctru/lib/libctru.a(srv.o)
                0x00106de4                srvExit
 .text.srvEnableNotification
                0x00106e48       0x60 /opt/devkitpro/libctru/lib/libctru.a(srv.o)
                0x00106e48                srvEnableNotification
 .text.srvGetServiceHandleDirect
                0x00106ea8       0xa0 /opt/devkitpro/libctru/lib/libctru.a(srv.o)
                0x00106ea8                srvGetServiceHandleDirect
 .text.srvGetServiceHandle
                0x00106f48       0x48 /opt/devkitpro/libctru/lib/libctru.a(srv.o)
                0x00106f48                srvGetServiceHandle
 .text.srvSubscribe
                0x00106f90       0x34 /opt/devkitpro/libctru/lib/libctru.a(srv.o)
                0x00106f90                srvSubscribe
 .text.srvReceiveNotification
                0x00106fc4       0x60 /opt/devkitpro/libctru/lib/libctru.a(srv.o)
                0x00106fc4                srvReceiveNotification
 .text.srvPublishToSubscriber
                0x00107024       0x38 /opt/devkitpro/libctru/lib/libctru.a(srv.o)
                0x00107024                srvPublishToSubscriber
 .text.__sync_init
                0x0010705c        0xc /opt/devkitpro/libctru/lib/libctru.a(synchronization.o)
                0x0010705c                __sync_init
 .text.__sync_fini
                0x00107068       0x18 /opt/devkitpro/libctru/lib/libctru.a(synchronization.o)
                0x00107068                __sync_fini
 .text.syncArbitrateAddress
                0x00107080       0x28 /opt/devkitpro/libctru/lib/libctru.a(synchronization.o)
                0x00107080                syncArbitrateAddress
 .text.LightLock_Lock
                0x001070a8       0xac /opt/devkitpro/libctru/lib/libctru.a(synchronization.o)
                0x001070a8                LightLock_Lock
 .text.LightLock_Unlock
                0x00107154       0x40 /opt/devkitpro/libctru/lib/libctru.a(synchronization.o)
                0x00107154                LightLock_Unlock
 .text.RecursiveLock_Lock
                0x00107194       0x54 /opt/devkitpro/libctru/lib/libctru.a(synchronization.o)
                0x00107194                RecursiveLock_Lock
 .text.RecursiveLock_Unlock
                0x001071e8       0x54 /opt/devkitpro/libctru/lib/libctru.a(synchronization.o)
                0x001071e8                RecursiveLock_Unlock
 .text.LightEvent_Init
                0x0010723c       0x44 /opt/devkitpro/libctru/lib/libctru.a(synchronization.o)
                0x0010723c                LightEvent_Init
 .text.LightEvent_Clear
                0x00107280       0xb8 /opt/devkitpro/libctru/lib/libctru.a(synchronization.o)
                0x00107280                LightEvent_Clear
 .text.LightEvent_Signal
                0x00107338       0xdc /opt/devkitpro/libctru/lib/libctru.a(synchronization.o)
                0x00107338                LightEvent_Signal
 .text.LightEvent_TryWait
                0x00107414       0x50 /opt/devkitpro/libctru/lib/libctru.a(synchronization.o)
                0x00107414                LightEvent_TryWait
 .text.LightEvent_Wait
                0x00107464       0xac /opt/devkitpro/libctru/lib/libctru.a(synchronization.o)
                0x00107464                LightEvent_Wait
 .text.threadCreate
                0x00107510      0x1fc /opt/devkitpro/libctru/lib/libctru.a(thread.o)
                0x00107510                threadCreate
 .text.threadFree
                0x0010770c       0x38 /opt/devkitpro/libctru/lib/libctru.a(thread.o)
                0x0010770c                threadFree
 .text.threadJoin
                0x00107744       0x24 /opt/devkitpro/libctru/lib/libctru.a(thread.o)
                0x00107744                threadJoin
 .text.threadGetCurrent
                0x00107768       0x30 /opt/devkitpro/libctru/lib/libctru.a(thread.o)
                0x00107768                threadGetCurrent
 .text.threadExit
                0x00107798       0x40 /opt/devkitpro/libctru/lib/libctru.a(thread.o)
                0x00107798                threadExit
 .text._thread_begin
                0x001077d8       0x20 /opt/devkitpro/libctru/lib/libctru.a(thread.o)
 .text.mappableFindAddressWithin
                0x001077f8       0x90 /opt/devkitpro/libctru/lib/libctru.a(mappable.o)
 .text.mappableInit
                0x00107888       0x28 /opt/devkitpro/libctru/lib/libctru.a(mappable.o)
                0x00107888                mappableInit
 .text.mappableAlloc
                0x001078b0       0x7c /opt/devkitpro/libctru/lib/libctru.a(mappable.o)
                0x001078b0                mappableAlloc
 .text.mappableFree
                0x0010792c        0x4 /opt/devkitpro/libctru/lib/libctru.a(mappable.o)
                0x0010792c                mappableFree
 .text.ptmSysmInit
                0x00107930       0x78 /opt/devkitpro/libctru/lib/libctru.a(ptmsysm.o)
                0x00107930                ptmSysmInit
 .text.ptmSysmExit
                0x001079a8       0x3c /opt/devkitpro/libctru/lib/libctru.a(ptmsysm.o)
                0x001079a8                ptmSysmExit
 .text.PTMSYSM_ConfigureNew3DSCPU
                0x001079e4       0x34 /opt/devkitpro/libctru/lib/libctru.a(ptmsysm.o)
                0x001079e4                PTMSYSM_ConfigureNew3DSCPU
 .text.srvPmGetSessionHandle
                0x00107a18        0xc /opt/devkitpro/libctru/lib/libctru.a(srvpm.o)
                0x00107a18                srvPmGetSessionHandle
 .text.rbtree_find
                0x00107a24       0x74 /opt/devkitpro/libctru/lib/libctru.a(rbtree_find.o)
                0x00107a24                rbtree_find
 .text.rbtree_init
                0x00107a98       0x10 /opt/devkitpro/libctru/lib/libctru.a(rbtree_init.o)
                0x00107a98                rbtree_init
 .text.do_insert
                0x00107aa8      0x198 /opt/devkitpro/libctru/lib/libctru.a(rbtree_insert.o)
 .text.rbtree_insert
                0x00107c40        0x8 /opt/devkitpro/libctru/lib/libctru.a(rbtree_insert.o)
                0x00107c40                rbtree_insert
 .text.rbtree_remove
                0x00107c48      0x310 /opt/devkitpro/libctru/lib/libctru.a(rbtree_remove.o)
                0x00107c48                rbtree_remove
 .text.rbtree_rotate
                0x00107f58       0x90 /opt/devkitpro/libctru/lib/libctru.a(rbtree_rotate.o)
                0x00107f58                rbtree_rotate
 .text.__system_allocateHeaps
                0x00107fe8      0x1e8 /opt/devkitpro/libctru/lib/libctru.a(allocateHeaps.o)
                0x00107fe8                __system_allocateHeaps
 .text.__appExit
                0x001081d0       0x30 /opt/devkitpro/libctru/lib/libctru.a(appExit.o)
                0x001081d0                __appExit
 .text.__appInit
                0x00108200       0x30 /opt/devkitpro/libctru/lib/libctru.a(appInit.o)
                0x00108200                __appInit
 .text.__libctru_exit
                0x00108230       0x90 /opt/devkitpro/libctru/lib/libctru.a(ctru_exit.o)
                0x00108230                __libctru_exit
 .text.error_cmp
                0x001082c0       0x24 /opt/devkitpro/libctru/lib/libctru.a(archive_dev.o)
 .text.archive_translate_error
                0x001082e4       0x50 /opt/devkitpro/libctru/lib/libctru.a(archive_dev.o)
 .text.archive_seek
                0x00108334       0xc0 /opt/devkitpro/libctru/lib/libctru.a(archive_dev.o)
 .text._archiveInit.part.0
                0x001083f4       0x78 /opt/devkitpro/libctru/lib/libctru.a(archive_dev.o)
 .text.archiveFindDevice.part.0
                0x0010846c      0x110 /opt/devkitpro/libctru/lib/libctru.a(archive_dev.o)
 .text.archive_utf16path
                0x0010857c      0x298 /opt/devkitpro/libctru/lib/libctru.a(archive_dev.o)
 .text._archiveUnmountDeviceStruct.part.0
                0x00108814       0x98 /opt/devkitpro/libctru/lib/libctru.a(archive_dev.o)
 .text._archiveMountDevice
                0x001088ac      0x178 /opt/devkitpro/libctru/lib/libctru.a(archive_dev.o)
 .text.archive_diropen
                0x00108a24       0xf8 /opt/devkitpro/libctru/lib/libctru.a(archive_dev.o)
 .text.archive_fstat
                0x00108b1c       0xac /opt/devkitpro/libctru/lib/libctru.a(archive_dev.o)
 .text.archive_fsync
                0x00108bc8       0x74 /opt/devkitpro/libctru/lib/libctru.a(archive_dev.o)
 .text.archive_close
                0x00108c3c       0x74 /opt/devkitpro/libctru/lib/libctru.a(archive_dev.o)
 .text.archive_dirclose
                0x00108cb0       0x78 /opt/devkitpro/libctru/lib/libctru.a(archive_dev.o)
 .text.sdmc_statvfs
                0x00108d28       0xec /opt/devkitpro/libctru/lib/libctru.a(archive_dev.o)
 .text.archive_chdir
                0x00108e14       0xf8 /opt/devkitpro/libctru/lib/libctru.a(archive_dev.o)
 .text.archive_ftruncate
                0x00108f0c       0x8c /opt/devkitpro/libctru/lib/libctru.a(archive_dev.o)
 .text.archive_read
                0x00108f98       0xbc /opt/devkitpro/libctru/lib/libctru.a(archive_dev.o)
 .text.archive_unlink
                0x00109054       0xa8 /opt/devkitpro/libctru/lib/libctru.a(archive_dev.o)
 .text.archive_rmdir
                0x001090fc       0xc0 /opt/devkitpro/libctru/lib/libctru.a(archive_dev.o)
 .text.archive_mkdir
                0x001091bc       0xd8 /opt/devkitpro/libctru/lib/libctru.a(archive_dev.o)
 .text.archive_stat
                0x00109294      0x1a0 /opt/devkitpro/libctru/lib/libctru.a(archive_dev.o)
 .text.archive_dirnext
                0x00109434      0x164 /opt/devkitpro/libctru/lib/libctru.a(archive_dev.o)
 .text.archive_write
                0x00109598      0x13c /opt/devkitpro/libctru/lib/libctru.a(archive_dev.o)
 *fill*         0x001096d4        0x4 
 .text.archive_open
                0x001096d8      0x254 /opt/devkitpro/libctru/lib/libctru.a(archive_dev.o)
 .text.archive_rename
                0x0010992c      0x270 /opt/devkitpro/libctru/lib/libctru.a(archive_dev.o)
 .text.archiveMountSdmc
                0x00109b9c      0x1c8 /opt/devkitpro/libctru/lib/libctru.a(archive_dev.o)
                0x00109b9c                archiveMountSdmc
 .text.archiveUnmountAll
                0x00109d64       0x54 /opt/devkitpro/libctru/lib/libctru.a(archive_dev.o)
                0x00109d64                archiveUnmountAll
 .text.fsInit   0x00109db8      0x104 /opt/devkitpro/libctru/lib/libctru.a(fs.o)
                0x00109db8                fsInit
 .text.fsExit   0x00109ebc       0x3c /opt/devkitpro/libctru/lib/libctru.a(fs.o)
                0x00109ebc                fsExit
 .text.fsExemptFromSession
                0x00109ef8       0x68 /opt/devkitpro/libctru/lib/libctru.a(fs.o)
                0x00109ef8                fsExemptFromSession
 .text.fsUnexemptFromSession
                0x00109f60       0x50 /opt/devkitpro/libctru/lib/libctru.a(fs.o)
                0x00109f60                fsUnexemptFromSession
 .text.FSUSER_OpenFile
                0x00109fb0       0xcc /opt/devkitpro/libctru/lib/libctru.a(fs.o)
                0x00109fb0                FSUSER_OpenFile
 .text.FSUSER_DeleteFile
                0x0010a07c       0xb8 /opt/devkitpro/libctru/lib/libctru.a(fs.o)
                0x0010a07c                FSUSER_DeleteFile
 .text.FSUSER_RenameFile
                0x0010a134       0xf4 /opt/devkitpro/libctru/lib/libctru.a(fs.o)
                0x0010a134                FSUSER_RenameFile
 .text.FSUSER_DeleteDirectory
                0x0010a228       0xb8 /opt/devkitpro/libctru/lib/libctru.a(fs.o)
                0x0010a228                FSUSER_DeleteDirectory
 .text.FSUSER_CreateFile
                0x0010a2e0       0xd0 /opt/devkitpro/libctru/lib/libctru.a(fs.o)
                0x0010a2e0                FSUSER_CreateFile
 .text.FSUSER_CreateDirectory
                0x0010a3b0       0xc0 /opt/devkitpro/libctru/lib/libctru.a(fs.o)
                0x0010a3b0                FSUSER_CreateDirectory
 .text.FSUSER_RenameDirectory
                0x0010a470       0xf4 /opt/devkitpro/libctru/lib/libctru.a(fs.o)
                0x0010a470                FSUSER_RenameDirectory
 .text.FSUSER_OpenDirectory
                0x0010a564       0xb4 /opt/devkitpro/libctru/lib/libctru.a(fs.o)
                0x0010a564                FSUSER_OpenDirectory
 .text.FSUSER_OpenArchive
                0x0010a618       0x90 /opt/devkitpro/libctru/lib/libctru.a(fs.o)
                0x0010a618                FSUSER_OpenArchive
 .text.FSUSER_CloseArchive
                0x0010a6a8       0x8c /opt/devkitpro/libctru/lib/libctru.a(fs.o)
                0x0010a6a8                FSUSER_CloseArchive
 .text.FSUSER_GetSdmcArchiveResource
                0x0010a734       0x74 /opt/devkitpro/libctru/lib/libctru.a(fs.o)
                0x0010a734                FSUSER_GetSdmcArchiveResource
 .text.FSUSER_IsSdmcWritable
                0x0010a7a8       0x64 /opt/devkitpro/libctru/lib/libctru.a(fs.o)
                0x0010a7a8                FSUSER_IsSdmcWritable
 .text.FSFILE_Read
                0x0010a80c       0x64 /opt/devkitpro/libctru/lib/libctru.a(fs.o)
                0x0010a80c                FSFILE_Read
 .text.FSFILE_Write
                0x0010a870       0x6c /opt/devkitpro/libctru/lib/libctru.a(fs.o)
                0x0010a870                FSFILE_Write
 .text.FSFILE_GetSize
                0x0010a8dc       0x44 /opt/devkitpro/libctru/lib/libctru.a(fs.o)
                0x0010a8dc                FSFILE_GetSize
 .text.FSFILE_SetSize
                0x0010a920       0x28 /opt/devkitpro/libctru/lib/libctru.a(fs.o)
                0x0010a920                FSFILE_SetSize
 .text.FSFILE_Close
                0x0010a948       0x3c /opt/devkitpro/libctru/lib/libctru.a(fs.o)
                0x0010a948                FSFILE_Close
 .text.FSFILE_Flush
                0x0010a984       0x24 /opt/devkitpro/libctru/lib/libctru.a(fs.o)
                0x0010a984                FSFILE_Flush
 .text.FSDIR_Read
                0x0010a9a8       0x60 /opt/devkitpro/libctru/lib/libctru.a(fs.o)
                0x0010a9a8                FSDIR_Read
 .text.FSDIR_Close
                0x0010aa08       0x3c /opt/devkitpro/libctru/lib/libctru.a(fs.o)
                0x0010aa08                FSDIR_Close
 .text.rbtree_node_next
                0x0010aa44       0x60 /opt/devkitpro/libctru/lib/libctru.a(rbtree_iterator.o)
                0x0010aa44                rbtree_node_next
 .text.decode_utf8
                0x0010aaa4      0x140 /opt/devkitpro/libctru/lib/libctru.a(decode_utf8.o)
                0x0010aaa4                decode_utf8
 .text.utf16_to_utf8
                0x0010abe4       0xe8 /opt/devkitpro/libctru/lib/libctru.a(utf16_to_utf8.o)
                0x0010abe4                utf16_to_utf8
 .text.utf8_to_utf16
                0x0010accc       0xc0 /opt/devkitpro/libctru/lib/libctru.a(utf8_to_utf16.o)
                0x0010accc                utf8_to_utf16
 .text.__aeabi_read_tp
                0x0010ad8c        0xc /opt/devkitpro/libctru/lib/libctru.a(readtp.o)
                0x0010ad8c                __aeabi_read_tp
 .text.decode_utf16
                0x0010ad98       0x54 /opt/devkitpro/libctru/lib/libctru.a(decode_utf16.o)
                0x0010ad98                decode_utf16
 .text.encode_utf16
                0x0010adec       0x54 /opt/devkitpro/libctru/lib/libctru.a(encode_utf16.o)
                0x0010adec                encode_utf16
 .text.encode_utf8
                0x0010ae40       0xe0 /opt/devkitpro/libctru/lib/libctru.a(encode_utf8.o)
                0x0010ae40                encode_utf8
 .text.__udivmoddi4
                0x0010af20      0x130 /opt/devkitpro/devkitARM/lib/gcc/arm-none-eabi/15.2.0/armv6k/fpu/libgcc.a(_udivmoddi4.o)
                0x0010af20                __udivmoddi4
 .text.strncat  0x0010b050       0xe4 /opt/devkitpro/devkitARM/lib/gcc/arm-none-eabi/15.2.0/../../../../arm-none-eabi/lib/armv6k/fpu/libg.a(libc_a-strncat.o)
                0x0010b050                strncat
 .text.srand    0x0010b134       0x1c /opt/devkitpro/devkitARM/lib/gcc/arm-none-eabi/15.2.0/../../../../arm-none-eabi/lib/armv6k/fpu/libg.a(libc_a-rand.o)
                0x0010b134                srand
 .text.rand     0x0010b150       0x44 /opt/devkitpro/devkitARM/lib/gcc/arm-none-eabi/15.2.0/../../../../arm-none-eabi/lib/armv6k/fpu/libg.a(libc_a-rand.o)
                0x0010b150                rand
 .text.critical_factorization
                0x0010b194      0x130 /opt/devkitpro/devkitARM/lib/gcc/arm-none-eabi/15.2.0/../../../../arm-none-eabi/lib/armv6k/fpu/libg.a(libc_a-strstr.o)
 .text.two_way_long_needle
                0x0010b2c4      0x33c /opt/devkitpro/devkitARM/lib/gcc/arm-none-eabi/15.2.0/../../../../arm-none-eabi/lib/armv6k/fpu/libg.a(libc_a-strstr.o)
 .text.strstr   0x0010b600      0x238 /opt/devkitpro/devkitARM/lib/gcc/arm-none-eabi/15.2.0/../../../../arm-none-eabi/lib/armv6k/fpu/libg.a(libc_a-strstr.o)
                0x0010b600                strstr
 .text.memcpy   0x0010b838      0x128 /opt/devkitpro/devkitARM/lib/gcc/arm-none-eabi/15.2.0/../../../../arm-none-eabi/lib/armv6k/fpu/libg.a(libc_a-memcpy-stub.o)
                0x0010b838                memcpy
 .text.strlen   0x0010b960       0x8c /opt/devkitpro/devkitARM/lib/gcc/arm-none-eabi/15.2.0/../../../../arm-none-eabi/lib/armv6k/fpu/libg.a(libc_a-strlen.o)
                0x0010b960                strlen
 .text._fread_r
                0x0010b9ec      0x334 /opt/devkitpro/devkitARM/lib/gcc/arm-none-eabi/15.2.0/../../../../arm-none-eabi/lib/armv6k/fpu/libg.a(libc_a-fread.o)
                0x0010b9ec                _fread_r
 .text.fread    0x0010bd20       0x38 /opt/devkitpro/devkitARM/lib/gcc/arm-none-eabi/15.2.0/../../../../arm-none-eabi/lib/armv6k/fpu/libg.a(libc_a-fread.o)
                0x0010bd20                fread
 .text.bsearch  0x0010bd58       0x78 /opt/devkitpro/devkitARM/lib/gcc/arm-none-eabi/15.2.0/../../../../arm-none-eabi/lib/armv6k/fpu/libg.a(libc_a-bsearch.o)
                0x0010bd58                bsearch
 .text._fopen_r
                0x0010bdd0      0x134 /opt/devkitpro/devkitARM/lib/gcc/arm-none-eabi/15.2.0/../../../../arm-none-eabi/lib/armv6k/fpu/libg.a(libc_a-fopen.o)
                0x0010bdd0                _fopen_r
 .text.fopen    0x0010bf04       0x28 /opt/devkitpro/devkitARM/lib/gcc/arm-none-eabi/15.2.0/../../../../arm-none-eabi/lib/armv6k/fpu/libg.a(libc_a-fopen.o)
                0x0010bf04                fopen
 .text.memalign
                0x0010bf2c       0x28 /opt/devkitpro/devkitARM/lib/gcc/arm-none-eabi/15.2.0/../../../../arm-none-eabi/lib/armv6k/fpu/libg.a(libc_a-malign.o)
                0x0010bf2c                memalign
 .text.snprintf
                0x0010bf54       0xa0 /opt/devkitpro/devkitARM/lib/gcc/arm-none-eabi/15.2.0/../../../../arm-none-eabi/lib/armv6k/fpu/libg.a(libc_a-snprintf.o)
                0x0010bf54                snprintf
 .text.printf   0x0010bff4       0x34 /opt/devkitpro/devkitARM/lib/gcc/arm-none-eabi/15.2.0/../../../../arm-none-eabi/lib/armv6k/fpu/libg.a(libc_a-printf.o)
                0x0010bff4                printf
 .text._strtoul_l.isra.0
                0x0010c028      0x1ec /opt/devkitpro/devkitARM/lib/gcc/arm-none-eabi/15.2.0/../../../../arm-none-eabi/lib/armv6k/fpu/libg.a(libc_a-strtoul.o)
 .text.strtoul  0x0010c214       0x3c /opt/devkitpro/devkitARM/lib/gcc/arm-none-eabi/15.2.0/../../../../arm-none-eabi/lib/armv6k/fpu/libg.a(libc_a-strtoul.o)
                0x0010c214                strtoul
 .text.strchr   0x0010c250      0x140 /opt/devkitpro/devkitARM/lib/gcc/arm-none-eabi/15.2.0/../../../../arm-none-eabi/lib/armv6k/fpu/libg.a(libc_a-strchr.o)
                0x0010c250                strchr
 .text.memcmp   0x0010c390       0xd8 /opt/devkitpro/devkitARM/lib/gcc/arm-none-eabi/15.2.0/../../../../arm-none-eabi/lib/armv6k/fpu/libg.a(libc_a-memcmp.o)
                0x0010c390                memcmp
 .text._memalign_r
                0x0010c468      0x16c /opt/devkitpro/devkitARM/lib/gcc/arm-none-eabi/15.2.0/../../../../arm-none-eabi/lib/armv6k/fpu/libg.a(libc_a-malignr.o)
                0x0010c468                _memalign_r
 .text.__errno  0x0010c5d4        0xc /opt/devkitpro/devkitARM/lib/gcc/arm-none-eabi/15.2.0/../../../../arm-none-eabi/lib/armv6k/fpu/libg.a(libc_a-errno.o)
                0x0010c5d4                __errno
 .text.__smakebuf_r
                0x0010c5e0      0x164 /opt/devkitpro/devkitARM/lib/gcc/arm-none-eabi/15.2.0/../../../../arm-none-eabi/lib/armv6k/fpu/libg.a(libc_a-makebuf.o)
                0x0010c5e0                __smakebuf_r
 .text.__swhatbuf_r
                0x0010c744       0x90 /opt/devkitpro/devkitARM/lib/gcc/arm-none-eabi/15.2.0/../../../../arm-none-eabi/lib/armv6k/fpu/libg.a(libc_a-makebuf.o)
                0x0010c744                __swhatbuf_r
 .text.memset   0x0010c7d4       0xe4 /opt/devkitpro/devkitARM/lib/gcc/arm-none-eabi/15.2.0/../../../../arm-none-eabi/lib/armv6k/fpu/libg.a(libc_a-memset.o)
                0x0010c7d4                memset
 .text.__sflush_r
                0x0010c8b8      0x22c /opt/devkitpro/devkitARM/lib/gcc/arm-none-eabi/15.2.0/../../../../arm-none-eabi/lib/armv6k/fpu/libg.a(libc_a-fflush.o)
                0x0010c8b8                __sflush_r
 .text._fflush_r
                0x0010cae4       0xc4 /opt/devkitpro/devkitARM/lib/gcc/arm-none-eabi/15.2.0/../../../../arm-none-eabi/lib/armv6k/fpu/libg.a(libc_a-fflush.o)
                0x0010cae4                _fflush_r
 .text._fwrite_r
                0x0010cba8      0x104 /opt/devkitpro/devkitARM/lib/gcc/arm-none-eabi/15.2.0/../../../../arm-none-eabi/lib/armv6k/fpu/libg.a(libc_a-fwrite.o)
                0x0010cba8                _fwrite_r
 .text.fwrite   0x0010ccac       0x38 /opt/devkitpro/devkitARM/lib/gcc/arm-none-eabi/15.2.0/../../../../arm-none-eabi/lib/armv6k/fpu/libg.a(libc_a-fwrite.o)
                0x0010ccac                fwrite
 .text._malloc_r
                0x0010cce4      0x82c /opt/devkitpro/devkitARM/lib/gcc/arm-none-eabi/15.2.0/../../../../arm-none-eabi/lib/armv6k/fpu/libg.a(libc_a-mallocr.o)
                0x0010cce4                _malloc_r
 .text._malloc_trim_r
                0x0010d510      0x114 /opt/devkitpro/devkitARM/lib/gcc/arm-none-eabi/15.2.0/../../../../arm-none-eabi/lib/armv6k/fpu/libg.a(libc_a-freer.o)
                0x0010d510                _malloc_trim_r
 .text._free_r  0x0010d624      0x314 /opt/devkitpro/devkitARM/lib/gcc/arm-none-eabi/15.2.0/../../../../arm-none-eabi/lib/armv6k/fpu/libg.a(libc_a-freer.o)
                0x0010d624                _free_r
 .text.setvbuf  0x0010d938      0x294 /opt/devkitpro/devkitARM/lib/gcc/arm-none-eabi/15.2.0/../../../../arm-none-eabi/lib/armv6k/fpu/libg.a(libc_a-setvbuf.o)
                0x0010d938                setvbuf
 .text.stdio_exit_handler
                0x0010dbcc       0x1c /opt/devkitpro/devkitARM/lib/gcc/arm-none-eabi/15.2.0/../../../../arm-none-eabi/lib/armv6k/fpu/libg.a(libc_a-findfp.o)
 .text.cleanup_stdio
                0x0010dbe8       0x5c /opt/devkitpro/devkitARM/lib/gcc/arm-none-eabi/15.2.0/../../../../arm-none-eabi/lib/armv6k/fpu/libg.a(libc_a-findfp.o)
 .text.global_stdio_init.part.0
                0x0010dc44      0x154 /opt/devkitpro/devkitARM/lib/gcc/arm-none-eabi/15.2.0/../../../../arm-none-eabi/lib/armv6k/fpu/libg.a(libc_a-findfp.o)
 .text.__sfp    0x0010dd98      0x138 /opt/devkitpro/devkitARM/lib/gcc/arm-none-eabi/15.2.0/../../../../arm-none-eabi/lib/armv6k/fpu/libg.a(libc_a-findfp.o)
                0x0010dd98                __sfp
 .text.__sinit  0x0010ded0       0x5c /opt/devkitpro/devkitARM/lib/gcc/arm-none-eabi/15.2.0/../../../../arm-none-eabi/lib/armv6k/fpu/libg.a(libc_a-findfp.o)
                0x0010ded0                __sinit
 .text.__sfp_lock_acquire
                0x0010df2c        0xc /opt/devkitpro/devkitARM/lib/gcc/arm-none-eabi/15.2.0/../../../../arm-none-eabi/lib/armv6k/fpu/libg.a(libc_a-findfp.o)
                0x0010df2c                __sfp_lock_acquire
 .text.__sfp_lock_release
                0x0010df38        0xc /opt/devkitpro/devkitARM/lib/gcc/arm-none-eabi/15.2.0/../../../../arm-none-eabi/lib/armv6k/fpu/libg.a(libc_a-findfp.o)
                0x0010df38                __sfp_lock_release
 .text.__libc_init_array
                0x0010df44       0x84 /opt/devkitpro/devkitARM/lib/gcc/arm-none-eabi/15.2.0/../../../../arm-none-eabi/lib/armv6k/fpu/libg.a(libc_a-init.o)
                0x0010df44                __libc_init_array
 .text.strncpy  0x0010dfc8       0xd4 /opt/devkitpro/devkitARM/lib/gcc/arm-none-eabi/15.2.0/../../../../arm-none-eabi/lib/armv6k/fpu/libg.a(libc_a-strncpy.o)
                0x0010dfc8                strncpy
 .text._fseek_r
                0x0010e09c       0x1c /opt/devkitpro/devkitARM/lib/gcc/arm-none-eabi/15.2.0/../../../../arm-none-eabi/lib/armv6k/fpu/libg.a(libc_a-fseek.o)
                0x0010e09c                _fseek_r
 .text.fseek    0x0010e0b8       0x34 /opt/devkitpro/devkitARM/lib/gcc/arm-none-eabi/15.2.0/../../../../arm-none-eabi/lib/armv6k/fpu/libg.a(libc_a-fseek.o)
                0x0010e0b8                fseek
 .text.malloc   0x0010e0ec       0x40 /opt/devkitpro/devkitARM/lib/gcc/arm-none-eabi/15.2.0/../../../../arm-none-eabi/lib/armv6k/fpu/libg.a(libc_a-malloc.o)
                0x0010e0ec                malloc
 .text.free     0x0010e12c       0x20 /opt/devkitpro/devkitARM/lib/gcc/arm-none-eabi/15.2.0/../../../../arm-none-eabi/lib/armv6k/fpu/libg.a(libc_a-malloc.o)
                0x0010e12c                free
 .text._puts_r  0x0010e14c       0xe0 /opt/devkitpro/devkitARM/lib/gcc/arm-none-eabi/15.2.0/../../../../arm-none-eabi/lib/armv6k/fpu/libg.a(libc_a-puts.o)
                0x0010e14c                _puts_r
 .text.puts     0x0010e22c       0x20 /opt/devkitpro/devkitARM/lib/gcc/arm-none-eabi/15.2.0/../../../../arm-none-eabi/lib/armv6k/fpu/libg.a(libc_a-puts.o)
                0x0010e22c                puts
 .text.__sread  0x0010e24c       0x44 /opt/devkitpro/devkitARM/lib/gcc/arm-none-eabi/15.2.0/../../../../arm-none-eabi/lib/armv6k/fpu/libg.a(libc_a-stdio.o)
                0x0010e24c                __sread
 .text.__swrite
                0x0010e290       0x68 /opt/devkitpro/devkitARM/lib/gcc/arm-none-eabi/15.2.0/../../../../arm-none-eabi/lib/armv6k/fpu/libg.a(libc_a-stdio.o)
                0x0010e290                __swrite
 .text.__sseek  0x0010e2f8       0x40 /opt/devkitpro/devkitARM/lib/gcc/arm-none-eabi/15.2.0/../../../../arm-none-eabi/lib/armv6k/fpu/libg.a(libc_a-stdio.o)
                0x0010e2f8                __sseek
 .text.__sclose
                0x0010e338        0x8 /opt/devkitpro/devkitARM/lib/gcc/arm-none-eabi/15.2.0/../../../../arm-none-eabi/lib/armv6k/fpu/libg.a(libc_a-stdio.o)
                0x0010e338                __sclose
 .text.__malloc_lock
                0x0010e340        0xc /opt/devkitpro/devkitARM/lib/gcc/arm-none-eabi/15.2.0/../../../../arm-none-eabi/lib/armv6k/fpu/libg.a(libc_a-mlock.o)
                0x0010e340                __malloc_lock
 .text.__malloc_unlock
                0x0010e34c        0xc /opt/devkitpro/devkitARM/lib/gcc/arm-none-eabi/15.2.0/../../../../arm-none-eabi/lib/armv6k/fpu/libg.a(libc_a-mlock.o)
                0x0010e34c                __malloc_unlock
 .text._fseeko_r
                0x0010e358      0x588 /opt/devkitpro/devkitARM/lib/gcc/arm-none-eabi/15.2.0/../../../../arm-none-eabi/lib/armv6k/fpu/libg.a(libc_a-fseeko.o)
                0x0010e358                _fseeko_r
 .text._fclose_r
                0x0010e8e0      0x148 /opt/devkitpro/devkitARM/lib/gcc/arm-none-eabi/15.2.0/../../../../arm-none-eabi/lib/armv6k/fpu/libg.a(libc_a-fclose.o)
                0x0010e8e0                _fclose_r
 .text.fclose   0x0010ea28       0x20 /opt/devkitpro/devkitARM/lib/gcc/arm-none-eabi/15.2.0/../../../../arm-none-eabi/lib/armv6k/fpu/libg.a(libc_a-fclose.o)
                0x0010ea28                fclose
 .text.time     0x0010ea48       0x48 /opt/devkitpro/devkitARM/lib/gcc/arm-none-eabi/15.2.0/../../../../arm-none-eabi/lib/armv6k/fpu/libg.a(libc_a-time.o)
                0x0010ea48                time
 .text.__call_exitprocs
                0x0010ea90        0x4 /opt/devkitpro/devkitARM/lib/gcc/arm-none-eabi/15.2.0/../../../../arm-none-eabi/lib/armv6k/fpu/libg.a(libc_a-exit.o)
                0x0010ea90                __call_exitprocs
 .text.exit     0x0010ea94       0x30 /opt/devkitpro/devkitARM/lib/gcc/arm-none-eabi/15.2.0/../../../../arm-none-eabi/lib/armv6k/fpu/libg.a(libc_a-exit.o)
                0x0010ea94                exit
 .text.get_arg  0x0010eac4      0x5e0 /opt/devkitpro/devkitARM/lib/gcc/arm-none-eabi/15.2.0/../../../../arm-none-eabi/lib/armv6k/fpu/libg.a(libc_a-svfprintf.o)
 *fill*         0x0010f0a4        0x4 
 .text._svfprintf_r
                0x0010f0a8     0x345c /opt/devkitpro/devkitARM/lib/gcc/arm-none-eabi/15.2.0/../../../../arm-none-eabi/lib/armv6k/fpu/libg.a(libc_a-svfprintf.o)
                0x0010f0a8                _svfprintf_r
 .text.__sflags
                0x00112504       0xb8 /opt/devkitpro/devkitARM/lib/gcc/arm-none-eabi/15.2.0/../../../../arm-none-eabi/lib/armv6k/fpu/libg.a(libc_a-flags.o)
                0x00112504                __sflags
 .text.__libc_fini_array
                0x001125bc       0x3c /opt/devkitpro/devkitARM/lib/gcc/arm-none-eabi/15.2.0/../../../../arm-none-eabi/lib/armv6k/fpu/libg.a(libc_a-fini.o)
                0x001125bc                __libc_fini_array
 .text.strnlen  0x001125f8       0x3c /opt/devkitpro/devkitARM/lib/gcc/arm-none-eabi/15.2.0/../../../../arm-none-eabi/lib/armv6k/fpu/libg.a(libc_a-strnlen.o)
                0x001125f8                strnlen
 .text.strncmp  0x00112634       0xd8 /opt/devkitpro/devkitARM/lib/gcc/arm-none-eabi/15.2.0/../../../../arm-none-eabi/lib/armv6k/fpu/libg.a(libc_a-strncmp.o)
                0x00112634                strncmp
 .text.lflush   0x0011270c       0x38 /opt/devkitpro/devkitARM/lib/gcc/arm-none-eabi/15.2.0/../../../../arm-none-eabi/lib/armv6k/fpu/libg.a(libc_a-refill.o)
 .text.__srefill_r
                0x00112744      0x1a8 /opt/devkitpro/devkitARM/lib/gcc/arm-none-eabi/15.2.0/../../../../arm-none-eabi/lib/armv6k/fpu/libg.a(libc_a-refill.o)
                0x00112744                __srefill_r
 *fill*         0x001128ec        0x4 
 .text.frexp    0x001128f0       0x88 /opt/devkitpro/devkitARM/lib/gcc/arm-none-eabi/15.2.0/../../../../arm-none-eabi/lib/armv6k/fpu/libg.a(libm_a-s_frexp.o)
                0x001128f0                frexp
 .text._fwalk_sglue
                0x00112978       0x70 /opt/devkitpro/devkitARM/lib/gcc/arm-none-eabi/15.2.0/../../../../arm-none-eabi/lib/armv6k/fpu/libg.a(libc_a-fwalk.o)
                0x00112978                _fwalk_sglue
 .text.get_arg  0x001129e8      0x5e0 /opt/devkitpro/devkitARM/lib/gcc/arm-none-eabi/15.2.0/../../../../arm-none-eabi/lib/armv6k/fpu/libg.a(libc_a-vfprintf.o)
 .text._vfprintf_r
                0x00112fc8     0x3554 /opt/devkitpro/devkitARM/lib/gcc/arm-none-eabi/15.2.0/../../../../arm-none-eabi/lib/armv6k/fpu/libg.a(libc_a-vfprintf.o)
                0x00112fc8                _vfprintf_r
 .text.__sbprintf
                0x0011651c       0xb4 /opt/devkitpro/devkitARM/lib/gcc/arm-none-eabi/15.2.0/../../../../arm-none-eabi/lib/armv6k/fpu/libg.a(libc_a-vfprintf.o)
 .text._wcrtomb_r
                0x001165d0       0xa0 /opt/devkitpro/devkitARM/lib/gcc/arm-none-eabi/15.2.0/../../../../arm-none-eabi/lib/armv6k/fpu/libg.a(libc_a-wcrtomb.o)
                0x001165d0                _wcrtomb_r
 .text.__ssprint_r
                0x00116670       0xa4 /opt/devkitpro/devkitARM/lib/gcc/arm-none-eabi/15.2.0/../../../../arm-none-eabi/lib/armv6k/fpu/libg.a(libc_a-ssprint_r.o)
                0x00116670                __ssprint_r
 .text.__sfvwrite_r
                0x00116714      0x4a4 /opt/devkitpro/devkitARM/lib/gcc/arm-none-eabi/15.2.0/../../../../arm-none-eabi/lib/armv6k/fpu/libg.a(libc_a-fvwrite.o)
                0x00116714                __sfvwrite_r
 .text.__locale_mb_cur_max
                0x00116bb8       0x24 /opt/devkitpro/devkitARM/lib/gcc/arm-none-eabi/15.2.0/../../../../arm-none-eabi/lib/armv6k/fpu/libg.a(libc_a-locale.o)
                0x00116bb8                __locale_mb_cur_max
 .text.__sprint_r
                0x00116bdc       0x30 /opt/devkitpro/devkitARM/lib/gcc/arm-none-eabi/15.2.0/../../../../arm-none-eabi/lib/armv6k/fpu/libg.a(libc_a-sprint_r.o)
                0x00116bdc                __sprint_r
 .text.quorem   0x00116c0c      0x1c0 /opt/devkitpro/devkitARM/lib/gcc/arm-none-eabi/15.2.0/../../../../arm-none-eabi/lib/armv6k/fpu/libg.a(libc_a-dtoa.o)
 *fill*         0x00116dcc        0x4 
 .text._dtoa_r  0x00116dd0     0x1420 /opt/devkitpro/devkitARM/lib/gcc/arm-none-eabi/15.2.0/../../../../arm-none-eabi/lib/armv6k/fpu/libg.a(libc_a-dtoa.o)
                0x00116dd0                _dtoa_r
 .text.memchr   0x001181f0       0xe8 /opt/devkitpro/devkitARM/lib/gcc/arm-none-eabi/15.2.0/../../../../arm-none-eabi/lib/armv6k/fpu/libg.a(libc_a-memchr-stub.o)
                0x001181f0                memchr
 .text._wcsrtombs_r
                0x001182d8       0x28 /opt/devkitpro/devkitARM/lib/gcc/arm-none-eabi/15.2.0/../../../../arm-none-eabi/lib/armv6k/fpu/libg.a(libc_a-wcsrtombs.o)
                0x001182d8                _wcsrtombs_r
 .text.__swsetup_r
                0x00118300      0x140 /opt/devkitpro/devkitARM/lib/gcc/arm-none-eabi/15.2.0/../../../../arm-none-eabi/lib/armv6k/fpu/libg.a(libc_a-wsetup.o)
                0x00118300                __swsetup_r
 .text._localeconv_r
                0x00118440       0x24 /opt/devkitpro/devkitARM/lib/gcc/arm-none-eabi/15.2.0/../../../../arm-none-eabi/lib/armv6k/fpu/libg.a(libc_a-localeconv.o)
                0x00118440                _localeconv_r
 .text.memmove  0x00118464      0x1a8 /opt/devkitpro/devkitARM/lib/gcc/arm-none-eabi/15.2.0/../../../../arm-none-eabi/lib/armv6k/fpu/libg.a(libc_a-memmove.o)
                0x00118464                memmove
 .text._realloc_r
                0x0011860c      0x4f0 /opt/devkitpro/devkitARM/lib/gcc/arm-none-eabi/15.2.0/../../../../arm-none-eabi/lib/armv6k/fpu/libg.a(libc_a-reallocr.o)
                0x0011860c                _realloc_r
 .text.__ssputs_r
                0x00118afc      0x12c /opt/devkitpro/devkitARM/lib/gcc/arm-none-eabi/15.2.0/../../../../arm-none-eabi/lib/armv6k/fpu/libg.a(libc_a-ssputs_r.o)
                0x00118afc                __ssputs_r
 .text.__utf8_wctomb
                0x00118c28       0xf8 /opt/devkitpro/devkitARM/lib/gcc/arm-none-eabi/15.2.0/../../../../arm-none-eabi/lib/armv6k/fpu/libg.a(libc_a-wctomb_r.o)
                0x00118c28                __utf8_wctomb
 .text._wcsnrtombs_l
                0x00118d20      0x15c /opt/devkitpro/devkitARM/lib/gcc/arm-none-eabi/15.2.0/../../../../arm-none-eabi/lib/armv6k/fpu/libg.a(libc_a-wcsnrtombs.o)
                0x00118d20                _wcsnrtombs_l
 .text._wcsnrtombs_r
                0x00118e7c       0x64 /opt/devkitpro/devkitARM/lib/gcc/arm-none-eabi/15.2.0/../../../../arm-none-eabi/lib/armv6k/fpu/libg.a(libc_a-wcsnrtombs.o)
                0x00118e7c                _wcsnrtombs_r
 .text.__assert_func
                0x00118ee0       0x5c /opt/devkitpro/devkitARM/lib/gcc/arm-none-eabi/15.2.0/../../../../arm-none-eabi/lib/armv6k/fpu/libg.a(libc_a-assert.o)
                0x00118ee0                __assert_func
 .text._Balloc  0x00118f3c       0x88 /opt/devkitpro/devkitARM/lib/gcc/arm-none-eabi/15.2.0/../../../../arm-none-eabi/lib/armv6k/fpu/libg.a(libc_a-mprec.o)
                0x00118f3c                _Balloc
 .text._Bfree   0x00118fc4       0x1c /opt/devkitpro/devkitARM/lib/gcc/arm-none-eabi/15.2.0/../../../../arm-none-eabi/lib/armv6k/fpu/libg.a(libc_a-mprec.o)
                0x00118fc4                _Bfree
 .text.__multadd
                0x00118fe0       0xf4 /opt/devkitpro/devkitARM/lib/gcc/arm-none-eabi/15.2.0/../../../../arm-none-eabi/lib/armv6k/fpu/libg.a(libc_a-mprec.o)
                0x00118fe0                __multadd
 .text.__hi0bits
                0x001190d4       0x80 /opt/devkitpro/devkitARM/lib/gcc/arm-none-eabi/15.2.0/../../../../arm-none-eabi/lib/armv6k/fpu/libg.a(libc_a-mprec.o)
                0x001190d4                __hi0bits
 .text.__lo0bits
                0x00119154       0xf0 /opt/devkitpro/devkitARM/lib/gcc/arm-none-eabi/15.2.0/../../../../arm-none-eabi/lib/armv6k/fpu/libg.a(libc_a-mprec.o)
                0x00119154                __lo0bits
 .text.__i2b    0x00119244       0xa4 /opt/devkitpro/devkitARM/lib/gcc/arm-none-eabi/15.2.0/../../../../arm-none-eabi/lib/armv6k/fpu/libg.a(libc_a-mprec.o)
                0x00119244                __i2b
 .text.__multiply
                0x001192e8      0x230 /opt/devkitpro/devkitARM/lib/gcc/arm-none-eabi/15.2.0/../../../../arm-none-eabi/lib/armv6k/fpu/libg.a(libc_a-mprec.o)
                0x001192e8                __multiply
 .text.__pow5mult
                0x00119518      0x130 /opt/devkitpro/devkitARM/lib/gcc/arm-none-eabi/15.2.0/../../../../arm-none-eabi/lib/armv6k/fpu/libg.a(libc_a-mprec.o)
                0x00119518                __pow5mult
 .text.__lshift
                0x00119648      0x138 /opt/devkitpro/devkitARM/lib/gcc/arm-none-eabi/15.2.0/../../../../arm-none-eabi/lib/armv6k/fpu/libg.a(libc_a-mprec.o)
                0x00119648                __lshift
 .text.__mcmp   0x00119780       0x58 /opt/devkitpro/devkitARM/lib/gcc/arm-none-eabi/15.2.0/../../../../arm-none-eabi/lib/armv6k/fpu/libg.a(libc_a-mprec.o)
                0x00119780                __mcmp
 .text.__mdiff  0x001197d8      0x218 /opt/devkitpro/devkitARM/lib/gcc/arm-none-eabi/15.2.0/../../../../arm-none-eabi/lib/armv6k/fpu/libg.a(libc_a-mprec.o)
                0x001197d8                __mdiff
 .text.__d2b    0x001199f0      0x120 /opt/devkitpro/devkitARM/lib/gcc/arm-none-eabi/15.2.0/../../../../arm-none-eabi/lib/armv6k/fpu/libg.a(libc_a-mprec.o)
                0x001199f0                __d2b
 .text.__utf8_mbtowc
                0x00119b10      0x340 /opt/devkitpro/devkitARM/lib/gcc/arm-none-eabi/15.2.0/../../../../arm-none-eabi/lib/armv6k/fpu/libg.a(libc_a-mbtowc_r.o)
                0x00119b10                __utf8_mbtowc
 .text.fiprintf
                0x00119e50       0x3c /opt/devkitpro/devkitARM/lib/gcc/arm-none-eabi/15.2.0/../../../../arm-none-eabi/lib/armv6k/fpu/libg.a(libc_a-fiprintf.o)
                0x00119e50                fiprintf
 .text.abort    0x00119e8c       0x14 /opt/devkitpro/devkitARM/lib/gcc/arm-none-eabi/15.2.0/../../../../arm-none-eabi/lib/armv6k/fpu/libg.a(libc_a-abort.o)
                0x00119e8c                abort
 .text._calloc_r
                0x00119ea0       0xd8 /opt/devkitpro/devkitARM/lib/gcc/arm-none-eabi/15.2.0/../../../../arm-none-eabi/lib/armv6k/fpu/libg.a(libc_a-callocr.o)
                0x00119ea0                _calloc_r
 .text.get_arg  0x00119f78      0x5e0 /opt/devkitpro/devkitARM/lib/gcc/arm-none-eabi/15.2.0/../../../../arm-none-eabi/lib/armv6k/fpu/libg.a(libc_a-vfiprintf.o)
 .text._vfiprintf_r
                0x0011a558     0x22f8 /opt/devkitpro/devkitARM/lib/gcc/arm-none-eabi/15.2.0/../../../../arm-none-eabi/lib/armv6k/fpu/libg.a(libc_a-vfiprintf.o)
                0x0011a558                _vfiprintf_r
 .text.__sbprintf
                0x0011c850       0xb4 /opt/devkitpro/devkitARM/lib/gcc/arm-none-eabi/15.2.0/../../../../arm-none-eabi/lib/armv6k/fpu/libg.a(libc_a-vfiprintf.o)
 .text._raise_r
                0x0011c904       0x9c /opt/devkitpro/devkitARM/lib/gcc/arm-none-eabi/15.2.0/../../../../arm-none-eabi/lib/armv6k/fpu/libg.a(libc_a-signal.o)
                0x0011c904                _raise_r
 .text.raise    0x0011c9a0       0x20 /opt/devkitpro/devkitARM/lib/gcc/arm-none-eabi/15.2.0/../../../../arm-none-eabi/lib/armv6k/fpu/libg.a(libc_a-signal.o)
                0x0011c9a0                raise
 .text._exit    0x0011c9c0       0x20 /opt/devkitpro/devkitARM/lib/gcc/arm-none-eabi/15.2.0/../../../../arm-none-eabi/lib/armv6k/fpu/libsysbase.a(libsysbase_libsysbase_a-_exit.o)
                0x0011c9c0                _exit
 .text.chdir    0x0011c9e0      0x140 /opt/devkitpro/devkitARM/lib/gcc/arm-none-eabi/15.2.0/../../../../arm-none-eabi/lib/armv6k/fpu/libsysbase.a(libsysbase_libsysbase_a-chdir.o)
                0x0011c9e0                chdir
 .text._concatenate_path
                0x0011cb20      0x1c8 /opt/devkitpro/devkitARM/lib/gcc/arm-none-eabi/15.2.0/../../../../arm-none-eabi/lib/armv6k/fpu/libsysbase.a(libsysbase_libsysbase_a-concatenate.o)
                0x0011cb20                _concatenate_path
 .text.__dirnext
                0x0011cce8       0x70 /opt/devkitpro/devkitARM/lib/gcc/arm-none-eabi/15.2.0/../../../../arm-none-eabi/lib/armv6k/fpu/libsysbase.a(libsysbase_libsysbase_a-dirent.o)
 .text.opendir  0x0011cd58      0x114 /opt/devkitpro/devkitARM/lib/gcc/arm-none-eabi/15.2.0/../../../../arm-none-eabi/lib/armv6k/fpu/libsysbase.a(libsysbase_libsysbase_a-dirent.o)
                0x0011cd58                opendir
 .text.closedir
                0x0011ce6c       0x98 /opt/devkitpro/devkitARM/lib/gcc/arm-none-eabi/15.2.0/../../../../arm-none-eabi/lib/armv6k/fpu/libsysbase.a(libsysbase_libsysbase_a-dirent.o)
                0x0011ce6c                closedir
 .text.readdir_r
                0x0011cf04       0xf8 /opt/devkitpro/devkitARM/lib/gcc/arm-none-eabi/15.2.0/../../../../arm-none-eabi/lib/armv6k/fpu/libsysbase.a(libsysbase_libsysbase_a-dirent.o)
                0x0011cf04                readdir_r
 .text.readdir  0x0011cffc       0x48 /opt/devkitpro/devkitARM/lib/gcc/arm-none-eabi/15.2.0/../../../../arm-none-eabi/lib/armv6k/fpu/libsysbase.a(libsysbase_libsysbase_a-dirent.o)
                0x0011cffc                readdir
 .text._fstat_r
                0x0011d044       0x9c /opt/devkitpro/devkitARM/lib/gcc/arm-none-eabi/15.2.0/../../../../arm-none-eabi/lib/armv6k/fpu/libsysbase.a(libsysbase_libsysbase_a-fstat.o)
                0x0011d044                _fstat_r
 .text._getpid_r
                0x0011d0e0       0x14 /opt/devkitpro/devkitARM/lib/gcc/arm-none-eabi/15.2.0/../../../../arm-none-eabi/lib/armv6k/fpu/libsysbase.a(libsysbase_libsysbase_a-getpid.o)
                0x0011d0e0                _getpid_r
 .text.__getreent
                0x0011d0f4       0x2c /opt/devkitpro/devkitARM/lib/gcc/arm-none-eabi/15.2.0/../../../../arm-none-eabi/lib/armv6k/fpu/libsysbase.a(libsysbase_libsysbase_a-getreent.o)
                0x0011d0f4                __getreent
 .text._gettimeofday_r
                0x0011d120       0x30 /opt/devkitpro/devkitARM/lib/gcc/arm-none-eabi/15.2.0/../../../../arm-none-eabi/lib/armv6k/fpu/libsysbase.a(libsysbase_libsysbase_a-gettod.o)
                0x0011d120                _gettimeofday_r
 .text.__release_handle
                0x0011d150       0xa0 /opt/devkitpro/devkitARM/lib/gcc/arm-none-eabi/15.2.0/../../../../arm-none-eabi/lib/armv6k/fpu/libsysbase.a(libsysbase_libsysbase_a-handle_manager.o)
                0x0011d150                __release_handle
 .text.__alloc_handle
                0x0011d1f0       0xb0 /opt/devkitpro/devkitARM/lib/gcc/arm-none-eabi/15.2.0/../../../../arm-none-eabi/lib/armv6k/fpu/libsysbase.a(libsysbase_libsysbase_a-handle_manager.o)
                0x0011d1f0                __alloc_handle
 .text.__get_handle
                0x0011d2a0       0x58 /opt/devkitpro/devkitARM/lib/gcc/arm-none-eabi/15.2.0/../../../../arm-none-eabi/lib/armv6k/fpu/libsysbase.a(libsysbase_libsysbase_a-handle_manager.o)
                0x0011d2a0                __get_handle
 .text._close_r
                0x0011d2f8      0x110 /opt/devkitpro/devkitARM/lib/gcc/arm-none-eabi/15.2.0/../../../../arm-none-eabi/lib/armv6k/fpu/libsysbase.a(libsysbase_libsysbase_a-handle_manager.o)
                0x0011d2f8                _close_r
 .text.null_write
                0x0011d408        0x8 /opt/devkitpro/devkitARM/lib/gcc/arm-none-eabi/15.2.0/../../../../arm-none-eabi/lib/armv6k/fpu/libsysbase.a(libsysbase_libsysbase_a-iosupport.o)
 .text.setDefaultDevice
                0x0011d410       0x18 /opt/devkitpro/devkitARM/lib/gcc/arm-none-eabi/15.2.0/../../../../arm-none-eabi/lib/armv6k/fpu/libsysbase.a(libsysbase_libsysbase_a-iosupport.o)
                0x0011d410                setDefaultDevice
 .text.FindDevice
                0x0011d428       0x98 /opt/devkitpro/devkitARM/lib/gcc/arm-none-eabi/15.2.0/../../../../arm-none-eabi/lib/armv6k/fpu/libsysbase.a(libsysbase_libsysbase_a-iosupport.o)
                0x0011d428                FindDevice
 .text.RemoveDevice
                0x0011d4c0       0x24 /opt/devkitpro/devkitARM/lib/gcc/arm-none-eabi/15.2.0/../../../../arm-none-eabi/lib/armv6k/fpu/libsysbase.a(libsysbase_libsysbase_a-iosupport.o)
                0x0011d4c0                RemoveDevice
 .text.AddDevice
                0x0011d4e4       0x88 /opt/devkitpro/devkitARM/lib/gcc/arm-none-eabi/15.2.0/../../../../arm-none-eabi/lib/armv6k/fpu/libsysbase.a(libsysbase_libsysbase_a-iosupport.o)
                0x0011d4e4                AddDevice
 .text.GetDeviceOpTab
                0x0011d56c       0x20 /opt/devkitpro/devkitARM/lib/gcc/arm-none-eabi/15.2.0/../../../../arm-none-eabi/lib/armv6k/fpu/libsysbase.a(libsysbase_libsysbase_a-iosupport.o)
                0x0011d56c                GetDeviceOpTab
 .text._isatty_r
                0x0011d58c        0x8 /opt/devkitpro/devkitARM/lib/gcc/arm-none-eabi/15.2.0/../../../../arm-none-eabi/lib/armv6k/fpu/libsysbase.a(libsysbase_libsysbase_a-isatty.o)
                0x0011d58c                _isatty_r
 .text._kill_r  0x0011d594       0x14 /opt/devkitpro/devkitARM/lib/gcc/arm-none-eabi/15.2.0/../../../../arm-none-eabi/lib/armv6k/fpu/libsysbase.a(libsysbase_libsysbase_a-kill.o)
                0x0011d594                _kill_r
 .text._lseek_r
                0x0011d5a8       0x94 /opt/devkitpro/devkitARM/lib/gcc/arm-none-eabi/15.2.0/../../../../arm-none-eabi/lib/armv6k/fpu/libsysbase.a(libsysbase_libsysbase_a-lseek.o)
                0x0011d5a8                _lseek_r
 .text.mkdir    0x0011d63c       0x68 /opt/devkitpro/devkitARM/lib/gcc/arm-none-eabi/15.2.0/../../../../arm-none-eabi/lib/armv6k/fpu/libsysbase.a(libsysbase_libsysbase_a-mkdir.o)
                0x0011d63c                mkdir
 .text._open_r  0x0011d6a4       0xc0 /opt/devkitpro/devkitARM/lib/gcc/arm-none-eabi/15.2.0/../../../../arm-none-eabi/lib/armv6k/fpu/libsysbase.a(libsysbase_libsysbase_a-open.o)
                0x0011d6a4                _open_r
 .text._read_r  0x0011d764       0x94 /opt/devkitpro/devkitARM/lib/gcc/arm-none-eabi/15.2.0/../../../../arm-none-eabi/lib/armv6k/fpu/libsysbase.a(libsysbase_libsysbase_a-read.o)
                0x0011d764                _read_r
 .text._sbrk_r  0x0011d7f8       0x78 /opt/devkitpro/devkitARM/lib/gcc/arm-none-eabi/15.2.0/../../../../arm-none-eabi/lib/armv6k/fpu/libsysbase.a(libsysbase_libsysbase_a-sbrk.o)
                0x0011d7f8                _sbrk_r
 .text.__libc_lock_acquire
                0x0011d870       0x1c /opt/devkitpro/devkitARM/lib/gcc/arm-none-eabi/15.2.0/../../../../arm-none-eabi/lib/armv6k/fpu/libsysbase.a(libsysbase_libsysbase_a-syscall_support.o)
                0x0011d870                __libc_lock_acquire
 .text.__libc_lock_release
                0x0011d88c       0x1c /opt/devkitpro/devkitARM/lib/gcc/arm-none-eabi/15.2.0/../../../../arm-none-eabi/lib/armv6k/fpu/libsysbase.a(libsysbase_libsysbase_a-syscall_support.o)
                0x0011d88c                __libc_lock_release
 .text.__libc_lock_acquire_recursive
                0x0011d8a8       0x1c /opt/devkitpro/devkitARM/lib/gcc/arm-none-eabi/15.2.0/../../../../arm-none-eabi/lib/armv6k/fpu/libsysbase.a(libsysbase_libsysbase_a-syscall_support.o)
                0x0011d8a8                __libc_lock_acquire_recursive
 .text.__libc_lock_release_recursive
                0x0011d8c4       0x1c /opt/devkitpro/devkitARM/lib/gcc/arm-none-eabi/15.2.0/../../../../arm-none-eabi/lib/armv6k/fpu/libsysbase.a(libsysbase_libsysbase_a-syscall_support.o)
                0x0011d8c4                __libc_lock_release_recursive
 .text._write_r
                0x0011d8e0       0x94 /opt/devkitpro/devkitARM/lib/gcc/arm-none-eabi/15.2.0/../../../../arm-none-eabi/lib/armv6k/fpu/libsysbase.a(libsysbase_libsysbase_a-write.o)
                0x0011d8e0                _write_r
 .text.strrchr  0x0011d974       0x48 /opt/devkitpro/devkitARM/lib/gcc/arm-none-eabi/15.2.0/../../../../arm-none-eabi/lib/armv6k/fpu/libg.a(libc_a-strrchr.o)
                0x0011d974                strrchr
 *(.glue_7)
 .glue_7        0x0011d9bc        0x0 linker stubs
 *(.glue_7t)
 .glue_7t       0x0011d9bc        0x0 linker stubs
 *(.stub)
 *(.gnu.warning)
 *(.gnu.linkonce.t*)
                0x0011d9bc                        . = ALIGN (0x4)
 *(.fini)
 .fini          0x0011d9bc        0xc /opt/devkitpro/devkitARM/lib/gcc/arm-none-eabi/15.2.0/armv6k/fpu/crti.o
                0x0011d9bc                _fini
 .fini          0x0011d9c8        0xc /opt/devkitpro/devkitARM/lib/gcc/arm-none-eabi/15.2.0/armv6k/fpu/crtn.o
                0x0011d9d4                        . = ALIGN (0x4)

.vfp11_veneer   0x0011d9d4        0x0
 .vfp11_veneer  0x0011d9d4        0x0 linker stubs

.v4_bx          0x0011d9d4        0x0
 .v4_bx         0x0011d9d4        0x0 linker stubs

.iplt           0x0011d9d4        0x0
 .iplt          0x0011d9d4        0x0 /opt/devkitpro/devkitARM/lib/gcc/arm-none-eabi/15.2.0/../../../../arm-none-eabi/lib/armv6k/fpu/3dsx_crt0.o
                0x0011e000                        . = ALIGN (0x1000)

.rodata         0x0011e000     0x17a8
 *(.rodata)
 .rodata        0x0011e000        0xc /opt/devkitpro/libctru/lib/libctru.a(archive_dev.o)
 *(.roda)
 *(.rodata.*)
 .rodata.str1.4
                0x0011e00c      0x3d5 main.o
                                0x199 (size before relaxing)
 .rodata.consolePrintChar
                0x0011e3e1        0x6 /opt/devkitpro/libctru/lib/libctru.a(console.o)
 *fill*         0x0011e3e7        0x1 
 .rodata.con_write
                0x0011e3e8      0x23c /opt/devkitpro/libctru/lib/libctru.a(console.o)
 .rodata.str1.4
                0x0011e624        0x0 /opt/devkitpro/libctru/lib/libctru.a(console.o)
                                 0x10 (size before relaxing)
 .rodata.dotab_stdout
                0x0011e624       0x80 /opt/devkitpro/libctru/lib/libctru.a(console.o)
 .rodata.grayScale
                0x0011e6a4       0x18 /opt/devkitpro/libctru/lib/libctru.a(console.o)
 .rodata.colorCube
                0x0011e6bc        0x6 /opt/devkitpro/libctru/lib/libctru.a(console.o)
 *fill*         0x0011e6c2        0x2 
 .rodata.colorTable
                0x0011e6c4       0x30 /opt/devkitpro/libctru/lib/libctru.a(console.o)
 .rodata.aptEventHandler
                0x0011e6f4        0xb /opt/devkitpro/libctru/lib/libctru.a(apt.o)
 .rodata.aptWaitForWakeUp.isra.0
                0x0011e6ff       0x11 /opt/devkitpro/libctru/lib/libctru.a(apt.o)
 .rodata.morton_y.2
                0x0011e710        0x8 /opt/devkitpro/libctru/lib/libctru.a(apt.o)
 .rodata.morton_x.3
                0x0011e718        0x8 /opt/devkitpro/libctru/lib/libctru.a(apt.o)
 .rodata.s_sleepWakeEvents.4
                0x0011e720        0x8 /opt/devkitpro/libctru/lib/libctru.a(apt.o)
 .rodata.str1.4
                0x0011e728        0x0 /opt/devkitpro/libctru/lib/libctru.a(apt.o)
                                 0x16 (size before relaxing)
 .rodata.serviceNameTable.5
                0x0011e728        0xc /opt/devkitpro/libctru/lib/libctru.a(apt.o)
 .rodata.gspInit.str1.4
                0x0011e734        0x0 /opt/devkitpro/libctru/lib/libctru.a(gspgpu.o)
                                  0x9 (size before relaxing)
 .rodata.hidInit.str1.4
                0x0011e734        0x0 /opt/devkitpro/libctru/lib/libctru.a(hid.o)
                                 0x15 (size before relaxing)
 .rodata.irrstInit.str1.4
                0x0011e734        0x0 /opt/devkitpro/libctru/lib/libctru.a(irrst.o)
                                  0x7 (size before relaxing)
 .rodata.__system_initArgv.str1.4
                0x0011e734        0x0 /opt/devkitpro/libctru/lib/libctru.a(initArgv.o)
                                  0xa (size before relaxing)
 .rodata.default_font_bin
                0x0011e734      0x800 /opt/devkitpro/libctru/lib/libctru.a(default_font.bin.o)
                0x0011e734                default_font_bin
                0x0011ef34                default_font_bin_end
 .rodata.srvInit.str1.4
                0x0011ef34        0x0 /opt/devkitpro/libctru/lib/libctru.a(srv.o)
                                  0x5 (size before relaxing)
 .rodata.ptmSysmInit.str1.4
                0x0011ef34        0x0 /opt/devkitpro/libctru/lib/libctru.a(ptmsysm.o)
                                  0x9 (size before relaxing)
 .rodata.archive_utf16path.str1.4
                0x0011ef34        0x0 /opt/devkitpro/libctru/lib/libctru.a(archive_dev.o)
                                  0x2 (size before relaxing)
 .rodata._archiveUnmountDeviceStruct.part.0.str1.4
                0x0011ef34        0x0 /opt/devkitpro/libctru/lib/libctru.a(archive_dev.o)
                                  0x2 (size before relaxing)
 .rodata._archiveMountDevice.str1.4
                0x0011ef34        0x0 /opt/devkitpro/libctru/lib/libctru.a(archive_dev.o)
                                  0xc (size before relaxing)
 .rodata.archiveMountSdmc.str1.4
                0x0011ef34        0x0 /opt/devkitpro/libctru/lib/libctru.a(archive_dev.o)
                                  0x5 (size before relaxing)
 .rodata.error_table
                0x0011ef34       0x30 /opt/devkitpro/libctru/lib/libctru.a(archive_dev.o)
 .rodata.str1.4
                0x0011ef64        0x0 /opt/devkitpro/libctru/lib/libctru.a(archive_dev.o)
                                  0x8 (size before relaxing)
 .rodata.archive_devoptab
                0x0011ef64       0x80 /opt/devkitpro/libctru/lib/libctru.a(archive_dev.o)
 .rodata.fsInit.str1.4
                0x0011efe4        0x0 /opt/devkitpro/libctru/lib/libctru.a(fs.o)
                                  0x8 (size before relaxing)
 .rodata._puts_r.str1.4
                0x0011efe4        0x0 /opt/devkitpro/devkitARM/lib/gcc/arm-none-eabi/15.2.0/../../../../arm-none-eabi/lib/armv6k/fpu/libg.a(libc_a-puts.o)
                                  0x2 (size before relaxing)
 .rodata.get_arg
                0x0011efe4       0x34 /opt/devkitpro/devkitARM/lib/gcc/arm-none-eabi/15.2.0/../../../../arm-none-eabi/lib/armv6k/fpu/libg.a(libc_a-svfprintf.o)
 .rodata._svfprintf_r.str1.1
                0x0011f018       0x3b /opt/devkitpro/devkitARM/lib/gcc/arm-none-eabi/15.2.0/../../../../arm-none-eabi/lib/armv6k/fpu/libg.a(libc_a-svfprintf.o)
 *fill*         0x0011f053        0x1 
 .rodata._svfprintf_r
                0x0011f054       0xb6 /opt/devkitpro/devkitARM/lib/gcc/arm-none-eabi/15.2.0/../../../../arm-none-eabi/lib/armv6k/fpu/libg.a(libc_a-svfprintf.o)
 *fill*         0x0011f10a        0x2 
 .rodata.zeroes.0
                0x0011f10c       0x10 /opt/devkitpro/devkitARM/lib/gcc/arm-none-eabi/15.2.0/../../../../arm-none-eabi/lib/armv6k/fpu/libg.a(libc_a-svfprintf.o)
 .rodata.blanks.1
                0x0011f11c       0x10 /opt/devkitpro/devkitARM/lib/gcc/arm-none-eabi/15.2.0/../../../../arm-none-eabi/lib/armv6k/fpu/libg.a(libc_a-svfprintf.o)
 .rodata._ctype_
                0x0011f12c      0x101 /opt/devkitpro/devkitARM/lib/gcc/arm-none-eabi/15.2.0/../../../../arm-none-eabi/lib/armv6k/fpu/libg.a(libc_a-ctype_.o)
                0x0011f12c                _ctype_
 *fill*         0x0011f22d        0x1 
 .rodata.get_arg
                0x0011f22e       0x34 /opt/devkitpro/devkitARM/lib/gcc/arm-none-eabi/15.2.0/../../../../arm-none-eabi/lib/armv6k/fpu/libg.a(libc_a-vfprintf.o)
 .rodata._vfprintf_r.str1.1
                0x0011f262        0x0 /opt/devkitpro/devkitARM/lib/gcc/arm-none-eabi/15.2.0/../../../../arm-none-eabi/lib/armv6k/fpu/libg.a(libc_a-vfprintf.o)
                                 0x3b (size before relaxing)
 .rodata._vfprintf_r
                0x0011f262       0xb6 /opt/devkitpro/devkitARM/lib/gcc/arm-none-eabi/15.2.0/../../../../arm-none-eabi/lib/armv6k/fpu/libg.a(libc_a-vfprintf.o)
 .rodata.zeroes.0
                0x0011f318       0x10 /opt/devkitpro/devkitARM/lib/gcc/arm-none-eabi/15.2.0/../../../../arm-none-eabi/lib/armv6k/fpu/libg.a(libc_a-vfprintf.o)
 .rodata.blanks.1
                0x0011f328       0x10 /opt/devkitpro/devkitARM/lib/gcc/arm-none-eabi/15.2.0/../../../../arm-none-eabi/lib/armv6k/fpu/libg.a(libc_a-vfprintf.o)
 .rodata.__action_table
                0x0011f338       0x6c /opt/devkitpro/devkitARM/lib/gcc/arm-none-eabi/15.2.0/../../../../arm-none-eabi/lib/armv6k/fpu/libg.a(libc_a-svfiprintf.o)
                0x0011f338                __action_table
 .rodata.__state_table
                0x0011f3a4       0x6c /opt/devkitpro/devkitARM/lib/gcc/arm-none-eabi/15.2.0/../../../../arm-none-eabi/lib/armv6k/fpu/libg.a(libc_a-svfiprintf.o)
                0x0011f3a4                __state_table
 .rodata.__chclass
                0x0011f410      0x100 /opt/devkitpro/devkitARM/lib/gcc/arm-none-eabi/15.2.0/../../../../arm-none-eabi/lib/armv6k/fpu/libg.a(libc_a-svfiprintf.o)
                0x0011f410                __chclass
 .rodata.str1.4
                0x0011f510        0x0 /opt/devkitpro/devkitARM/lib/gcc/arm-none-eabi/15.2.0/../../../../arm-none-eabi/lib/armv6k/fpu/libg.a(libc_a-locale.o)
                                 0x4c (size before relaxing)
 .rodata._dtoa_r.str1.4
                0x0011f510        0x0 /opt/devkitpro/devkitARM/lib/gcc/arm-none-eabi/15.2.0/../../../../arm-none-eabi/lib/armv6k/fpu/libg.a(libc_a-dtoa.o)
                                 0x9c (size before relaxing)
 .rodata._dtoa_r
                0x0011f510        0x8 /opt/devkitpro/devkitARM/lib/gcc/arm-none-eabi/15.2.0/../../../../arm-none-eabi/lib/armv6k/fpu/libg.a(libc_a-dtoa.o)
 .rodata.__assert_func.str1.4
                0x0011f518        0x0 /opt/devkitpro/devkitARM/lib/gcc/arm-none-eabi/15.2.0/../../../../arm-none-eabi/lib/armv6k/fpu/libg.a(libc_a-assert.o)
                                 0x43 (size before relaxing)
 .rodata.__multadd.str1.4
                0x0011f518        0x0 /opt/devkitpro/devkitARM/lib/gcc/arm-none-eabi/15.2.0/../../../../arm-none-eabi/lib/armv6k/fpu/libg.a(libc_a-mprec.o)
                                 0x89 (size before relaxing)
 .rodata.p05.0  0x0011f518        0xc /opt/devkitpro/devkitARM/lib/gcc/arm-none-eabi/15.2.0/../../../../arm-none-eabi/lib/armv6k/fpu/libg.a(libc_a-mprec.o)
 *fill*         0x0011f524        0x4 
 .rodata.__mprec_bigtens
                0x0011f528       0x28 /opt/devkitpro/devkitARM/lib/gcc/arm-none-eabi/15.2.0/../../../../arm-none-eabi/lib/armv6k/fpu/libg.a(libc_a-mprec.o)
                0x0011f528                __mprec_bigtens
 .rodata.__mprec_tens
                0x0011f550       0xc8 /opt/devkitpro/devkitARM/lib/gcc/arm-none-eabi/15.2.0/../../../../arm-none-eabi/lib/armv6k/fpu/libg.a(libc_a-mprec.o)
                0x0011f550                __mprec_tens
 .rodata.get_arg
                0x0011f618       0x34 /opt/devkitpro/devkitARM/lib/gcc/arm-none-eabi/15.2.0/../../../../arm-none-eabi/lib/armv6k/fpu/libg.a(libc_a-vfiprintf.o)
 .rodata._vfiprintf_r.str1.1
                0x0011f64c        0x0 /opt/devkitpro/devkitARM/lib/gcc/arm-none-eabi/15.2.0/../../../../arm-none-eabi/lib/armv6k/fpu/libg.a(libc_a-vfiprintf.o)
                                 0x29 (size before relaxing)
 .rodata._vfiprintf_r
                0x0011f64c       0xb6 /opt/devkitpro/devkitARM/lib/gcc/arm-none-eabi/15.2.0/../../../../arm-none-eabi/lib/armv6k/fpu/libg.a(libc_a-vfiprintf.o)
 *fill*         0x0011f702        0x2 
 .rodata.zeroes.0
                0x0011f704       0x10 /opt/devkitpro/devkitARM/lib/gcc/arm-none-eabi/15.2.0/../../../../arm-none-eabi/lib/armv6k/fpu/libg.a(libc_a-vfiprintf.o)
 .rodata.blanks.1
                0x0011f714       0x10 /opt/devkitpro/devkitARM/lib/gcc/arm-none-eabi/15.2.0/../../../../arm-none-eabi/lib/armv6k/fpu/libg.a(libc_a-vfiprintf.o)
 .rodata.str1.4
                0x0011f724        0x0 /opt/devkitpro/devkitARM/lib/gcc/arm-none-eabi/15.2.0/../../../../arm-none-eabi/lib/armv6k/fpu/libsysbase.a(libsysbase_libsysbase_a-iosupport.o)
                                  0x8 (size before relaxing)
 .rodata.dotab_stdnull
                0x0011f724       0x80 /opt/devkitpro/devkitARM/lib/gcc/arm-none-eabi/15.2.0/../../../../arm-none-eabi/lib/armv6k/fpu/libsysbase.a(libsysbase_libsysbase_a-iosupport.o)
                0x0011f724                dotab_stdnull
 *all.rodata*(*)
 *(.gnu.linkonce.r*)
                0x0011f7a4                        . = ALIGN (0x4)
                0x0011f7a4                        __tdata_align = .
                0x0011f7a4        0x4 LONG 0x4 ALIGNOF (.tdata)
                0x0011f7a8                        . = ALIGN (0x4)

.eh_frame       0x0011f7a8        0x0
 .eh_frame      0x0011f7a8        0x0 /opt/devkitpro/devkitARM/lib/gcc/arm-none-eabi/15.2.0/armv6k/fpu/crtbegin.o

.rel.dyn        0x0011f7a8        0x0
 .rel.iplt      0x0011f7a8        0x0 /opt/devkitpro/devkitARM/lib/gcc/arm-none-eabi/15.2.0/../../../../arm-none-eabi/lib/armv6k/fpu/3dsx_crt0.o
 .rel.got       0x0011f7a8        0x0 /opt/devkitpro/devkitARM/lib/gcc/arm-none-eabi/15.2.0/../../../../arm-none-eabi/lib/armv6k/fpu/3dsx_crt0.o

.ARM.extab
 *(.ARM.extab* .gnu.linkonce.armextab.*)
                0x0011f7a8                        __exidx_start = .

.ARM.exidx
 *(.ARM.exidx* .gnu.linkonce.armexidx.*)
                0x0011f7a8                        __exidx_end = .
                0x00120000                        . = ALIGN (0x1000)

.data           0x00120000     0x1d8c
 *(.data)
 *(.data.*)
 .data.firstConsoleInit.0
                0x00120000        0x1 /opt/devkitpro/libctru/lib/libctru.a(console.o)
 *fill*         0x00120001        0x3 
 .data.currentConsole
                0x00120004        0x4 /opt/devkitpro/libctru/lib/libctru.a(console.o)
                0x00120004                currentConsole
 .data.defaultConsole
                0x00120008       0x48 /opt/devkitpro/libctru/lib/libctru.a(console.o)
                0x00120008                defaultConsole
 .data.aptChainloadDeliverArgSize
                0x00120050        0x4 /opt/devkitpro/libctru/lib/libctru.a(apt.o)
 .data.kCount   0x00120054        0x4 /opt/devkitpro/libctru/lib/libctru.a(hid.o)
 .data.kInterval
                0x00120058        0x4 /opt/devkitpro/libctru/lib/libctru.a(hid.o)
 .data.kDelay   0x0012005c        0x4 /opt/devkitpro/libctru/lib/libctru.a(hid.o)
 .data.__stacksize__
                0x00120060        0x4 /opt/devkitpro/libctru/lib/libctru.a(stack_adjust.o)
                0x00120060                __stacksize__
 .data._impure_ptr
                0x00120064        0x4 /opt/devkitpro/devkitARM/lib/gcc/arm-none-eabi/15.2.0/../../../../arm-none-eabi/lib/armv6k/fpu/libg.a(libc_a-impure.o)
                0x00120064                _impure_ptr
 .data._impure_data
                0x00120068      0x200 /opt/devkitpro/devkitARM/lib/gcc/arm-none-eabi/15.2.0/../../../../arm-none-eabi/lib/armv6k/fpu/libg.a(libc_a-impure.o)
                0x00120068                _impure_data
 .data.__malloc_sbrk_base
                0x00120268        0x4 /opt/devkitpro/devkitARM/lib/gcc/arm-none-eabi/15.2.0/../../../../arm-none-eabi/lib/armv6k/fpu/libg.a(libc_a-mallocr.o)
                0x00120268                __malloc_sbrk_base
 .data.__malloc_trim_threshold
                0x0012026c        0x4 /opt/devkitpro/devkitARM/lib/gcc/arm-none-eabi/15.2.0/../../../../arm-none-eabi/lib/armv6k/fpu/libg.a(libc_a-mallocr.o)
                0x0012026c                __malloc_trim_threshold
 .data.__malloc_av_
                0x00120270      0x408 /opt/devkitpro/devkitARM/lib/gcc/arm-none-eabi/15.2.0/../../../../arm-none-eabi/lib/armv6k/fpu/libg.a(libc_a-mallocr.o)
                0x00120270                __malloc_av_
 .data.__sglue  0x00120678        0xc /opt/devkitpro/devkitARM/lib/gcc/arm-none-eabi/15.2.0/../../../../arm-none-eabi/lib/armv6k/fpu/libg.a(libc_a-findfp.o)
                0x00120678                __sglue
 .data.__global_locale
                0x00120684      0x254 /opt/devkitpro/devkitARM/lib/gcc/arm-none-eabi/15.2.0/../../../../arm-none-eabi/lib/armv6k/fpu/libg.a(libc_a-locale.o)
                0x00120684                __global_locale
 .data._current_working_directory
                0x001208d8      0x400 /opt/devkitpro/devkitARM/lib/gcc/arm-none-eabi/15.2.0/../../../../arm-none-eabi/lib/armv6k/fpu/libsysbase.a(libsysbase_libsysbase_a-chdir.o)
 .data.handles  0x00120cd8     0x1000 /opt/devkitpro/devkitARM/lib/gcc/arm-none-eabi/15.2.0/../../../../arm-none-eabi/lib/armv6k/fpu/libsysbase.a(libsysbase_libsysbase_a-handle_manager.o)
 .data.__stderr_handle
                0x00121cd8        0xc /opt/devkitpro/devkitARM/lib/gcc/arm-none-eabi/15.2.0/../../../../arm-none-eabi/lib/armv6k/fpu/libsysbase.a(libsysbase_libsysbase_a-handle_manager.o)
 .data.__stdout_handle
                0x00121ce4        0xc /opt/devkitpro/devkitARM/lib/gcc/arm-none-eabi/15.2.0/../../../../arm-none-eabi/lib/armv6k/fpu/libsysbase.a(libsysbase_libsysbase_a-handle_manager.o)
 .data.__stdin_handle
                0x00121cf0        0xc /opt/devkitpro/devkitARM/lib/gcc/arm-none-eabi/15.2.0/../../../../arm-none-eabi/lib/armv6k/fpu/libsysbase.a(libsysbase_libsysbase_a-handle_manager.o)
 .data.devoptab_list
                0x00121cfc       0x8c /opt/devkitpro/devkitARM/lib/gcc/arm-none-eabi/15.2.0/../../../../arm-none-eabi/lib/armv6k/fpu/libsysbase.a(libsysbase_libsysbase_a-iosupport.o)
                0x00121cfc                devoptab_list
 .data.defaultDevice
                0x00121d88        0x4 /opt/devkitpro/devkitARM/lib/gcc/arm-none-eabi/15.2.0/../../../../arm-none-eabi/lib/armv6k/fpu/libsysbase.a(libsysbase_libsysbase_a-iosupport.o)
 *(.gnu.linkonce.d*)
                0x00121d8c                        . = ALIGN (0x4)

.igot.plt       0x00121d8c        0x0
 .igot.plt      0x00121d8c        0x0 /opt/devkitpro/devkitARM/lib/gcc/arm-none-eabi/15.2.0/../../../../arm-none-eabi/lib/armv6k/fpu/3dsx_crt0.o

.got            0x00121d8c        0x8
 .got           0x00121d8c        0x8 /opt/devkitpro/devkitARM/lib/gcc/arm-none-eabi/15.2.0/../../../../arm-none-eabi/lib/armv6k/fpu/3dsx_crt0.o

.got.plt        0x00121d94        0xc
 .got.plt       0x00121d94        0xc /opt/devkitpro/devkitARM/lib/gcc/arm-none-eabi/15.2.0/../../../../arm-none-eabi/lib/armv6k/fpu/3dsx_crt0.o
                0x00121d94                _GLOBAL_OFFSET_TABLE_

.tdata          0x00121da0        0x0
                0x00121da0                        __tdata_lma = .
 *(.tdata)
 *(.tdata.*)
 *(.gnu.linkonce.td.*)
                0x00121da0                        . = ALIGN (0x4)
                0x00121da0                        __tdata_lma_end = .

.tbss           0x00121da0      0xc08
 *(.tbss)
 *(.tbss.*)
 .tbss.__ctru_dev_utf16_buf
                0x00121da0      0x802 /opt/devkitpro/libctru/lib/libctru.a(path_buf.o)
                0x00121da0                __ctru_dev_utf16_buf
 *fill*         0x001225a2        0x2 
 .tbss.__ctru_dev_path_buf
                0x001225a4      0x401 /opt/devkitpro/libctru/lib/libctru.a(path_buf.o)
                0x001225a4                __ctru_dev_path_buf
 *(.gnu.linkonce.tb.*)
 *(.tcommon)
                0x001229a8                        . = ALIGN (0x4)
 *fill*         0x001229a5        0x3 

.preinit_array  0x00121da0        0x0
                0x00121da0                        PROVIDE (__preinit_array_start = .)
 *(.preinit_array)
                0x00121da0                        PROVIDE (__preinit_array_end = .)

.init_array     0x00121da0        0x4
                0x00121da0                        PROVIDE (__init_array_start = .)
 *(SORT_BY_NAME(.init_array.*))
 *(.init_array)
 .init_array    0x00121da0        0x4 /opt/devkitpro/devkitARM/lib/gcc/arm-none-eabi/15.2.0/armv6k/fpu/crtbegin.o
                0x00121da4                        PROVIDE (__init_array_end = .)

.fini_array     0x00121da4        0x4
                0x00121da4                        PROVIDE (__fini_array_start = .)
 *(.fini_array)
 .fini_array    0x00121da4        0x4 /opt/devkitpro/devkitARM/lib/gcc/arm-none-eabi/15.2.0/armv6k/fpu/crtbegin.o
 *(SORT_BY_NAME(.fini_array.*))
                0x00121da8                        PROVIDE (__fini_array_end = .)

.ctors
 *crtbegin.o(.ctors)
 *(EXCLUDE_FILE(*crtend.o) .ctors)
 *(SORT_BY_NAME(.ctors.*))
 *(.ctors)

.dtors
 *crtbegin.o(.dtors)
 *(EXCLUDE_FILE(*crtend.o) .dtors)
 *(SORT_BY_NAME(.dtors.*))
 *(.dtors)
                0x00121da8                        __bss_start__ = .

.bss            0x00121da8     0x9230
 *(.dynbss)
 *(.bss)
 .bss           0x00121da8     0x6408 main.o
                0x00121da8                file_count
                0x00121dac                selected_idx
                0x00121db0                file_list
 *(.bss.*)
 .bss.completed.1
                0x001281b0        0x1 /opt/devkitpro/devkitARM/lib/gcc/arm-none-eabi/15.2.0/armv6k/fpu/crtbegin.o
 *fill*         0x001281b1        0x3 
 .bss.object.0  0x001281b4       0x18 /opt/devkitpro/devkitARM/lib/gcc/arm-none-eabi/15.2.0/armv6k/fpu/crtbegin.o
 .bss.escapeSeq
                0x001281cc       0x64 /opt/devkitpro/libctru/lib/libctru.a(console.o)
 .bss.currentCopy
                0x00128230       0x48 /opt/devkitpro/libctru/lib/libctru.a(console.o)
                0x00128230                currentCopy
 .bss.screenAlloc
                0x00128278        0x4 /opt/devkitpro/libctru/lib/libctru.a(gfx.o)
 .bss.screenFree
                0x0012827c        0x4 /opt/devkitpro/libctru/lib/libctru.a(gfx.o)
 .bss.gfxIsDoubleBuf
                0x00128280        0x2 /opt/devkitpro/libctru/lib/libctru.a(gfx.o)
 *fill*         0x00128282        0x2 
 .bss.gfxCurBuf
                0x00128284        0x2 /opt/devkitpro/libctru/lib/libctru.a(gfx.o)
 .bss.gfxIsVram
                0x00128286        0x1 /opt/devkitpro/libctru/lib/libctru.a(gfx.o)
 .bss.gfxTopMode
                0x00128287        0x1 /opt/devkitpro/libctru/lib/libctru.a(gfx.o)
 .bss.gfxFramebufferFormats
                0x00128288        0x2 /opt/devkitpro/libctru/lib/libctru.a(gfx.o)
 *fill*         0x0012828a        0x2 
 .bss.gfxBottomFramebufferMaxSize
                0x0012828c        0x4 /opt/devkitpro/libctru/lib/libctru.a(gfx.o)
 .bss.gfxTopFramebufferMaxSize
                0x00128290        0x4 /opt/devkitpro/libctru/lib/libctru.a(gfx.o)
 *fill*         0x00128294        0x4 
 .bss.gfxBottomFramebuffers
                0x00128298        0x8 /opt/devkitpro/libctru/lib/libctru.a(gfx.o)
 .bss.gfxTopFramebuffers
                0x001282a0        0x8 /opt/devkitpro/libctru/lib/libctru.a(gfx.o)
 .bss.flagValue.0
                0x001282a8        0x1 /opt/devkitpro/libctru/lib/libctru.a(apt.o)
 .bss.flagInit.1
                0x001282a9        0x1 /opt/devkitpro/libctru/lib/libctru.a(apt.o)
 *fill*         0x001282aa        0x2 
 .bss.serviceName.6
                0x001282ac        0x4 /opt/devkitpro/libctru/lib/libctru.a(apt.o)
 .bss.aptChainloadFlags
                0x001282b0        0x1 /opt/devkitpro/libctru/lib/libctru.a(apt.o)
 .bss.aptChainloadMediatype
                0x001282b1        0x1 /opt/devkitpro/libctru/lib/libctru.a(apt.o)
 *fill*         0x001282b2        0x2 
 .bss.aptChainloadHmac
                0x001282b4       0x20 /opt/devkitpro/libctru/lib/libctru.a(apt.o)
 .bss.aptChainloadDeliverArg
                0x001282d4      0x300 /opt/devkitpro/libctru/lib/libctru.a(apt.o)
 *fill*         0x001285d4        0x4 
 .bss.aptChainloadTid
                0x001285d8        0x8 /opt/devkitpro/libctru/lib/libctru.a(apt.o)
 .bss.aptParameters
                0x001285e0     0x1000 /opt/devkitpro/libctru/lib/libctru.a(apt.o)
 .bss.aptFlags  0x001295e0        0x4 /opt/devkitpro/libctru/lib/libctru.a(apt.o)
 .bss.aptHomeButtonState
                0x001295e4        0x1 /opt/devkitpro/libctru/lib/libctru.a(apt.o)
 *fill*         0x001295e5        0x3 
 .bss.aptMessageFuncData
                0x001295e8        0x4 /opt/devkitpro/libctru/lib/libctru.a(apt.o)
 .bss.aptMessageFunc
                0x001295ec        0x4 /opt/devkitpro/libctru/lib/libctru.a(apt.o)
 .bss.aptFirstHook
                0x001295f0        0xc /opt/devkitpro/libctru/lib/libctru.a(apt.o)
 .bss.aptEventHandlerThreadQuit