Archive member included to satisfy reference by file (symbol)

/opt/devkitpro/libctru/lib/libctru.a(console.o)
                              main.o (consoleInit)
/opt/devkitpro/libctru/lib/libctru.a(gfx.o)
                              /opt/devkitpro/libctru/lib/libctru.a(console.o) (gfxIsWide)
/opt/devkitpro/libctru/lib/libctru.a(apt.o)
                              main.o (aptMainLoop)
/opt/devkitpro/libctru/lib/libctru.a(gspgpu.o)
                              /opt/devkitpro/libctru/lib/libctru.a(gfx.o) (gspInit)
/opt/devkitpro/libctru/lib/libctru.a(ctru_init.o)
                              /opt/devkitpro/libctru/lib/libctru.a(apt.o) (__system_retAddr)
/opt/devkitpro/libctru/lib/libctru.a(initArgv.o)
                              /opt/devkitpro/libctru/lib/libctru.a(ctru_init.o) (__system_initArgv)
/opt/devkitpro/libctru/lib/libctru.a(syscalls.o)
                              /opt/devkitpro/libctru/lib/libctru.a(ctru_init.o) (__system_initSyscalls)
/opt/devkitpro/libctru/lib/libctru.a(svc.o)
                              /opt/devkitpro/libctru/lib/libctru.a(apt.o) (svcSleepThread)
/opt/devkitpro/libctru/lib/libctru.a(stack_adjust.o)
                              /opt/devkitpro/devkitARM/lib/gcc/arm-none-eabi/15.2.0/../../../../arm-none-eabi/lib/armv6k/fpu/3dsx_crt0.o (initSystem)
/opt/devkitpro/libctru/lib/libctru.a(default_font.bin.o)
                              /opt/devkitpro/libctru/lib/libctru.a(console.o) (default_font_bin)
/opt/devkitpro/libctru/lib/libctru.a(linear.o)
                              /opt/devkitpro/libctru/lib/libctru.a(gfx.o) (linearAlloc)
/opt/devkitpro/libctru/lib/libctru.a(mem_pool.o)
                              /opt/devkitpro/libctru/lib/libctru.a(linear.o) (_ZN7MemPool8AllocateER8MemChunkmi)
/opt/devkitpro/libctru/lib/libctru.a(vram.o)
                              /opt/devkitpro/libctru/lib/libctru.a(gfx.o) (vramAlloc)
/opt/devkitpro/libctru/lib/libctru.a(3dslink.o)
                              /opt/devkitpro/libctru/lib/libctru.a(initArgv.o) (__3dslink_host)
/opt/devkitpro/libctru/lib/libctru.a(os.o)
                              /opt/devkitpro/libctru/lib/libctru.a(syscalls.o) (osGetTime)
/opt/devkitpro/libctru/lib/libctru.a(srv.o)
                              /opt/devkitpro/libctru/lib/libctru.a(apt.o) (srvInit)
/opt/devkitpro/libctru/lib/libctru.a(synchronization.o)
                              /opt/devkitpro/libctru/lib/libctru.a(ctru_init.o) (__sync_init)
/opt/devkitpro/libctru/lib/libctru.a(thread.o)
                              /opt/devkitpro/libctru/lib/libctru.a(apt.o) (threadCreate)
/opt/devkitpro/libctru/lib/libctru.a(mappable.o)
                              /opt/devkitpro/libctru/lib/libctru.a(apt.o) (mappableAlloc)
/opt/devkitpro/libctru/lib/libctru.a(ptmsysm.o)
                              /opt/devkitpro/libctru/lib/libctru.a(os.o) (ptmSysmInit)
/opt/devkitpro/libctru/lib/libctru.a(srvpm.o)
                              /opt/devkitpro/libctru/lib/libctru.a(srv.o) (srvPmGetSessionHandle)
/opt/devkitpro/libctru/lib/libctru.a(soc_connect.o)
                              /opt/devkitpro/libctru/lib/libctru.a(3dslink.o) (connect)
/opt/devkitpro/libctru/lib/libctru.a(soc_socket.o)
                              /opt/devkitpro/libctru/lib/libctru.a(3dslink.o) (socket)
/opt/devkitpro/libctru/lib/libctru.a(rbtree_find.o)
                              /opt/devkitpro/libctru/lib/libctru.a(linear.o) (rbtree_find)
/opt/devkitpro/libctru/lib/libctru.a(rbtree_init.o)
                              /opt/devkitpro/libctru/lib/libctru.a(linear.o) (rbtree_init)
/opt/devkitpro/libctru/lib/libctru.a(rbtree_insert.o)
                              /opt/devkitpro/libctru/lib/libctru.a(linear.o) (rbtree_insert)
/opt/devkitpro/libctru/lib/libctru.a(rbtree_remove.o)
                              /opt/devkitpro/libctru/lib/libctru.a(linear.o) (rbtree_remove)
/opt/devkitpro/libctru/lib/libctru.a(rbtree_rotate.o)
                              /opt/devkitpro/libctru/lib/libctru.a(rbtree_insert.o) (rbtree_rotate)
/opt/devkitpro/libctru/lib/libctru.a(allocateHeaps.o)
                              /opt/devkitpro/libctru/lib/libctru.a(ctru_init.o) (__system_allocateHeaps)
/opt/devkitpro/libctru/lib/libctru.a(appExit.o)
                              /opt/devkitpro/libctru/lib/libctru.a(stack_adjust.o) (__appExit)
/opt/devkitpro/libctru/lib/libctru.a(appInit.o)
                              /opt/devkitpro/libctru/lib/libctru.a(stack_adjust.o) (__appInit)
/opt/devkitpro/libctru/lib/libctru.a(ctru_exit.o)
                              /opt/devkitpro/libctru/lib/libctru.a(stack_adjust.o) (__libctru_exit)
/opt/devkitpro/libctru/lib/libctru.a(archive_dev.o)
                              /opt/devkitpro/libctru/lib/libctru.a(appInit.o) (archiveMountSdmc)
/opt/devkitpro/libctru/lib/libctru.a(env.o)
                              /opt/devkitpro/libctru/lib/libctru.a(srv.o) (envGetHandle)
/opt/devkitpro/libctru/lib/libctru.a(path_buf.o)
[...]
Memory Configuration

Name             Origin             Length             Attributes
*default*        0x00000000         0xffffffff

Linker script and memory map

                0x00000000                        __sync_synchronize = __sync_synchronize_dmb
                0x00100000                        PROVIDE (__start__ = 0x100000)
                0x00100000                        . = __start__

.text           0x00100000     0xeebc
 *(.crt0)
 .crt0          0x00100000       0x94 /opt/devkitpro/devkitARM/lib/gcc/arm-none-eabi/15.2.0/../../../../arm-none-eabi/lib/armv6k/fpu/3dsx_crt0.o
                0x00100000                _start
                0x00100008                __service_ptr
                0x0010000c                __apt_appid
                0x00100010                __heap_size
                0x00100014                __linear_heap_size
                0x00100018                __system_arglist
                0x0010001c                __system_runflags
 *(.init)
 .init          0x00100094        0xc /opt/devkitpro/devkitARM/lib/gcc/arm-none-eabi/15.2.0/armv6k/fpu/crti.o
                0x00100094                _init
 .init          0x001000a0        0xc /opt/devkitpro/devkitARM/lib/gcc/arm-none-eabi/15.2.0/armv6k/fpu/crtn.o
                0x001000ac                        . = ALIGN (0x4)
 *(.text)
 .text          0x001000ac      0x240 /opt/devkitpro/devkitARM/lib/gcc/arm-none-eabi/15.2.0/armv6k/fpu/libgcc.a(_divsi3.o)
                0x001000ac                __aeabi_idiv
                0x001000ac                __divsi3
                0x001002cc                __aeabi_idivmod
 .text          0x001002ec        0x4 /opt/devkitpro/devkitARM/lib/gcc/arm-none-eabi/15.2.0/armv6k/fpu/libgcc.a(_dvmd_tls.o)
                0x001002ec                __aeabi_ldiv0
                0x001002ec                __aeabi_idiv0
 *fill*         0x001002f0       0x10 
 .text          0x00100300      0x390 /opt/devkitpro/devkitARM/lib/gcc/arm-none-eabi/15.2.0/../../../../arm-none-eabi/lib/armv6k/fpu/libg.a(libc_a-strcmp.o)
                0x00100308                strcmp
 .text          0x00100690      0x20c /opt/devkitpro/devkitARM/lib/gcc/arm-none-eabi/15.2.0/armv6k/fpu/libgcc.a(_udivsi3.o)
                0x00100690                __udivsi3
                0x00100690                __aeabi_uidiv
                0x0010087c                __aeabi_uidivmod
 *(.text.*)
 .text.__do_global_dtors_aux
                0x0010089c       0x50 /opt/devkitpro/devkitARM/lib/gcc/arm-none-eabi/15.2.0/armv6k/fpu/crtbegin.o
 .text.frame_dummy
                0x001008ec       0x2c /opt/devkitpro/devkitARM/lib/gcc/arm-none-eabi/15.2.0/armv6k/fpu/crtbegin.o
 .text.startup.main
                0x00100918       0x78 main.o
                0x00100918                main
 .text.consoleDrawChar
                0x00100990      0x1c8 /opt/devkitpro/libctru/lib/libctru.a(console.o)
                0x00100990                consoleDrawChar
 .text.consolePrintChar
                0x00100b58      0x170 /opt/devkitpro/libctru/lib/libctru.a(console.o)
                0x00100b58                consolePrintChar
 .text.con_write
                0x00100cc8      0xcc8 /opt/devkitpro/libctru/lib/libctru.a(console.o)
                0x00100cc8                con_write
 .text.newRow   0x00101990       0xfc /opt/devkitpro/libctru/lib/libctru.a(console.o)
 .text.consoleInit
                0x00101a8c      0x180 /opt/devkitpro/libctru/lib/libctru.a(console.o)
                0x00101a8c                consoleInit
 .text.gfxPresentFramebuffer
                0x00101c0c       0xcc /opt/devkitpro/libctru/lib/libctru.a(gfx.o)
 .text.gfxIsWide
                0x00101cd8       0x1c /opt/devkitpro/libctru/lib/libctru.a(gfx.o)
                0x00101cd8                gfxIsWide
 .text.gfxSetScreenFormat
                0x00101cf4       0xf8 /opt/devkitpro/libctru/lib/libctru.a(gfx.o)
                0x00101cf4                gfxSetScreenFormat
 .text.gfxSetDoubleBuffering
                0x00101dec       0x10 /opt/devkitpro/libctru/lib/libctru.a(gfx.o)
                0x00101dec                gfxSetDoubleBuffering
 .text.gfxInit  0x00101dfc       0xd8 /opt/devkitpro/libctru/lib/libctru.a(gfx.o)
                0x00101dfc                gfxInit
 .text.gfxInitDefault
                0x00101ed4       0x10 /opt/devkitpro/libctru/lib/libctru.a(gfx.o)
                0x00101ed4                gfxInitDefault
 .text.gfxExit  0x00101ee4       0xb8 /opt/devkitpro/libctru/lib/libctru.a(gfx.o)
                0x00101ee4                gfxExit
 .text.gfxGetFramebuffer
                0x00101f9c       0xa0 /opt/devkitpro/libctru/lib/libctru.a(gfx.o)
                0x00101f9c                gfxGetFramebuffer
 .text.gfxFlushBuffers
                0x0010203c      0x100 /opt/devkitpro/libctru/lib/libctru.a(gfx.o)
                0x0010203c                gfxFlushBuffers
 .text.gfxSwapBuffersGpu
                0x0010213c       0x50 /opt/devkitpro/libctru/lib/libctru.a(gfx.o)
                0x0010213c                gfxSwapBuffersGpu
 .text.aptConvertScreenForCapture
                0x0010218c      0x180 /opt/devkitpro/libctru/lib/libctru.a(apt.o)
 .text.aptDspSleep
                0x0010230c        0x8 /opt/devkitpro/libctru/lib/libctru.a(apt.o)
                0x0010230c                aptDspSleep
 .text.aptDspWakeup
                0x00102314        0x4 /opt/devkitpro/libctru/lib/libctru.a(apt.o)
                0x00102314                aptDspWakeup
 .text.aptDspCancel
                0x00102318        0x4 /opt/devkitpro/libctru/lib/libctru.a(apt.o)
                0x00102318                aptDspCancel
 .text.aptSendCommand
                0x0010231c      0x138 /opt/devkitpro/libctru/lib/libctru.a(apt.o)
                0x0010231c                aptSendCommand
 *fill*         0x00102454        0x4 
 .text.aptExitProcess
                0x00102458       0x44 /opt/devkitpro/libctru/lib/libctru.a(apt.o)
 .text.aptExit  0x0010249c      0x394 /opt/devkitpro/libctru/lib/libctru.a(apt.o)
                0x0010249c                aptExit
 .text.aptHandleSleep
                0x00102830       0xd8 /opt/devkitpro/libctru/lib/libctru.a(apt.o)
                0x00102830                aptHandleSleep
 .text.APT_SleepIfShellClosed
                0x00102908       0x84 /opt/devkitpro/libctru/lib/libctru.a(apt.o)
                0x00102908                APT_SleepIfShellClosed
 .text.aptSetSleepAllowed
                0x0010298c       0x78 /opt/devkitpro/libctru/lib/libctru.a(apt.o)
                0x0010298c                aptSetSleepAllowed
 .text.APT_UnlockTransition
                0x00102a04       0x84 /opt/devkitpro/libctru/lib/libctru.a(apt.o)
                0x00102a04                APT_UnlockTransition
 .text.aptEventHandler
                0x00102a88      0x470 /opt/devkitpro/libctru/lib/libctru.a(apt.o)
 .text.APT_ReceiveParameter
                0x00102ef8       0xbc /opt/devkitpro/libctru/lib/libctru.a(apt.o)
                0x00102ef8                APT_ReceiveParameter
 .text.aptReceiveParameter.constprop.0
                0x00102fb4       0xb0 /opt/devkitpro/libctru/lib/libctru.a(apt.o)
 *fill*         0x00103064        0x4 
 .text.aptScreenTransfer
                0x00103068      0x294 /opt/devkitpro/libctru/lib/libctru.a(apt.o)
 .text.aptWaitForWakeUp.isra.0
                0x001032fc      0x2d0 /opt/devkitpro/libctru/lib/libctru.a(apt.o)
 .text.aptJumpToHomeMenu
                0x001035cc       0xf4 /opt/devkitpro/libctru/lib/libctru.a(apt.o)
                0x001035cc                aptJumpToHomeMenu
 .text.aptMainLoop
                0x001036c0       0x58 /opt/devkitpro/libctru/lib/libctru.a(apt.o)
                0x001036c0                aptMainLoop
 .text.aptInit  0x00103718      0x240 /opt/devkitpro/libctru/lib/libctru.a(apt.o)
                0x00103718                aptInit
 .text.APT_CheckNew3DS
                0x00103958       0x90 /opt/devkitpro/libctru/lib/libctru.a(apt.o)
                0x00103958                APT_CheckNew3DS
 .text.gspHardwareInit
                0x001039e8      0xc70 /opt/devkitpro/libctru/lib/libctru.a(gspgpu.o)
 .text.gspInit  0x00104658      0x288 /opt/devkitpro/libctru/lib/libctru.a(gspgpu.o)
                0x00104658                gspInit
 .text.gspExit  0x001048e0      0x104 /opt/devkitpro/libctru/lib/libctru.a(gspgpu.o)
                0x001048e0                gspExit
 .text.gspHasGpuRight
                0x001049e4       0x10 /opt/devkitpro/libctru/lib/libctru.a(gspgpu.o)
                0x001049e4                gspHasGpuRight
 .text.gspPresentBuffer
                0x001049f4       0xa4 /opt/devkitpro/libctru/lib/libctru.a(gspgpu.o)
                0x001049f4                gspPresentBuffer
 .text.gspWaitForEvent
                0x00104a98       0x50 /opt/devkitpro/libctru/lib/libctru.a(gspgpu.o)
                0x00104a98                gspWaitForEvent
 .text.gxCmdQueueInterrupt
                0x00104ae8        0x4 /opt/devkitpro/libctru/lib/libctru.a(gspgpu.o)
                0x00104ae8                gxCmdQueueInterrupt
 .text.gspEventThreadMain
                0x00104aec      0x154 /opt/devkitpro/libctru/lib/libctru.a(gspgpu.o)
 .text.GSPGPU_FlushDataCache
                0x00104c40       0x50 /opt/devkitpro/libctru/lib/libctru.a(gspgpu.o)
                0x00104c40                GSPGPU_FlushDataCache
 .text.GSPGPU_SetLcdForceBlack
                0x00104c90       0x34 /opt/devkitpro/libctru/lib/libctru.a(gspgpu.o)
                0x00104c90                GSPGPU_SetLcdForceBlack
 .text.GSPGPU_AcquireRight
                0x00104cc4       0x84 /opt/devkitpro/libctru/lib/libctru.a(gspgpu.o)
                0x00104cc4                GSPGPU_AcquireRight
 .text.GSPGPU_ReleaseRight
                0x00104d48       0x64 /opt/devkitpro/libctru/lib/libctru.a(gspgpu.o)
                0x00104d48                GSPGPU_ReleaseRight
 .text.GSPGPU_ImportDisplayCaptureInfo
                0x00104dac       0x7c /opt/devkitpro/libctru/lib/libctru.a(gspgpu.o)
                0x00104dac                GSPGPU_ImportDisplayCaptureInfo
 .text.GSPGPU_SaveVramSysArea
                0x00104e28       0x2c /opt/devkitpro/libctru/lib/libctru.a(gspgpu.o)
                0x00104e28                GSPGPU_SaveVramSysArea
 .text.GSPGPU_RestoreVramSysArea
                0x00104e54       0x2c /opt/devkitpro/libctru/lib/libctru.a(gspgpu.o)
                0x00104e54                GSPGPU_RestoreVramSysArea
 .text.__libctru_init
                0x00104e80       0x38 /opt/devkitpro/libctru/lib/libctru.a(ctru_init.o)
                0x00104e80                __libctru_init
 .text.__system_initArgv
                0x00104eb8      0x16c /opt/devkitpro/libctru/lib/libctru.a(initArgv.o)
                0x00104eb8                __system_initArgv
 .text.__syscall_getreent
                0x00105024       0x30 /opt/devkitpro/libctru/lib/libctru.a(syscalls.o)
                0x00105024                __syscall_getreent
 .text.__syscall_lock_acquire
                0x00105054        0x4 /opt/devkitpro/libctru/lib/libctru.a(syscalls.o)
                0x00105054                __syscall_lock_acquire
 .text.__syscall_lock_release
                0x00105058        0x4 /opt/devkitpro/libctru/lib/libctru.a(syscalls.o)
                0x00105058                __syscall_lock_release
 .text.__syscall_lock_acquire_recursive
                0x0010505c        0x4 /opt/devkitpro/libctru/lib/libctru.a(syscalls.o)
                0x0010505c                __syscall_lock_acquire_recursive
 .text.__syscall_lock_release_recursive
                0x00105060        0x4 /opt/devkitpro/libctru/lib/libctru.a(syscalls.o)
                0x00105060                __syscall_lock_release_recursive
 .text.__syscall_exit
                0x00105064        0x4 /opt/devkitpro/libctru/lib/libctru.a(syscalls.o)
                0x00105064                __syscall_exit
 .text.initThreadVars
                0x00105068       0x54 /opt/devkitpro/libctru/lib/libctru.a(syscalls.o)
                0x00105068                initThreadVars
 .text.__system_initSyscalls
                0x001050bc       0x80 /opt/devkitpro/libctru/lib/libctru.a(syscalls.o)
                0x001050bc                __system_initSyscalls
 .text.svcControlMemory
                0x0010513c       0x20 /opt/devkitpro/libctru/lib/libctru.a(svc.o)
                0x0010513c                svcControlMemory
 .text.svcQueryMemory
                0x0010515c       0x30 /opt/devkitpro/libctru/lib/libctru.a(svc.o)
                0x0010515c                svcQueryMemory
 .text.svcExitProcess
                0x0010518c        0x8 /opt/devkitpro/libctru/lib/libctru.a(svc.o)
                0x0010518c                svcExitProcess
 .text.svcCreateThread
                0x00105194       0x20 /opt/devkitpro/libctru/lib/libctru.a(svc.o)
                0x00105194                svcCreateThread
 .text.svcExitThread
                0x001051b4        0x8 /opt/devkitpro/libctru/lib/libctru.a(svc.o)
                0x001051b4                svcExitThread
 .text.svcSleepThread
                0x001051bc        0x8 /opt/devkitpro/libctru/lib/libctru.a(svc.o)
                0x001051bc                svcSleepThread
 .text.svcReleaseMutex
                0x001051c4        0x8 /opt/devkitpro/libctru/lib/libctru.a(svc.o)
                0x001051c4                svcReleaseMutex
 .text.svcCreateEvent
                0x001051cc       0x14 /opt/devkitpro/libctru/lib/libctru.a(svc.o)
                0x001051cc                svcCreateEvent
 .text.svcSignalEvent
                0x001051e0        0x8 /opt/devkitpro/libctru/lib/libctru.a(svc.o)
                0x001051e0                svcSignalEvent
 .text.svcClearEvent
                0x001051e8        0x8 /opt/devkitpro/libctru/lib/libctru.a(svc.o)
                0x001051e8                svcClearEvent
 .text.svcMapMemoryBlock
                0x001051f0        0x8 /opt/devkitpro/libctru/lib/libctru.a(svc.o)
                0x001051f0                svcMapMemoryBlock
 .text.svcUnmapMemoryBlock
                0x001051f8        0x8 /opt/devkitpro/libctru/lib/libctru.a(svc.o)
                0x001051f8                svcUnmapMemoryBlock
 .text.svcCreateAddressArbiter
                0x00105200       0x14 /opt/devkitpro/libctru/lib/libctru.a(svc.o)
                0x00105200                svcCreateAddressArbiter
 .text.svcArbitrateAddressNoTimeout
                0x00105214        0x8 /opt/devkitpro/libctru/lib/libctru.a(svc.o)
                0x00105214                svcArbitrateAddressNoTimeout
 .text.svcCloseHandle
                0x0010521c        0x8 /opt/devkitpro/libctru/lib/libctru.a(svc.o)
                0x0010521c                svcCloseHandle
 .text.svcWaitSynchronization
                0x00105224        0x8 /opt/devkitpro/libctru/lib/libctru.a(svc.o)
                0x00105224                svcWaitSynchronization
 .text.svcWaitSynchronizationN
                0x0010522c       0x28 /opt/devkitpro/libctru/lib/libctru.a(svc.o)
                0x0010522c                svcWaitSynchronizationN
 .text.svcDuplicateHandle
                0x00105254       0x14 /opt/devkitpro/libctru/lib/libctru.a(svc.o)
                0x00105254                svcDuplicateHandle
 .text.svcConnectToPort
                0x00105268       0x14 /opt/devkitpro/libctru/lib/libctru.a(svc.o)
                0x00105268                svcConnectToPort
 .text.svcSendSyncRequest
                0x0010527c        0x8 /opt/devkitpro/libctru/lib/libctru.a(svc.o)
                0x0010527c                svcSendSyncRequest
 .text.svcGetResourceLimit
                0x00105284       0x14 /opt/devkitpro/libctru/lib/libctru.a(svc.o)
                0x00105284                svcGetResourceLimit
 .text.svcGetResourceLimitLimitValues
                0x00105298        0x8 /opt/devkitpro/libctru/lib/libctru.a(svc.o)
                0x00105298                svcGetResourceLimitLimitValues
 .text.svcGetResourceLimitCurrentValues
                0x001052a0        0x8 /opt/devkitpro/libctru/lib/libctru.a(svc.o)
                0x001052a0                svcGetResourceLimitCurrentValues
 .text.svcBreak
                0x001052a8        0x8 /opt/devkitpro/libctru/lib/libctru.a(svc.o)
                0x001052a8                svcBreak
 .text.initSystem
                0x001052b0       0x50 /opt/devkitpro/libctru/lib/libctru.a(stack_adjust.o)
                0x001052b0                initSystem
 .text.__ctru_exit
                0x00105300       0x14 /opt/devkitpro/libctru/lib/libctru.a(stack_adjust.o)
                0x00105300                __ctru_exit
 .text._ZL21addrMapNodeComparatorPK11rbtree_nodeS1_
                0x00105314       0x24 /opt/devkitpro/libctru/lib/libctru.a(linear.o)
 .text._ZL21addrMapNodeDestructorP11rbtree_node
                0x00105338        0x4 /opt/devkitpro/libctru/lib/libctru.a(linear.o)
 .text.linearMemAlign
                0x0010533c      0x12c /opt/devkitpro/libctru/lib/libctru.a(linear.o)
                0x0010533c                linearMemAlign
 .text.linearAlloc
                0x00105468        0x8 /opt/devkitpro/libctru/lib/libctru.a(linear.o)
                0x00105468                linearAlloc
 .text.linearFree
                0x00105470       0x5c /opt/devkitpro/libctru/lib/libctru.a(linear.o)
                0x00105470                linearFree
 .text._ZN7MemPool13CoalesceRightEP8MemBlock
                0x001054cc       0x88 /opt/devkitpro/libctru/lib/libctru.a(mem_pool.o)
                0x001054cc                _ZN7MemPool13CoalesceRightEP8MemBlock
 .text._ZN7MemPool8AllocateER8MemChunkmi
                0x00105554      0x178 /opt/devkitpro/libctru/lib/libctru.a(mem_pool.o)
                0x00105554                _ZN7MemPool8AllocateER8MemChunkmi
 .text._ZN7MemPool10DeallocateERK8MemChunk
                0x001056cc      0x118 /opt/devkitpro/libctru/lib/libctru.a(mem_pool.o)
                0x001056cc                _ZN7MemPool10DeallocateERK8MemChunk
 .text._ZN7MemPool12GetFreeSpaceEv
                0x001057e4       0x30 /opt/devkitpro/libctru/lib/libctru.a(mem_pool.o)
                0x001057e4                _ZN7MemPool12GetFreeSpaceEv
 .text._ZL21addrMapNodeComparatorPK11rbtree_nodeS1_
                0x00105814       0x24 /opt/devkitpro/libctru/lib/libctru.a(vram.o)
 .text._ZL21addrMapNodeDestructorP11rbtree_node
                0x00105838        0x4 /opt/devkitpro/libctru/lib/libctru.a(vram.o)
 .text.vramMemAlignAt
                0x0010583c      0x248 /opt/devkitpro/libctru/lib/libctru.a(vram.o)
                0x0010583c                vramMemAlignAt
 .text.vramAlloc
                0x00105a84        0xc /opt/devkitpro/libctru/lib/libctru.a(vram.o)
                0x00105a84                vramAlloc
 .text.vramFree
                0x00105a90       0x94 /opt/devkitpro/libctru/lib/libctru.a(vram.o)
                0x00105a90                vramFree
 .text.__ctru_speedup_config
                0x00105b24       0x34 /opt/devkitpro/libctru/lib/libctru.a(os.o)
                0x00105b24                __ctru_speedup_config
 .text.srvInit  0x00105b58      0x164 /opt/devkitpro/libctru/lib/libctru.a(srv.o)
                0x00105b58                srvInit
 .text.srvExit  0x00105cbc       0x64 /opt/devkitpro/libctru/lib/libctru.a(srv.o)
                0x00105cbc                srvExit
 .text.srvEnableNotification
                0x00105d20       0x60 /opt/devkitpro/libctru/lib/libctru.a(srv.o)
                0x00105d20                srvEnableNotification
 .text.srvGetServiceHandleDirect
                0x00105d80       0xa0 /opt/devkitpro/libctru/lib/libctru.a(srv.o)
                0x00105d80                srvGetServiceHandleDirect
 .text.srvGetServiceHandle
                0x00105e20       0x48 /opt/devkitpro/libctru/lib/libctru.a(srv.o)
                0x00105e20                srvGetServiceHandle
 .text.srvSubscribe
                0x00105e68       0x34 /opt/devkitpro/libctru/lib/libctru.a(srv.o)
                0x00105e68                srvSubscribe
 .text.srvReceiveNotification
                0x00105e9c       0x60 /opt/devkitpro/libctru/lib/libctru.a(srv.o)
                0x00105e9c                srvReceiveNotification
 .text.srvPublishToSubscriber
                0x00105efc       0x38 /opt/devkitpro/libctru/lib/libctru.a(srv.o)
                0x00105efc                srvPublishToSubscriber
 .text.__sync_init
                0x00105f34        0xc /opt/devkitpro/libctru/lib/libctru.a(synchronization.o)
                0x00105f34                __sync_init
 .text.__sync_fini
                0x00105f40       0x18 /opt/devkitpro/libctru/lib/libctru.a(synchronization.o)
                0x00105f40                __sync_fini
 .text.syncArbitrateAddress
                0x00105f58       0x28 /opt/devkitpro/libctru/lib/libctru.a(synchronization.o)
                0x00105f58                syncArbitrateAddress
 .text.LightLock_Lock
                0x00105f80       0xac /opt/devkitpro/libctru/lib/libctru.a(synchronization.o)
                0x00105f80                LightLock_Lock
 .text.LightLock_Unlock
                0x0010602c       0x40 /opt/devkitpro/libctru/lib/libctru.a(synchronization.o)
                0x0010602c                LightLock_Unlock
 .text.RecursiveLock_Lock
                0x0010606c       0x54 /opt/devkitpro/libctru/lib/libctru.a(synchronization.o)
                0x0010606c                RecursiveLock_Lock
 .text.RecursiveLock_Unlock
                0x001060c0       0x54 /opt/devkitpro/libctru/lib/libctru.a(synchronization.o)
                0x001060c0                RecursiveLock_Unlock
 .text.LightEvent_Init
                0x00106114       0x44 /opt/devkitpro/libctru/lib/libctru.a(synchronization.o)
                0x00106114                LightEvent_Init
 .text.LightEvent_Clear
                0x00106158       0xb8 /opt/devkitpro/libctru/lib/libctru.a(synchronization.o)
                0x00106158                LightEvent_Clear
 .text.LightEvent_Signal
                0x00106210       0xdc /opt/devkitpro/libctru/lib/libctru.a(synchronization.o)
                0x00106210                LightEvent_Signal
 .text.LightEvent_TryWait
                0x001062ec       0x50 /opt/devkitpro/libctru/lib/libctru.a(synchronization.o)
                0x001062ec                LightEvent_TryWait
 .text.LightEvent_Wait
                0x0010633c       0xac /opt/devkitpro/libctru/lib/libctru.a(synchronization.o)
                0x0010633c                LightEvent_Wait
 .text.threadCreate
                0x001063e8      0x1fc /opt/devkitpro/libctru/lib/libctru.a(thread.o)
                0x001063e8                threadCreate
 .text.threadFree
                0x001065e4       0x38 /opt/devkitpro/libctru/lib/libctru.a(thread.o)
                0x001065e4                threadFree
 .text.threadJoin
                0x0010661c       0x24 /opt/devkitpro/libctru/lib/libctru.a(thread.o)
                0x0010661c                threadJoin
 .text.threadGetCurrent
                0x00106640       0x30 /opt/devkitpro/libctru/lib/libctru.a(thread.o)
                0x00106640                threadGetCurrent
 .text.threadExit
                0x00106670       0x40 /opt/devkitpro/libctru/lib/libctru.a(thread.o)
                0x00106670                threadExit
 .text._thread_begin
                0x001066b0       0x20 /opt/devkitpro/libctru/lib/libctru.a(thread.o)
 .text.mappableFindAddressWithin
                0x001066d0       0x90 /opt/devkitpro/libctru/lib/libctru.a(mappable.o)
 .text.mappableInit
                0x00106760       0x28 /opt/devkitpro/libctru/lib/libctru.a(mappable.o)
                0x00106760                mappableInit
 .text.mappableAlloc
                0x00106788       0x7c /opt/devkitpro/libctru/lib/libctru.a(mappable.o)
                0x00106788                mappableAlloc
 .text.mappableFree
                0x00106804        0x4 /opt/devkitpro/libctru/lib/libctru.a(mappable.o)
                0x00106804                mappableFree
 .text.ptmSysmInit
                0x00106808       0x78 /opt/devkitpro/libctru/lib/libctru.a(ptmsysm.o)
                0x00106808                ptmSysmInit
 .text.ptmSysmExit
                0x00106880       0x3c /opt/devkitpro/libctru/lib/libctru.a(ptmsysm.o)
                0x00106880                ptmSysmExit
 .text.PTMSYSM_ConfigureNew3DSCPU
                0x001068bc       0x34 /opt/devkitpro/libctru/lib/libctru.a(ptmsysm.o)
                0x001068bc                PTMSYSM_ConfigureNew3DSCPU
 .text.srvPmGetSessionHandle
                0x001068f0        0xc /opt/devkitpro/libctru/lib/libctru.a(srvpm.o)
                0x001068f0                srvPmGetSessionHandle
 .text.rbtree_find
                0x001068fc       0x74 /opt/devkitpro/libctru/lib/libctru.a(rbtree_find.o)
                0x001068fc                rbtree_find
 .text.rbtree_init
                0x00106970       0x10 /opt/devkitpro/libctru/lib/libctru.a(rbtree_init.o)
                0x00106970                rbtree_init
 .text.do_insert
                0x00106980      0x198 /opt/devkitpro/libctru/lib/libctru.a(rbtree_insert.o)
 .text.rbtree_insert
                0x00106b18        0x8 /opt/devkitpro/libctru/lib/libctru.a(rbtree_insert.o)
                0x00106b18                rbtree_insert
 .text.rbtree_remove
                0x00106b20      0x310 /opt/devkitpro/libctru/lib/libctru.a(rbtree_remove.o)
                0x00106b20                rbtree_remove
 .text.rbtree_rotate
                0x00106e30       0x90 /opt/devkitpro/libctru/lib/libctru.a(rbtree_rotate.o)
                0x00106e30                rbtree_rotate
 .text.__system_allocateHeaps
                0x00106ec0      0x1e8 /opt/devkitpro/libctru/lib/libctru.a(allocateHeaps.o)
                0x00106ec0                __system_allocateHeaps
 .text.__appExit
                0x001070a8       0x30 /opt/devkitpro/libctru/lib/libctru.a(appExit.o)
                0x001070a8                __appExit
 .text.__appInit
                0x001070d8       0x30 /opt/devkitpro/libctru/lib/libctru.a(appInit.o)
                0x001070d8                __appInit
 .text.__libctru_exit
                0x00107108       0x90 /opt/devkitpro/libctru/lib/libctru.a(ctru_exit.o)
                0x00107108                __libctru_exit
 .text.error_cmp
                0x00107198       0x24 /opt/devkitpro/libctru/lib/libctru.a(archive_dev.o)
 .text.archive_translate_error
                0x001071bc       0x50 /opt/devkitpro/libctru/lib/libctru.a(archive_dev.o)
 .text.archive_seek
                0x0010720c       0xc0 /opt/devkitpro/libctru/lib/libctru.a(archive_dev.o)
 .text._archiveInit.part.0
                0x001072cc       0x78 /opt/devkitpro/libctru/lib/libctru.a(archive_dev.o)
 .text.archiveFindDevice.part.0
                0x00107344      0x110 /opt/devkitpro/libctru/lib/libctru.a(archive_dev.o)
 .text.archive_utf16path
                0x00107454      0x298 /opt/devkitpro/libctru/lib/libctru.a(archive_dev.o)
 .text._archiveUnmountDeviceStruct.part.0
                0x001076ec       0x98 /opt/devkitpro/libctru/lib/libctru.a(archive_dev.o)
 .text._archiveMountDevice
                0x00107784      0x178 /opt/devkitpro/libctru/lib/libctru.a(archive_dev.o)
 .text.archive_diropen
                0x001078fc       0xf8 /opt/devkitpro/libctru/lib/libctru.a(archive_dev.o)
 .text.archive_fstat
                0x001079f4       0xac /opt/devkitpro/libctru/lib/libctru.a(archive_dev.o)
 .text.archive_fsync
                0x00107aa0       0x74 /opt/devkitpro/libctru/lib/libctru.a(archive_dev.o)
 .text.archive_close
                0x00107b14       0x74 /opt/devkitpro/libctru/lib/libctru.a(archive_dev.o)
 .text.archive_dirclose
                0x00107b88       0x78 /opt/devkitpro/libctru/lib/libctru.a(archive_dev.o)
 .text.sdmc_statvfs
                0x00107c00       0xec /opt/devkitpro/libctru/lib/libctru.a(archive_dev.o)
 .text.archive_chdir
                0x00107cec       0xf8 /opt/devkitpro/libctru/lib/libctru.a(archive_dev.o)
 .text.archive_ftruncate
                0x00107de4       0x8c /opt/devkitpro/libctru/lib/libctru.a(archive_dev.o)
 .text.archive_read
                0x00107e70       0xbc /opt/devkitpro/libctru/lib/libctru.a(archive_dev.o)
 .text.archive_unlink
                0x00107f2c       0xa8 /opt/devkitpro/libctru/lib/libctru.a(archive_dev.o)
 .text.archive_rmdir
                0x00107fd4       0xc0 /opt/devkitpro/libctru/lib/libctru.a(archive_dev.o)
 .text.archive_mkdir
                0x00108094       0xd8 /opt/devkitpro/libctru/lib/libctru.a(archive_dev.o)
 .text.archive_stat
                0x0010816c      0x1a0 /opt/devkitpro/libctru/lib/libctru.a(archive_dev.o)
 .text.archive_dirnext
                0x0010830c      0x164 /opt/devkitpro/libctru/lib/libctru.a(archive_dev.o)
 .text.archive_write
                0x00108470      0x13c /opt/devkitpro/libctru/lib/libctru.a(archive_dev.o)
 *fill*         0x001085ac        0x4 
 .text.archive_open
                0x001085b0      0x254 /opt/devkitpro/libctru/lib/libctru.a(archive_dev.o)
 .text.archive_rename
                0x00108804      0x270 /opt/devkitpro/libctru/lib/libctru.a(archive_dev.o)
 .text.archiveMountSdmc
                0x00108a74      0x1c8 /opt/devkitpro/libctru/lib/libctru.a(archive_dev.o)
                0x00108a74                archiveMountSdmc
 .text.archiveUnmountAll
                0x00108c3c       0x54 /opt/devkitpro/libctru/lib/libctru.a(archive_dev.o)
                0x00108c3c                archiveUnmountAll
 .text.envGetHandle
                0x00108c90       0x8c /opt/devkitpro/libctru/lib/libctru.a(env.o)
                0x00108c90                envGetHandle
 .text.envDestroyHandles
                0x00108d1c       0x50 /opt/devkitpro/libctru/lib/libctru.a(env.o)
                0x00108d1c                envDestroyHandles
 .text.fsInit   0x00108d6c      0x104 /opt/devkitpro/libctru/lib/libctru.a(fs.o)
                0x00108d6c                fsInit
 .text.fsExit   0x00108e70       0x3c /opt/devkitpro/libctru/lib/libctru.a(fs.o)
                0x00108e70                fsExit
 .text.fsExemptFromSession
                0x00108eac       0x68 /opt/devkitpro/libctru/lib/libctru.a(fs.o)
                0x00108eac                fsExemptFromSession
 .text.fsUnexemptFromSession
                0x00108f14       0x50 /opt/devkitpro/libctru/lib/libctru.a(fs.o)
                0x00108f14                fsUnexemptFromSession
 .text.FSUSER_OpenFile
                0x00108f64       0xcc /opt/devkitpro/libctru/lib/libctru.a(fs.o)
                0x00108f64                FSUSER_OpenFile
 .text.FSUSER_DeleteFile
                0x00109030       0xb8 /opt/devkitpro/libctru/lib/libctru.a(fs.o)
                0x00109030                FSUSER_DeleteFile
 .text.FSUSER_RenameFile
                0x001090e8       0xf4 /opt/devkitpro/libctru/lib/libctru.a(fs.o)
                0x001090e8                FSUSER_RenameFile
 .text.FSUSER_DeleteDirectory
                0x001091dc       0xb8 /opt/devkitpro/libctru/lib/libctru.a(fs.o)
                0x001091dc                FSUSER_DeleteDirectory
 .text.FSUSER_CreateFile
                0x00109294       0xd0 /opt/devkitpro/libctru/lib/libctru.a(fs.o)
                0x00109294                FSUSER_CreateFile
 .text.FSUSER_CreateDirectory
                0x00109364       0xc0 /opt/devkitpro/libctru/lib/libctru.a(fs.o)
                0x00109364                FSUSER_CreateDirectory
 .text.FSUSER_RenameDirectory
                0x00109424       0xf4 /opt/devkitpro/libctru/lib/libctru.a(fs.o)
                0x00109424                FSUSER_RenameDirectory
 .text.FSUSER_OpenDirectory
                0x00109518       0xb4 /opt/devkitpro/libctru/lib/libctru.a(fs.o)
                0x00109518                FSUSER_OpenDirectory
 .text.FSUSER_OpenArchive
                0x001095cc       0x90 /opt/devkitpro/libctru/lib/libctru.a(fs.o)
                0x001095cc                FSUSER_OpenArchive
 .text.FSUSER_CloseArchive
                0x0010965c       0x8c /opt/devkitpro/libctru/lib/libctru.a(fs.o)
                0x0010965c                FSUSER_CloseArchive
 .text.FSUSER_GetSdmcArchiveResource
                0x001096e8       0x74 /opt/devkitpro/libctru/lib/libctru.a(fs.o)
                0x001096e8                FSUSER_GetSdmcArchiveResource
 .text.FSUSER_IsSdmcWritable
                0x0010975c       0x64 /opt/devkitpro/libctru/lib/libctru.a(fs.o)
                0x0010975c                FSUSER_IsSdmcWritable
 .text.FSFILE_Read
                0x001097c0       0x64 /opt/devkitpro/libctru/lib/libctru.a(fs.o)
                0x001097c0                FSFILE_Read
 .text.FSFILE_Write
                0x00109824       0x6c /opt/devkitpro/libctru/lib/libctru.a(fs.o)
                0x00109824                FSFILE_Write
 .text.FSFILE_GetSize
                0x00109890       0x44 /opt/devkitpro/libctru/lib/libctru.a(fs.o)
                0x00109890                FSFILE_GetSize
 .text.FSFILE_SetSize
                0x001098d4       0x28 /opt/devkitpro/libctru/lib/libctru.a(fs.o)
                0x001098d4                FSFILE_SetSize
 .text.FSFILE_Close
                0x001098fc       0x3c /opt/devkitpro/libctru/lib/libctru.a(fs.o)
                0x001098fc                FSFILE_Close
 .text.FSFILE_Flush
                0x00109938       0x24 /opt/devkitpro/libctru/lib/libctru.a(fs.o)
                0x00109938                FSFILE_Flush
 .text.FSDIR_Read
                0x0010995c       0x60 /opt/devkitpro/libctru/lib/libctru.a(fs.o)
                0x0010995c                FSDIR_Read
 .text.FSDIR_Close
                0x001099bc       0x3c /opt/devkitpro/libctru/lib/libctru.a(fs.o)
                0x001099bc                FSDIR_Close
 .text.hidShouldUseIrrst
                0x001099f8       0x24 /opt/devkitpro/libctru/lib/libctru.a(hid.o)
                0x001099f8                hidShouldUseIrrst
 .text.hidInit  0x00109a1c      0x1cc /opt/devkitpro/libctru/lib/libctru.a(hid.o)
                0x00109a1c                hidInit
 .text.hidExit  0x00109be8       0xe8 /opt/devkitpro/libctru/lib/libctru.a(hid.o)
                0x00109be8                hidExit
 .text.irrstInit
                0x00109cd0      0x1a4 /opt/devkitpro/libctru/lib/libctru.a(irrst.o)
                0x00109cd0                irrstInit
 .text.irrstExit
                0x00109e74       0xdc /opt/devkitpro/libctru/lib/libctru.a(irrst.o)
                0x00109e74                irrstExit
 .text.rbtree_node_next
                0x00109f50       0x60 /opt/devkitpro/libctru/lib/libctru.a(rbtree_iterator.o)
                0x00109f50                rbtree_node_next
 .text.decode_utf8
                0x00109fb0      0x140 /opt/devkitpro/libctru/lib/libctru.a(decode_utf8.o)
                0x00109fb0                decode_utf8
 .text.utf16_to_utf8
                0x0010a0f0       0xe8 /opt/devkitpro/libctru/lib/libctru.a(utf16_to_utf8.o)
                0x0010a0f0                utf16_to_utf8
 .text.utf8_to_utf16
                0x0010a1d8       0xc0 /opt/devkitpro/libctru/lib/libctru.a(utf8_to_utf16.o)
                0x0010a1d8                utf8_to_utf16
 .text.__aeabi_read_tp
                0x0010a298        0xc /opt/devkitpro/libctru/lib/libctru.a(readtp.o)
                0x0010a298                __aeabi_read_tp
 .text.decode_utf16
                0x0010a2a4       0x54 /opt/devkitpro/libctru/lib/libctru.a(decode_utf16.o)
                0x0010a2a4                decode_utf16
 .text.encode_utf16
                0x0010a2f8       0x54 /opt/devkitpro/libctru/lib/libctru.a(encode_utf16.o)
                0x0010a2f8                encode_utf16
 .text.encode_utf8
                0x0010a34c       0xe0 /opt/devkitpro/libctru/lib/libctru.a(encode_utf8.o)
                0x0010a34c                encode_utf8
 .text.strncat  0x0010a42c       0xe4 /opt/devkitpro/devkitARM/lib/gcc/arm-none-eabi/15.2.0/../../../../arm-none-eabi/lib/armv6k/fpu/libg.a(libc_a-strncat.o)
                0x0010a42c                strncat
 .text.memcpy   0x0010a510      0x128 /opt/devkitpro/devkitARM/lib/gcc/arm-none-eabi/15.2.0/../../../../arm-none-eabi/lib/armv6k/fpu/libg.a(libc_a-memcpy-stub.o)
                0x0010a510                memcpy
 .text.strlen   0x0010a638       0x8c /opt/devkitpro/devkitARM/lib/gcc/arm-none-eabi/15.2.0/../../../../arm-none-eabi/lib/armv6k/fpu/libg.a(libc_a-strlen.o)
                0x0010a638                strlen
 .text.bsearch  0x0010a6c4       0x78 /opt/devkitpro/devkitARM/lib/gcc/arm-none-eabi/15.2.0/../../../../arm-none-eabi/lib/armv6k/fpu/libg.a(libc_a-bsearch.o)
                0x0010a6c4                bsearch
 .text._fopen_r
                0x0010a73c      0x134 /opt/devkitpro/devkitARM/lib/gcc/arm-none-eabi/15.2.0/../../../../arm-none-eabi/lib/armv6k/fpu/libg.a(libc_a-fopen.o)
                0x0010a73c                _fopen_r
 .text.fopen    0x0010a870       0x28 /opt/devkitpro/devkitARM/lib/gcc/arm-none-eabi/15.2.0/../../../../arm-none-eabi/lib/armv6k/fpu/libg.a(libc_a-fopen.o)
                0x0010a870                fopen
 .text.memalign
                0x0010a898       0x28 /opt/devkitpro/devkitARM/lib/gcc/arm-none-eabi/15.2.0/../../../../arm-none-eabi/lib/armv6k/fpu/libg.a(libc_a-malign.o)
                0x0010a898                memalign
 .text._strtoul_l.isra.0
                0x0010a8c0      0x1ec /opt/devkitpro/devkitARM/lib/gcc/arm-none-eabi/15.2.0/../../../../arm-none-eabi/lib/armv6k/fpu/libg.a(libc_a-strtoul.o)
 .text.strtoul  0x0010aaac       0x3c /opt/devkitpro/devkitARM/lib/gcc/arm-none-eabi/15.2.0/../../../../arm-none-eabi/lib/armv6k/fpu/libg.a(libc_a-strtoul.o)
                0x0010aaac                strtoul
 .text._memalign_r
                0x0010aae8      0x16c /opt/devkitpro/devkitARM/lib/gcc/arm-none-eabi/15.2.0/../../../../arm-none-eabi/lib/armv6k/fpu/libg.a(libc_a-malignr.o)
                0x0010aae8                _memalign_r
 .text.__errno  0x0010ac54        0xc /opt/devkitpro/devkitARM/lib/gcc/arm-none-eabi/15.2.0/../../../../arm-none-eabi/lib/armv6k/fpu/libg.a(libc_a-errno.o)
                0x0010ac54                __errno
 .text.memset   0x0010ac60       0xe4 /opt/devkitpro/devkitARM/lib/gcc/arm-none-eabi/15.2.0/../../../../arm-none-eabi/lib/armv6k/fpu/libg.a(libc_a-memset.o)
                0x0010ac60                memset
 .text.__sflush_r
                0x0010ad44      0x22c /opt/devkitpro/devkitARM/lib/gcc/arm-none-eabi/15.2.0/../../../../arm-none-eabi/lib/armv6k/fpu/libg.a(libc_a-fflush.o)
                0x0010ad44                __sflush_r
 .text._fflush_r
                0x0010af70       0xc4 /opt/devkitpro/devkitARM/lib/gcc/arm-none-eabi/15.2.0/../../../../arm-none-eabi/lib/armv6k/fpu/libg.a(libc_a-fflush.o)
                0x0010af70                _fflush_r
 .text._fwrite_r
                0x0010b034      0x104 /opt/devkitpro/devkitARM/lib/gcc/arm-none-eabi/15.2.0/../../../../arm-none-eabi/lib/armv6k/fpu/libg.a(libc_a-fwrite.o)
                0x0010b034                _fwrite_r
 .text.fwrite   0x0010b138       0x38 /opt/devkitpro/devkitARM/lib/gcc/arm-none-eabi/15.2.0/../../../../arm-none-eabi/lib/armv6k/fpu/libg.a(libc_a-fwrite.o)
                0x0010b138                fwrite
 .text._malloc_r
                0x0010b170      0x82c /opt/devkitpro/devkitARM/lib/gcc/arm-none-eabi/15.2.0/../../../../arm-none-eabi/lib/armv6k/fpu/libg.a(libc_a-mallocr.o)
                0x0010b170                _malloc_r
 .text._malloc_trim_r
                0x0010b99c      0x114 /opt/devkitpro/devkitARM/lib/gcc/arm-none-eabi/15.2.0/../../../../arm-none-eabi/lib/armv6k/fpu/libg.a(libc_a-freer.o)
                0x0010b99c                _malloc_trim_r
 .text._free_r  0x0010bab0      0x314 /opt/devkitpro/devkitARM/lib/gcc/arm-none-eabi/15.2.0/../../../../arm-none-eabi/lib/armv6k/fpu/libg.a(libc_a-freer.o)
                0x0010bab0                _free_r
 .text.setvbuf  0x0010bdc4      0x294 /opt/devkitpro/devkitARM/lib/gcc/arm-none-eabi/15.2.0/../../../../arm-none-eabi/lib/armv6k/fpu/libg.a(libc_a-setvbuf.o)
                0x0010bdc4                setvbuf
 .text.stdio_exit_handler
                0x0010c058       0x1c /opt/devkitpro/devkitARM/lib/gcc/arm-none-eabi/15.2.0/../../../../arm-none-eabi/lib/armv6k/fpu/libg.a(libc_a-findfp.o)
 .text.cleanup_stdio
                0x0010c074       0x5c /opt/devkitpro/devkitARM/lib/gcc/arm-none-eabi/15.2.0/../../../../arm-none-eabi/lib/armv6k/fpu/libg.a(libc_a-findfp.o)
 .text.global_stdio_init.part.0
                0x0010c0d0      0x154 /opt/devkitpro/devkitARM/lib/gcc/arm-none-eabi/15.2.0/../../../../arm-none-eabi/lib/armv6k/fpu/libg.a(libc_a-findfp.o)
 .text.__sfp    0x0010c224      0x138 /opt/devkitpro/devkitARM/lib/gcc/arm-none-eabi/15.2.0/../../../../arm-none-eabi/lib/armv6k/fpu/libg.a(libc_a-findfp.o)
                0x0010c224                __sfp
 .text.__sinit  0x0010c35c       0x5c /opt/devkitpro/devkitARM/lib/gcc/arm-none-eabi/15.2.0/../../../../arm-none-eabi/lib/armv6k/fpu/libg.a(libc_a-findfp.o)
                0x0010c35c                __sinit
 .text.__sfp_lock_acquire
                0x0010c3b8        0xc /opt/devkitpro/devkitARM/lib/gcc/arm-none-eabi/15.2.0/../../../../arm-none-eabi/lib/armv6k/fpu/libg.a(libc_a-findfp.o)
                0x0010c3b8                __sfp_lock_acquire
 .text.__sfp_lock_release
                0x0010c3c4        0xc /opt/devkitpro/devkitARM/lib/gcc/arm-none-eabi/15.2.0/../../../../arm-none-eabi/lib/armv6k/fpu/libg.a(libc_a-findfp.o)
                0x0010c3c4                __sfp_lock_release
 .text.__libc_init_array
                0x0010c3d0       0x84 /opt/devkitpro/devkitARM/lib/gcc/arm-none-eabi/15.2.0/../../../../arm-none-eabi/lib/armv6k/fpu/libg.a(libc_a-init.o)
                0x0010c3d0                __libc_init_array
 .text.strncpy  0x0010c454       0xd4 /opt/devkitpro/devkitARM/lib/gcc/arm-none-eabi/15.2.0/../../../../arm-none-eabi/lib/armv6k/fpu/libg.a(libc_a-strncpy.o)
                0x0010c454                strncpy
 .text._fseek_r
                0x0010c528       0x1c /opt/devkitpro/devkitARM/lib/gcc/arm-none-eabi/15.2.0/../../../../arm-none-eabi/lib/armv6k/fpu/libg.a(libc_a-fseek.o)
                0x0010c528                _fseek_r
 .text.malloc   0x0010c544       0x40 /opt/devkitpro/devkitARM/lib/gcc/arm-none-eabi/15.2.0/../../../../arm-none-eabi/lib/armv6k/fpu/libg.a(libc_a-malloc.o)
                0x0010c544                malloc
 .text.free     0x0010c584       0x20 /opt/devkitpro/devkitARM/lib/gcc/arm-none-eabi/15.2.0/../../../../arm-none-eabi/lib/armv6k/fpu/libg.a(libc_a-malloc.o)
                0x0010c584                free
 .text.__sread  0x0010c5a4       0x44 /opt/devkitpro/devkitARM/lib/gcc/arm-none-eabi/15.2.0/../../../../arm-none-eabi/lib/armv6k/fpu/libg.a(libc_a-stdio.o)
                0x0010c5a4                __sread
 .text.__swrite
                0x0010c5e8       0x68 /opt/devkitpro/devkitARM/lib/gcc/arm-none-eabi/15.2.0/../../../../arm-none-eabi/lib/armv6k/fpu/libg.a(libc_a-stdio.o)
                0x0010c5e8                __swrite
 .text.__sseek  0x0010c650       0x40 /opt/devkitpro/devkitARM/lib/gcc/arm-none-eabi/15.2.0/../../../../arm-none-eabi/lib/armv6k/fpu/libg.a(libc_a-stdio.o)
                0x0010c650                __sseek
 .text.__sclose
                0x0010c690        0x8 /opt/devkitpro/devkitARM/lib/gcc/arm-none-eabi/15.2.0/../../../../arm-none-eabi/lib/armv6k/fpu/libg.a(libc_a-stdio.o)
                0x0010c690                __sclose
 .text.__malloc_lock
                0x0010c698        0xc /opt/devkitpro/devkitARM/lib/gcc/arm-none-eabi/15.2.0/../../../../arm-none-eabi/lib/armv6k/fpu/libg.a(libc_a-mlock.o)
                0x0010c698                __malloc_lock
 .text.__malloc_unlock
                0x0010c6a4        0xc /opt/devkitpro/devkitARM/lib/gcc/arm-none-eabi/15.2.0/../../../../arm-none-eabi/lib/armv6k/fpu/libg.a(libc_a-mlock.o)
                0x0010c6a4                __malloc_unlock
 .text._fseeko_r
                0x0010c6b0      0x588 /opt/devkitpro/devkitARM/lib/gcc/arm-none-eabi/15.2.0/../../../../arm-none-eabi/lib/armv6k/fpu/libg.a(libc_a-fseeko.o)
                0x0010c6b0                _fseeko_r
 .text._fclose_r
                0x0010cc38      0x148 /opt/devkitpro/devkitARM/lib/gcc/arm-none-eabi/15.2.0/../../../../arm-none-eabi/lib/armv6k/fpu/libg.a(libc_a-fclose.o)
                0x0010cc38                _fclose_r
 .text.fclose   0x0010cd80       0x20 /opt/devkitpro/devkitARM/lib/gcc/arm-none-eabi/15.2.0/../../../../arm-none-eabi/lib/armv6k/fpu/libg.a(libc_a-fclose.o)
                0x0010cd80                fclose
 .text.__call_exitprocs
                0x0010cda0        0x4 /opt/devkitpro/devkitARM/lib/gcc/arm-none-eabi/15.2.0/../../../../arm-none-eabi/lib/armv6k/fpu/libg.a(libc_a-exit.o)
                0x0010cda0                __call_exitprocs
 .text.exit     0x0010cda4       0x30 /opt/devkitpro/devkitARM/lib/gcc/arm-none-eabi/15.2.0/../../../../arm-none-eabi/lib/armv6k/fpu/libg.a(libc_a-exit.o)
                0x0010cda4                exit
 .text.__sflags
                0x0010cdd4       0xb8 /opt/devkitpro/devkitARM/lib/gcc/arm-none-eabi/15.2.0/../../../../arm-none-eabi/lib/armv6k/fpu/libg.a(libc_a-flags.o)
                0x0010cdd4                __sflags
 .text.__libc_fini_array
                0x0010ce8c       0x3c /opt/devkitpro/devkitARM/lib/gcc/arm-none-eabi/15.2.0/../../../../arm-none-eabi/lib/armv6k/fpu/libg.a(libc_a-fini.o)
                0x0010ce8c                __libc_fini_array
 .text.strnlen  0x0010cec8       0x3c /opt/devkitpro/devkitARM/lib/gcc/arm-none-eabi/15.2.0/../../../../arm-none-eabi/lib/armv6k/fpu/libg.a(libc_a-strnlen.o)
                0x0010cec8                strnlen
 .text.strncmp  0x0010cf04       0xd8 /opt/devkitpro/devkitARM/lib/gcc/arm-none-eabi/15.2.0/../../../../arm-none-eabi/lib/armv6k/fpu/libg.a(libc_a-strncmp.o)
                0x0010cf04                strncmp
 .text.lflush   0x0010cfdc       0x38 /opt/devkitpro/devkitARM/lib/gcc/arm-none-eabi/15.2.0/../../../../arm-none-eabi/lib/armv6k/fpu/libg.a(libc_a-refill.o)
 .text.__srefill_r
                0x0010d014      0x1a8 /opt/devkitpro/devkitARM/lib/gcc/arm-none-eabi/15.2.0/../../../../arm-none-eabi/lib/armv6k/fpu/libg.a(libc_a-refill.o)
                0x0010d014                __srefill_r
 .text._fwalk_sglue
                0x0010d1bc       0x70 /opt/devkitpro/devkitARM/lib/gcc/arm-none-eabi/15.2.0/../../../../arm-none-eabi/lib/armv6k/fpu/libg.a(libc_a-fwalk.o)
                0x0010d1bc                _fwalk_sglue
 .text.__sfvwrite_r
                0x0010d22c      0x4a4 /opt/devkitpro/devkitARM/lib/gcc/arm-none-eabi/15.2.0/../../../../arm-none-eabi/lib/armv6k/fpu/libg.a(libc_a-fvwrite.o)
                0x0010d22c                __sfvwrite_r
 .text.__smakebuf_r
                0x0010d6d0      0x164 /opt/devkitpro/devkitARM/lib/gcc/arm-none-eabi/15.2.0/../../../../arm-none-eabi/lib/armv6k/fpu/libg.a(libc_a-makebuf.o)
                0x0010d6d0                __smakebuf_r
 .text.__swhatbuf_r
                0x0010d834       0x90 /opt/devkitpro/devkitARM/lib/gcc/arm-none-eabi/15.2.0/../../../../arm-none-eabi/lib/armv6k/fpu/libg.a(libc_a-makebuf.o)
                0x0010d834                __swhatbuf_r
 .text.memchr   0x0010d8c4       0xe8 /opt/devkitpro/devkitARM/lib/gcc/arm-none-eabi/15.2.0/../../../../arm-none-eabi/lib/armv6k/fpu/libg.a(libc_a-memchr-stub.o)
                0x0010d8c4                memchr
 .text.__swsetup_r
                0x0010d9ac      0x140 /opt/devkitpro/devkitARM/lib/gcc/arm-none-eabi/15.2.0/../../../../arm-none-eabi/lib/armv6k/fpu/libg.a(libc_a-wsetup.o)
                0x0010d9ac                __swsetup_r
 .text.memmove  0x0010daec      0x1a8 /opt/devkitpro/devkitARM/lib/gcc/arm-none-eabi/15.2.0/../../../../arm-none-eabi/lib/armv6k/fpu/libg.a(libc_a-memmove.o)
                0x0010daec                memmove
 .text._realloc_r
                0x0010dc94      0x4f0 /opt/devkitpro/devkitARM/lib/gcc/arm-none-eabi/15.2.0/../../../../arm-none-eabi/lib/armv6k/fpu/libg.a(libc_a-reallocr.o)
                0x0010dc94                _realloc_r
 .text._exit    0x0010e184       0x20 /opt/devkitpro/devkitARM/lib/gcc/arm-none-eabi/15.2.0/../../../../arm-none-eabi/lib/armv6k/fpu/libsysbase.a(libsysbase_libsysbase_a-_exit.o)
                0x0010e184                _exit
 .text.chdir    0x0010e1a4      0x140 /opt/devkitpro/devkitARM/lib/gcc/arm-none-eabi/15.2.0/../../../../arm-none-eabi/lib/armv6k/fpu/libsysbase.a(libsysbase_libsysbase_a-chdir.o)
                0x0010e1a4                chdir
 .text._concatenate_path
                0x0010e2e4      0x1c8 /opt/devkitpro/devkitARM/lib/gcc/arm-none-eabi/15.2.0/../../../../arm-none-eabi/lib/armv6k/fpu/libsysbase.a(libsysbase_libsysbase_a-concatenate.o)
                0x0010e2e4                _concatenate_path
 .text._fstat_r
                0x0010e4ac       0x9c /opt/devkitpro/devkitARM/lib/gcc/arm-none-eabi/15.2.0/../../../../arm-none-eabi/lib/armv6k/fpu/libsysbase.a(libsysbase_libsysbase_a-fstat.o)
                0x0010e4ac                _fstat_r
 .text.__getreent
                0x0010e548       0x2c /opt/devkitpro/devkitARM/lib/gcc/arm-none-eabi/15.2.0/../../../../arm-none-eabi/lib/armv6k/fpu/libsysbase.a(libsysbase_libsysbase_a-getreent.o)
                0x0010e548                __getreent
 .text.__release_handle
                0x0010e574       0xa0 /opt/devkitpro/devkitARM/lib/gcc/arm-none-eabi/15.2.0/../../../../arm-none-eabi/lib/armv6k/fpu/libsysbase.a(libsysbase_libsysbase_a-handle_manager.o)
                0x0010e574                __release_handle
 .text.__alloc_handle
                0x0010e614       0xb0 /opt/devkitpro/devkitARM/lib/gcc/arm-none-eabi/15.2.0/../../../../arm-none-eabi/lib/armv6k/fpu/libsysbase.a(libsysbase_libsysbase_a-handle_manager.o)
                0x0010e614                __alloc_handle
 .text.__get_handle
                0x0010e6c4       0x58 /opt/devkitpro/devkitARM/lib/gcc/arm-none-eabi/15.2.0/../../../../arm-none-eabi/lib/armv6k/fpu/libsysbase.a(libsysbase_libsysbase_a-handle_manager.o)
                0x0010e6c4                __get_handle
 .text._close_r
                0x0010e71c      0x110 /opt/devkitpro/devkitARM/lib/gcc/arm-none-eabi/15.2.0/../../../../arm-none-eabi/lib/armv6k/fpu/libsysbase.a(libsysbase_libsysbase_a-handle_manager.o)
                0x0010e71c                _close_r
 .text.null_write
                0x0010e82c        0x8 /opt/devkitpro/devkitARM/lib/gcc/arm-none-eabi/15.2.0/../../../../arm-none-eabi/lib/armv6k/fpu/libsysbase.a(libsysbase_libsysbase_a-iosupport.o)
 .text.setDefaultDevice
                0x0010e834       0x18 /opt/devkitpro/devkitARM/lib/gcc/arm-none-eabi/15.2.0/../../../../arm-none-eabi/lib/armv6k/fpu/libsysbase.a(libsysbase_libsysbase_a-iosupport.o)
                0x0010e834                setDefaultDevice
 .text.FindDevice
                0x0010e84c       0x98 /opt/devkitpro/devkitARM/lib/gcc/arm-none-eabi/15.2.0/../../../../arm-none-eabi/lib/armv6k/fpu/libsysbase.a(libsysbase_libsysbase_a-iosupport.o)
                0x0010e84c                FindDevice
 .text.RemoveDevice
                0x0010e8e4       0x24 /opt/devkitpro/devkitARM/lib/gcc/arm-none-eabi/15.2.0/../../../../arm-none-eabi/lib/armv6k/fpu/libsysbase.a(libsysbase_libsysbase_a-iosupport.o)
                0x0010e8e4                RemoveDevice
 .text.AddDevice
                0x0010e908       0x88 /opt/devkitpro/devkitARM/lib/gcc/arm-none-eabi/15.2.0/../../../../arm-none-eabi/lib/armv6k/fpu/libsysbase.a(libsysbase_libsysbase_a-iosupport.o)
                0x0010e908                AddDevice
 .text.GetDeviceOpTab
                0x0010e990       0x20 /opt/devkitpro/devkitARM/lib/gcc/arm-none-eabi/15.2.0/../../../../arm-none-eabi/lib/armv6k/fpu/libsysbase.a(libsysbase_libsysbase_a-iosupport.o)
                0x0010e990                GetDeviceOpTab
 .text._isatty_r
                0x0010e9b0        0x8 /opt/devkitpro/devkitARM/lib/gcc/arm-none-eabi/15.2.0/../../../../arm-none-eabi/lib/armv6k/fpu/libsysbase.a(libsysbase_libsysbase_a-isatty.o)
                0x0010e9b0                _isatty_r
 .text._lseek_r
                0x0010e9b8       0x94 /opt/devkitpro/devkitARM/lib/gcc/arm-none-eabi/15.2.0/../../../../arm-none-eabi/lib/armv6k/fpu/libsysbase.a(libsysbase_libsysbase_a-lseek.o)
                0x0010e9b8                _lseek_r
 .text._open_r  0x0010ea4c       0xc0 /opt/devkitpro/devkitARM/lib/gcc/arm-none-eabi/15.2.0/../../../../arm-none-eabi/lib/armv6k/fpu/libsysbase.a(libsysbase_libsysbase_a-open.o)
                0x0010ea4c                _open_r
 .text._read_r  0x0010eb0c       0x94 /opt/devkitpro/devkitARM/lib/gcc/arm-none-eabi/15.2.0/../../../../arm-none-eabi/lib/armv6k/fpu/libsysbase.a(libsysbase_libsysbase_a-read.o)
                0x0010eb0c                _read_r
 .text._sbrk_r  0x0010eba0       0x78 /opt/devkitpro/devkitARM/lib/gcc/arm-none-eabi/15.2.0/../../../../arm-none-eabi/lib/armv6k/fpu/libsysbase.a(libsysbase_libsysbase_a-sbrk.o)
                0x0010eba0                _sbrk_r
 .text.__libc_lock_acquire
                0x0010ec18       0x1c /opt/devkitpro/devkitARM/lib/gcc/arm-none-eabi/15.2.0/../../../../arm-none-eabi/lib/armv6k/fpu/libsysbase.a(libsysbase_libsysbase_a-syscall_support.o)
                0x0010ec18                __libc_lock_acquire
 .text.__libc_lock_release
                0x0010ec34       0x1c /opt/devkitpro/devkitARM/lib/gcc/arm-none-eabi/15.2.0/../../../../arm-none-eabi/lib/armv6k/fpu/libsysbase.a(libsysbase_libsysbase_a-syscall_support.o)
                0x0010ec34                __libc_lock_release
 .text.__libc_lock_acquire_recursive
                0x0010ec50       0x1c /opt/devkitpro/devkitARM/lib/gcc/arm-none-eabi/15.2.0/../../../../arm-none-eabi/lib/armv6k/fpu/libsysbase.a(libsysbase_libsysbase_a-syscall_support.o)
                0x0010ec50                __libc_lock_acquire_recursive
 .text.__libc_lock_release_recursive
                0x0010ec6c       0x1c /opt/devkitpro/devkitARM/lib/gcc/arm-none-eabi/15.2.0/../../../../arm-none-eabi/lib/armv6k/fpu/libsysbase.a(libsysbase_libsysbase_a-syscall_support.o)
                0x0010ec6c                __libc_lock_release_recursive
 .text._write_r
                0x0010ec88       0x94 /opt/devkitpro/devkitARM/lib/gcc/arm-none-eabi/15.2.0/../../../../arm-none-eabi/lib/armv6k/fpu/libsysbase.a(libsysbase_libsysbase_a-write.o)
                0x0010ec88                _write_r
 .text.strchr   0x0010ed1c      0x140 /opt/devkitpro/devkitARM/lib/gcc/arm-none-eabi/15.2.0/../../../../arm-none-eabi/lib/armv6k/fpu/libg.a(libc_a-strchr.o)
                0x0010ed1c                strchr
 .text.strrchr  0x0010ee5c       0x48 /opt/devkitpro/devkitARM/lib/gcc/arm-none-eabi/15.2.0/../../../../arm-none-eabi/lib/armv6k/fpu/libg.a(libc_a-strrchr.o)
                0x0010ee5c                strrchr
 *(.glue_7)
 .glue_7        0x0010eea4        0x0 linker stubs
 *(.glue_7t)
 .glue_7t       0x0010eea4        0x0 linker stubs
 *(.stub)
 *(.gnu.warning)
 *(.gnu.linkonce.t*)
                0x0010eea4                        . = ALIGN (0x4)
 *(.fini)
 .fini          0x0010eea4        0xc /opt/devkitpro/devkitARM/lib/gcc/arm-none-eabi/15.2.0/armv6k/fpu/crti.o
                0x0010eea4                _fini
 .fini          0x0010eeb0        0xc /opt/devkitpro/devkitARM/lib/gcc/arm-none-eabi/15.2.0/armv6k/fpu/crtn.o
                0x0010eebc                        . = ALIGN (0x4)

.vfp11_veneer   0x0010eebc        0x0
 .vfp11_veneer  0x0010eebc        0x0 linker stubs

.v4_bx          0x0010eebc        0x0
 .v4_bx         0x0010eebc        0x0 linker stubs

.iplt           0x0010eebc        0x0
 .iplt          0x0010eebc        0x0 /opt/devkitpro/devkitARM/lib/gcc/arm-none-eabi/15.2.0/../../../../arm-none-eabi/lib/armv6k/fpu/3dsx_crt0.o
                0x0010f000                        . = ALIGN (0x1000)

.rodata         0x0010f000      0xe4c
 *(.rodata)
 .rodata        0x0010f000        0xc /opt/devkitpro/libctru/lib/libctru.a(archive_dev.o)
 *(.roda)
 *(.rodata.*)
 .rodata.str1.4
                0x0010f00c       0xb3 main.o
                                 0x17 (size before relaxing)
 .rodata.consolePrintChar
                0x0010f0bf        0x6 /opt/devkitpro/libctru/lib/libctru.a(console.o)
 *fill*         0x0010f0c5        0x1 
 .rodata.con_write
                0x0010f0c6      0x23c /opt/devkitpro/libctru/lib/libctru.a(console.o)
 .rodata.str1.4
                0x0010f302        0x0 /opt/devkitpro/libctru/lib/libctru.a(console.o)
                                 0x10 (size before relaxing)
 *fill*         0x0010f302        0x2 
 .rodata.dotab_stdout
                0x0010f304       0x80 /opt/devkitpro/libctru/lib/libctru.a(console.o)
 .rodata.grayScale
                0x0010f384       0x18 /opt/devkitpro/libctru/lib/libctru.a(console.o)
 .rodata.colorCube
                0x0010f39c        0x6 /opt/devkitpro/libctru/lib/libctru.a(console.o)
 *fill*         0x0010f3a2        0x2 
 .rodata.colorTable
                0x0010f3a4       0x30 /opt/devkitpro/libctru/lib/libctru.a(console.o)
 .rodata.aptEventHandler
                0x0010f3d4        0xb /opt/devkitpro/libctru/lib/libctru.a(apt.o)
 .rodata.aptWaitForWakeUp.isra.0
                0x0010f3df       0x11 /opt/devkitpro/libctru/lib/libctru.a(apt.o)
 .rodata.morton_y.2
                0x0010f3f0        0x8 /opt/devkitpro/libctru/lib/libctru.a(apt.o)
 .rodata.morton_x.3
                0x0010f3f8        0x8 /opt/devkitpro/libctru/lib/libctru.a(apt.o)
 .rodata.s_sleepWakeEvents.4
                0x0010f400        0x8 /opt/devkitpro/libctru/lib/libctru.a(apt.o)
 .rodata.str1.4
                0x0010f408        0x0 /opt/devkitpro/libctru/lib/libctru.a(apt.o)
                                 0x16 (size before relaxing)
 .rodata.serviceNameTable.5
                0x0010f408        0xc /opt/devkitpro/libctru/lib/libctru.a(apt.o)
 .rodata.gspInit.str1.4
                0x0010f414        0x0 /opt/devkitpro/libctru/lib/libctru.a(gspgpu.o)
                                  0x9 (size before relaxing)
 .rodata.__system_initArgv.str1.4
                0x0010f414        0x0 /opt/devkitpro/libctru/lib/libctru.a(initArgv.o)
                                  0xa (size before relaxing)
 .rodata.default_font_bin
                0x0010f414      0x800 /opt/devkitpro/libctru/lib/libctru.a(default_font.bin.o)
                0x0010f414                default_font_bin
                0x0010fc14                default_font_bin_end
 .rodata.srvInit.str1.4
                0x0010fc14        0x0 /opt/devkitpro/libctru/lib/libctru.a(srv.o)
                                  0x5 (size before relaxing)
 .rodata.ptmSysmInit.str1.4
                0x0010fc14        0x0 /opt/devkitpro/libctru/lib/libctru.a(ptmsysm.o)
                                  0x9 (size before relaxing)
 .rodata.archive_utf16path.str1.4
                0x0010fc14        0x0 /opt/devkitpro/libctru/lib/libctru.a(archive_dev.o)
                                  0x2 (size before relaxing)
 .rodata._archiveUnmountDeviceStruct.part.0.str1.4
                0x0010fc14        0x0 /opt/devkitpro/libctru/lib/libctru.a(archive_dev.o)
                                  0x2 (size before relaxing)
 .rodata._archiveMountDevice.str1.4
                0x0010fc14        0x0 /opt/devkitpro/libctru/lib/libctru.a(archive_dev.o)
                                  0xc (size before relaxing)
 .rodata.archiveMountSdmc.str1.4
                0x0010fc14        0x0 /opt/devkitpro/libctru/lib/libctru.a(archive_dev.o)
                                  0x5 (size before relaxing)
 .rodata.error_table
                0x0010fc14       0x30 /opt/devkitpro/libctru/lib/libctru.a(archive_dev.o)
 .rodata.str1.4
                0x0010fc44        0x0 /opt/devkitpro/libctru/lib/libctru.a(archive_dev.o)
                                  0x8 (size before relaxing)
 .rodata.archive_devoptab
                0x0010fc44       0x80 /opt/devkitpro/libctru/lib/libctru.a(archive_dev.o)
 .rodata.fsInit.str1.4
                0x0010fcc4        0x0 /opt/devkitpro/libctru/lib/libctru.a(fs.o)
                                  0x8 (size before relaxing)
 .rodata.hidInit.str1.4
                0x0010fcc4        0x0 /opt/devkitpro/libctru/lib/libctru.a(hid.o)
                                 0x15 (size before relaxing)
 .rodata.irrstInit.str1.4
                0x0010fcc4        0x0 /opt/devkitpro/libctru/lib/libctru.a(irrst.o)
                                  0x7 (size before relaxing)
 .rodata._ctype_
                0x0010fcc4      0x101 /opt/devkitpro/devkitARM/lib/gcc/arm-none-eabi/15.2.0/../../../../arm-none-eabi/lib/armv6k/fpu/libg.a(libc_a-ctype_.o)
                0x0010fcc4                _ctype_
 .rodata.str1.4
                0x0010fdc5        0x0 /opt/devkitpro/devkitARM/lib/gcc/arm-none-eabi/15.2.0/../../../../arm-none-eabi/lib/armv6k/fpu/libsysbase.a(libsysbase_libsysbase_a-iosupport.o)
                                  0x8 (size before relaxing)
 *fill*         0x0010fdc5        0x3 
 .rodata.dotab_stdnull
                0x0010fdc8       0x80 /opt/devkitpro/devkitARM/lib/gcc/arm-none-eabi/15.2.0/../../../../arm-none-eabi/lib/armv6k/fpu/libsysbase.a(libsysbase_libsysbase_a-iosupport.o)
                0x0010fdc8                dotab_stdnull
 *all.rodata*(*)
 *(.gnu.linkonce.r*)
                0x0010fe48                        . = ALIGN (0x4)
                0x0010fe48                        __tdata_align = .
                0x0010fe48        0x4 LONG 0x4 ALIGNOF (.tdata)
                0x0010fe4c                        . = ALIGN (0x4)

.eh_frame       0x0010fe4c        0x0
 .eh_frame      0x0010fe4c        0x0 /opt/devkitpro/devkitARM/lib/gcc/arm-none-eabi/15.2.0/armv6k/fpu/crtbegin.o

.rel.dyn        0x0010fe4c        0x0
 .rel.iplt      0x0010fe4c        0x0 /opt/devkitpro/devkitARM/lib/gcc/arm-none-eabi/15.2.0/../../../../arm-none-eabi/lib/armv6k/fpu/3dsx_crt0.o
 .rel.got       0x0010fe4c        0x0 /opt/devkitpro/devkitARM/lib/gcc/arm-none-eabi/15.2.0/../../../../arm-none-eabi/lib/armv6k/fpu/3dsx_crt0.o

.ARM.extab
 *(.ARM.extab* .gnu.linkonce.armextab.*)
                0x0010fe4c                        __exidx_start = .

.ARM.exidx
 *(.ARM.exidx* .gnu.linkonce.armexidx.*)
                0x0010fe4c                        __exidx_end = .
                0x00110000                        . = ALIGN (0x1000)

.data           0x00110000     0x1c34
 *(.data)
 .data          0x00110000      0x100 main.o
                0x00110000                hb_path
 *(.data.*)
 .data.firstConsoleInit.0
                0x00110100        0x1 /opt/devkitpro/libctru/lib/libctru.a(console.o)
 *fill*         0x00110101        0x3 
 .data.currentConsole
                0x00110104        0x4 /opt/devkitpro/libctru/lib/libctru.a(console.o)
                0x00110104                currentConsole
 .data.defaultConsole
                0x00110108       0x48 /opt/devkitpro/libctru/lib/libctru.a(console.o)
                0x00110108                defaultConsole
 .data.aptChainloadDeliverArgSize
                0x00110150        0x4 /opt/devkitpro/libctru/lib/libctru.a(apt.o)
 .data.__stacksize__
                0x00110154        0x4 /opt/devkitpro/libctru/lib/libctru.a(stack_adjust.o)
                0x00110154                __stacksize__
 .data._impure_ptr
                0x00110158        0x4 /opt/devkitpro/devkitARM/lib/gcc/arm-none-eabi/15.2.0/../../../../arm-none-eabi/lib/armv6k/fpu/libg.a(libc_a-impure.o)
                0x00110158                _impure_ptr
 *fill*         0x0011015c        0x4 
 .data._impure_data
                0x00110160      0x200 /opt/devkitpro/devkitARM/lib/gcc/arm-none-eabi/15.2.0/../../../../arm-none-eabi/lib/armv6k/fpu/libg.a(libc_a-impure.o)
                0x00110160                _impure_data
 .data.__malloc_sbrk_base
                0x00110360        0x4 /opt/devkitpro/devkitARM/lib/gcc/arm-none-eabi/15.2.0/../../../../arm-none-eabi/lib/armv6k/fpu/libg.a(libc_a-mallocr.o)
                0x00110360                __malloc_sbrk_base
 .data.__malloc_trim_threshold
                0x00110364        0x4 /opt/devkitpro/devkitARM/lib/gcc/arm-none-eabi/15.2.0/../../../../arm-none-eabi/lib/armv6k/fpu/libg.a(libc_a-mallocr.o)
                0x00110364                __malloc_trim_threshold
 .data.__malloc_av_
                0x00110368      0x408 /opt/devkitpro/devkitARM/lib/gcc/arm-none-eabi/15.2.0/../../../../arm-none-eabi/lib/armv6k/fpu/libg.a(libc_a-mallocr.o)
                0x00110368                __malloc_av_
 .data.__sglue  0x00110770        0xc /opt/devkitpro/devkitARM/lib/gcc/arm-none-eabi/15.2.0/../../../../arm-none-eabi/lib/armv6k/fpu/libg.a(libc_a-findfp.o)
                0x00110770                __sglue
 .data._current_working_directory
                0x0011077c      0x400 /opt/devkitpro/devkitARM/lib/gcc/arm-none-eabi/15.2.0/../../../../arm-none-eabi/lib/armv6k/fpu/libsysbase.a(libsysbase_libsysbase_a-chdir.o)
 *fill*         0x00110b7c        0x4 
 .data.handles  0x00110b80     0x1000 /opt/devkitpro/devkitARM/lib/gcc/arm-none-eabi/15.2.0/../../../../arm-none-eabi/lib/armv6k/fpu/libsysbase.a(libsysbase_libsysbase_a-handle_manager.o)
 .data.__stderr_handle
                0x00111b80        0xc /opt/devkitpro/devkitARM/lib/gcc/arm-none-eabi/15.2.0/../../../../arm-none-eabi/lib/armv6k/fpu/libsysbase.a(libsysbase_libsysbase_a-handle_manager.o)
 .data.__stdout_handle
                0x00111b8c        0xc /opt/devkitpro/devkitARM/lib/gcc/arm-none-eabi/15.2.0/../../../../arm-none-eabi/lib/armv6k/fpu/libsysbase.a(libsysbase_libsysbase_a-handle_manager.o)
 .data.__stdin_handle
                0x00111b98        0xc /opt/devkitpro/devkitARM/lib/gcc/arm-none-eabi/15.2.0/../../../../arm-none-eabi/lib/armv6k/fpu/libsysbase.a(libsysbase_libsysbase_a-handle_manager.o)
 .data.devoptab_list
                0x00111ba4       0x8c /opt/devkitpro/devkitARM/lib/gcc/arm-none-eabi/15.2.0/../../../../arm-none-eabi/lib/armv6k/fpu/libsysbase.a(libsysbase_libsysbase_a-iosupport.o)
                0x00111ba4                devoptab_list
 .data.defaultDevice
                0x00111c30        0x4 /opt/devkitpro/devkitARM/lib/gcc/arm-none-eabi/15.2.0/../../../../arm-none-eabi/lib/armv6k/fpu/libsysbase.a(libsysbase_libsysbase_a-iosupport.o)
 *(.gnu.linkonce.d*)
                0x00111c34                        . = ALIGN (0x4)

.igot.plt       0x00111c34        0x0
 .igot.plt      0x00111c34        0x0 /opt/devkitpro/devkitARM/lib/gcc/arm-none-eabi/15.2.0/../../../../arm-none-eabi/lib/armv6k/fpu/3dsx_crt0.o

.got            0x00111c34        0x8
 .got           0x00111c34        0x8 /opt/devkitpro/devkitARM/lib/gcc/arm-none-eabi/15.2.0/../../../../arm-none-eabi/lib/armv6k/fpu/3dsx_crt0.o

.got.plt        0x00111c3c        0xc
 .got.plt       0x00111c3c        0xc /opt/devkitpro/devkitARM/lib/gcc/arm-none-eabi/15.2.0/../../../../arm-none-eabi/lib/armv6k/fpu/3dsx_crt0.o
                0x00111c3c                _GLOBAL_OFFSET_TABLE_

.tdata          0x00111c48        0x0
                0x00111c48                        __tdata_lma = .
 *(.tdata)
 *(.tdata.*)
 *(.gnu.linkonce.td.*)
                0x00111c48                        . = ALIGN (0x4)
                0x00111c48                        __tdata_lma_end = .

.tbss           0x00111c48      0xc08
 *(.tbss)
 *(.tbss.*)
 .tbss.__ctru_dev_utf16_buf
                0x00111c48      0x802 /opt/devkitpro/libctru/lib/libctru.a(path_buf.o)
                0x00111c48                __ctru_dev_utf16_buf
 *fill*         0x0011244a        0x2 
 .tbss.__ctru_dev_path_buf
                0x0011244c      0x401 /opt/devkitpro/libctru/lib/libctru.a(path_buf.o)
                0x0011244c                __ctru_dev_path_buf
 *(.gnu.linkonce.tb.*)
 *(.tcommon)
                0x00112850                        . = ALIGN (0x4)
 *fill*         0x0011284d        0x3 

.preinit_array  0x00111c48        0x0
                0x00111c48                        PROVIDE (__preinit_array_start = .)
 *(.preinit_array)
                0x00111c48                        PROVIDE (__preinit_array_end = .)

.init_array     0x00111c48        0x4
                0x00111c48                        PROVIDE (__init_array_start = .)
 *(SORT_BY_NAME(.init_array.*))
 *(.init_array)
 .init_array    0x00111c48        0x4 /opt/devkitpro/devkitARM/lib/gcc/arm-none-eabi/15.2.0/armv6k/fpu/crtbegin.o
                0x00111c4c                        PROVIDE (__init_array_end = .)

.fini_array     0x00111c4c        0x4
                0x00111c4c                        PROVIDE (__fini_array_start = .)
 *(.fini_array)
 .fini_array    0x00111c4c        0x4 /opt/devkitpro/devkitARM/lib/gcc/arm-none-eabi/15.2.0/armv6k/fpu/crtbegin.o
 *(SORT_BY_NAME(.fini_array.*))
                0x00111c50                        PROVIDE (__fini_array_end = .)

.ctors
 *crtbegin.o(.ctors)
 *(EXCLUDE_FILE(*crtend.o) .ctors)
 *(SORT_BY_NAME(.ctors.*))
 *(.ctors)

.dtors
 *crtbegin.o(.dtors)
 *(EXCLUDE_FILE(*crtend.o) .dtors)
 *(SORT_BY_NAME(.dtors.*))
 *(.dtors)
                0x00111c50                        __bss_start__ = .

.bss            0x00111c50     0x2e08
 *(.dynbss)
 *(.bss)
 *(.bss.*)
 .bss.completed.1
                0x00111c50        0x1 /opt/devkitpro/devkitARM/lib/gcc/arm-none-eabi/15.2.0/armv6k/fpu/crtbegin.o
 *fill*         0x00111c51        0x3 
 .bss.object.0  0x00111c54       0x18 /opt/devkitpro/devkitARM/lib/gcc/arm-none-eabi/15.2.0/armv6k/fpu/crtbegin.o
 .bss.escapeSeq
                0x00111c6c       0x64 /opt/devkitpro/libctru/lib/libctru.a(console.o)
 .bss.currentCopy
                0x00111cd0       0x48 /opt/devkitpro/libctru/lib/libctru.a(console.o)
                0x00111cd0                currentCopy
 .bss.screenAlloc
                0x00111d18        0x4 /opt/devkitpro/libctru/lib/libctru.a(gfx.o)
 .bss.screenFree
                0x00111d1c        0x4 /opt/devkitpro/libctru/lib/libctru.a(gfx.o)
 .bss.gfxIsDoubleBuf
                0x00111d20        0x2 /opt/devkitpro/libctru/lib/libctru.a(gfx.o)
 *fill*         0x00111d22        0x2 
 .bss.gfxCurBuf
                0x00111d24        0x2 /opt/devkitpro/libctru/lib/libctru.a(gfx.o)
 .bss.gfxIsVram
                0x00111d26        0x1 /opt/devkitpro/libctru/lib/libctru.a(gfx.o)
 .bss.gfxTopMode
                0x00111d27        0x1 /opt/devkitpro/libctru/lib/libctru.a(gfx.o)
 .bss.gfxFramebufferFormats
                0x00111d28        0x2 /opt/devkitpro/libctru/lib/libctru.a(gfx.o)
 *fill*         0x00111d2a        0x2 
 .bss.gfxBottomFramebufferMaxSize
                0x00111d2c        0x4 /opt/devkitpro/libctru/lib/libctru.a(gfx.o)
 .bss.gfxTopFramebufferMaxSize
                0x00111d30        0x4 /opt/devkitpro/libctru/lib/libctru.a(gfx.o)
 *fill*         0x00111d34        0x4 
 .bss.gfxBottomFramebuffers
                0x00111d38        0x8 /opt/devkitpro/libctru/lib/libctru.a(gfx.o)
 .bss.gfxTopFramebuffers
                0x00111d40        0x8 /opt/devkitpro/libctru/lib/libctru.a(gfx.o)
 .bss.flagValue.0
                0x00111d48        0x1 /opt/devkitpro/libctru/lib/libctru.a(apt.o)
 .bss.flagInit.1
                0x00111d49        0x1 /opt/devkitpro/libctru/lib/libctru.a(apt.o)
 *fill*         0x00111d4a        0x2 
 .bss.serviceName.6
                0x00111d4c        0x4 /opt/devkitpro/libctru/lib/libctru.a(apt.o)
 .bss.aptChainloadFlags
                0x00111d50        0x1 /opt/devkitpro/libctru/lib/libctru.a(apt.o)
 .bss.aptChainloadMediatype
                0x00111d51        0x1 /opt/devkitpro/libctru/lib/libctru.a(apt.o)
 *fill*         0x00111d52        0x2 
 .bss.aptChainloadHmac
                0x00111d54       0x20 /opt/devkitpro/libctru/lib/libctru.a(apt.o)
 .bss.aptChainloadDeliverArg
                0x00111d74      0x300 /opt/devkitpro/libctru/lib/libctru.a(apt.o)
 *fill*         0x00112074        0x4 
 .bss.aptChainloadTid
                0x00112078        0x8 /opt/devkitpro/libctru/lib/libctru.a(apt.o)
 .bss.aptParameters
                0x00112080     0x1000 /opt/devkitpro/libctru/lib/libctru.a(apt.o)
 .bss.aptFlags  0x00113080        0x4 /opt/devkitpro/libctru/lib/libctru.a(apt.o)
 .bss.aptHomeButtonState
                0x00113084        0x1 /opt/devkitpro/libctru/lib/libctru.a(apt.o)
 *fill*         0x00113085        0x3 
 .bss.aptMessageFuncData
                0x00113088        0x4 /opt/devkitpro/libctru/lib/libctru.a(apt.o)
 .bss.aptMessageFunc
                0x0011308c        0x4 /opt/devkitpro/libctru/lib/libctru.a(apt.o)
 .bss.aptFirstHook
                0x00113090        0xc /opt/devkitpro/libctru/lib/libctru.a(apt.o)
 .bss.aptEventHandlerThreadQuit
                0x0011309c        0x1 /opt/devkitpro/libctru/lib/libctru.a(apt.o)
 *fill*         0x0011309d        0x3 
 .bss.aptEventHandlerThread
                0x001130a0        0x4 /opt/devkitpro/libctru/lib/libctru.a(apt.o)
 .bss.aptSleepEvent
                0x001130a4        0x8 /opt/devkitpro/libctru/lib/libctru.a(apt.o)
 .bss.aptReceiveEvent
                0x001130ac        0x8 /opt/devkitpro/libctru/lib/libctru.a(apt.o)
 .bss.aptEvents
                0x001130b4        0x8 /opt/devkitpro/libctru/lib/libctru.a(apt.o)
 .bss.aptLockHandle
                0x001130bc        0x4 /opt/devkitpro/libctru/lib/libctru.a(apt.o)
 .bss.aptRefCount
                0x001130c0        0x4 /opt/devkitpro/libctru/lib/libctru.a(apt.o)
 .bss.gspEventCbOneShot
                0x001130c4        0x7 /opt/devkitpro/libctru/lib/libctru.a(gspgpu.o)
 *fill*         0x001130cb        0x1 
 .bss.gspEventCbData
                0x001130cc       0x1c /opt/devkitpro/libctru/lib/libctru.a(gspgpu.o)
 .bss.gspEventCb
                0x001130e8       0x1c /opt/devkitpro/libctru/lib/libctru.a(gspgpu.o)
 .bss.gspEvents
                0x00113104       0x38 /opt/devkitpro/libctru/lib/libctru.a(gspgpu.o)
 .bss.gspLastEvent
                0x0011313c        0x4 /opt/devkitpro/libctru/lib/libctru.a(gspgpu.o)
 .bss.gspRunEvents
                0x00113140        0x1 /opt/devkitpro/libctru/lib/libctru.a(gspgpu.o)
 *fill*         0x00113141        0x3 
 .bss.gspEventThread
                0x00113144        0x4 /opt/devkitpro/libctru/lib/libctru.a(gspgpu.o)
 .bss.gspEvent  0x00113148        0x4 /opt/devkitpro/libctru/lib/libctru.a(gspgpu.o)
 .bss.gspGpuRight
                0x0011314c        0x1 /opt/devkitpro/libctru/lib/libctru.a(gspgpu.o)
 .bss.gspThreadId
                0x0011314d        0x1 /opt/devkitpro/libctru/lib/libctru.a(gspgpu.o)
 *fill*         0x0011314e        0x2 
 .bss.gspSharedMem
                0x00113150        0x4 /opt/devkitpro/libctru/lib/libctru.a(gspgpu.o)
 .bss.gspSharedMemHandle
                0x00113154        0x4 /opt/devkitpro/libctru/lib/libctru.a(gspgpu.o)
 .bss.gspRefCount
                0x00113158        0x4 /opt/devkitpro/libctru/lib/libctru.a(gspgpu.o)
 .bss.gspGpuHandle
                0x0011315c        0x4 /opt/devkitpro/libctru/lib/libctru.a(gspgpu.o)
 .bss.__system_retAddr
                0x00113160        0x4 /opt/devkitpro/libctru/lib/libctru.a(ctru_init.o)
                0x00113160                __system_retAddr
 .bss.__system_argv
                0x00113164        0x4 /opt/devkitpro/libctru/lib/libctru.a(initArgv.o)
                0x00113164                __system_argv
 .bss.__system_argc
                0x00113168        0x4 /opt/devkitpro/libctru/lib/libctru.a(initArgv.o)
                0x00113168                __system_argc
 .bss.saved_stack.42
                0x0011316c        0x8 /opt/devkitpro/libctru/lib/libctru.a(stack_adjust.o)
 *fill*         0x00113174        0x4 
 .bss._ZL11sLinearPool
                0x00113178        0x8 /opt/devkitpro/libctru/lib/libctru.a(linear.o)
 .bss._ZL8sAddrMap
                0x00113180        0xc /opt/devkitpro/libctru/lib/libctru.a(linear.o)
 *fill*         0x0011318c        0x4 
 .bss._ZL10sVramPoolB
                0x00113190        0x8 /opt/devkitpro/libctru/lib/libctru.a(vram.o)
 .bss._ZL10sVramPoolA
                0x00113198        0x8 /opt/devkitpro/libctru/lib/libctru.a(vram.o)
 .bss._ZL8sAddrMap
                0x001131a0        0xc /opt/devkitpro/libctru/lib/libctru.a(vram.o)
 .bss.__3dslink_host
                0x001131ac        0x4 /opt/devkitpro/libctru/lib/libctru.a(3dslink.o)
                0x001131ac                __3dslink_host
 .bss.__ctru_speedup
                0x001131b0        0x1 /opt/devkitpro/libctru/lib/libctru.a(os.o)
                0x001131b0                __ctru_speedup
 *fill*         0x001131b1        0x3 
 .bss.srvRefCount
                0x001131b4        0x4 /opt/devkitpro/libctru/lib/libctru.a(srv.o)
 .bss.srvHandle
                0x001131b8        0x4 /opt/devkitpro/libctru/lib/libctru.a(srv.o)
 .bss.arbiter   0x001131bc        0x4 /opt/devkitpro/libctru/lib/libctru.a(synchronization.o)
 .bss.currentAddr
                0x001131c0        0x4 /opt/devkitpro/libctru/lib/libctru.a(mappable.o)
 .bss.maxAddr   0x001131c4        0x4 /opt/devkitpro/libctru/lib/libctru.a(mappable.o)
 .bss.minAddr   0x001131c8        0x4 /opt/devkitpro/libctru/lib/libctru.a(mappable.o)
 .bss.ptmSysmRefCount
                0x001131cc        0x4 /opt/devkitpro/libctru/lib/libctru.a(ptmsysm.o)
 .bss.ptmSysmHandle
                0x001131d0        0x4 /opt/devkitpro/libctru/lib/libctru.a(ptmsysm.o)
 .bss.srvPmHandle
                0x001131d4        0x4 /opt/devkitpro/libctru/lib/libctru.a(srvpm.o)
 .bss.__ctru_linear_heap_size
                0x001131d8        0x4 /opt/devkitpro/libctru/lib/libctru.a(allocateHeaps.o)
                0x001131d8                __ctru_linear_heap_size
 .bss.__ctru_heap_size
                0x001131dc        0x4 /opt/devkitpro/libctru/lib/libctru.a(allocateHeaps.o)
                0x001131dc                __ctru_heap_size
 .bss.__ctru_linear_heap
                0x001131e0        0x4 /opt/devkitpro/libctru/lib/libctru.a(allocateHeaps.o)
                0x001131e0                __ctru_linear_heap
 .bss.__ctru_heap
                0x001131e4        0x4 /opt/devkitpro/libctru/lib/libctru.a(allocateHeaps.o)
                0x001131e4                __ctru_heap
 .bss.archive_devices
                0x001131e8      0x5c0 /opt/devkitpro/libctru/lib/libctru.a(archive_dev.o)
 .bss.archive_device_cwd
                0x001137a8        0x4 /opt/devkitpro/libctru/lib/libctru.a(archive_dev.o)
 .bss.archive_initialized
                0x001137ac        0x1 /opt/devkitpro/libctru/lib/libctru.a(archive_dev.o)
 *fill*         0x001137ad        0x3 
 .bss.fsExemptArchives
                0x001137b0       0x80 /opt/devkitpro/libctru/lib/libctru.a(fs.o)
 .bss.fsuRefCount
                0x00113830        0x4 /opt/devkitpro/libctru/lib/libctru.a(fs.o)
 .bss.fsuHandle
                0x00113834        0x4 /opt/devkitpro/libctru/lib/libctru.a(fs.o)
 .bss.usingIrrst
                0x00113838        0x1 /opt/devkitpro/libctru/lib/libctru.a(hid.o)
 *fill*         0x00113839        0x3 
 .bss.hidRefCount
                0x0011383c        0x4 /opt/devkitpro/libctru/lib/libctru.a(hid.o)
 .bss.kUp       0x00113840        0x4 /opt/devkitpro/libctru/lib/libctru.a(hid.o)
 .bss.kDown     0x00113844        0x4 /opt/devkitpro/libctru/lib/libctru.a(hid.o)
 .bss.kHeld     0x00113848        0x4 /opt/devkitpro/libctru/lib/libctru.a(hid.o)
 .bss.kOld      0x0011384c        0x4 /opt/devkitpro/libctru/lib/libctru.a(hid.o)
 .bss.hidSharedMem
                0x00113850        0x4 /opt/devkitpro/libctru/lib/libctru.a(hid.o)
                0x00113850                hidSharedMem
 .bss.hidEvents
                0x00113854       0x14 /opt/devkitpro/libctru/lib/libctru.a(hid.o)
                0x00113854                hidEvents
 .bss.hidMemHandle
                0x00113868        0x4 /opt/devkitpro/libctru/lib/libctru.a(hid.o)
                0x00113868                hidMemHandle
 .bss.hidHandle
                0x0011386c        0x4 /opt/devkitpro/libctru/lib/libctru.a(hid.o)
                0x0011386c                hidHandle
 .bss.irrstRefCount
                0x00113870        0x4 /opt/devkitpro/libctru/lib/libctru.a(irrst.o)
 .bss.kHeld     0x00113874        0x4 /opt/devkitpro/libctru/lib/libctru.a(irrst.o)
 .bss.irrstSharedMem
                0x00113878        0x4 /opt/devkitpro/libctru/lib/libctru.a(irrst.o)
                0x00113878                irrstSharedMem
 .bss.irrstEvent
                0x0011387c        0x4 /opt/devkitpro/libctru/lib/libctru.a(irrst.o)
                0x0011387c                irrstEvent
 .bss.irrstMemHandle
                0x00113880        0x4 /opt/devkitpro/libctru/lib/libctru.a(irrst.o)
                0x00113880                irrstMemHandle
 .bss.irrstHandle
                0x00113884        0x4 /opt/devkitpro/libctru/lib/libctru.a(irrst.o)
                0x00113884                irrstHandle
 .bss.__malloc_current_mallinfo
                0x00113888       0x28 /opt/devkitpro/devkitARM/lib/gcc/arm-none-eabi/15.2.0/../../../../arm-none-eabi/lib/armv6k/fpu/libg.a(libc_a-mallocr.o)
                0x00113888                __malloc_current_mallinfo
 .bss.__malloc_max_total_mem
                0x001138b0        0x4 /opt/devkitpro/devkitARM/lib/gcc/arm-none-eabi/15.2.0/../../../../arm-none-eabi/lib/armv6k/fpu/libg.a(libc_a-mallocr.o)
                0x001138b0                __malloc_max_total_mem
 .bss.__malloc_max_sbrked_mem
                0x001138b4        0x4 /opt/devkitpro/devkitARM/lib/gcc/arm-none-eabi/15.2.0/../../../../arm-none-eabi/lib/armv6k/fpu/libg.a(libc_a-mallocr.o)
                0x001138b4                __malloc_max_sbrked_mem
 .bss.__malloc_top_pad
                0x001138b8        0x4 /opt/devkitpro/devkitARM/lib/gcc/arm-none-eabi/15.2.0/../../../../arm-none-eabi/lib/armv6k/fpu/libg.a(libc_a-mallocr.o)
                0x001138b8                __malloc_top_pad
 .bss.__sfp_recursive_mutex
                0x001138bc        0xc /opt/devkitpro/devkitARM/lib/gcc/arm-none-eabi/15.2.0/../../../../arm-none-eabi/lib/armv6k/fpu/libg.a(libc_a-findfp.o)
 .bss.__sf      0x001138c8      0x168 /opt/devkitpro/devkitARM/lib/gcc/arm-none-eabi/15.2.0/../../../../arm-none-eabi/lib/armv6k/fpu/libg.a(libc_a-findfp.o)
                0x001138c8                __sf
 .bss.__stdio_exit_handler
                0x00113a30        0x4 /opt/devkitpro/devkitARM/lib/gcc/arm-none-eabi/15.2.0/../../../../arm-none-eabi/lib/armv6k/fpu/libg.a(libc_a-findfp.o)
                0x00113a30                __stdio_exit_handler
 .bss.__malloc_recursive_mutex
                0x00113a34        0xc /opt/devkitpro/devkitARM/lib/gcc/arm-none-eabi/15.2.0/../../../../arm-none-eabi/lib/armv6k/fpu/libg.a(libc_a-mlock.o)
 .bss.temp_cwd  0x00113a40      0x400 /opt/devkitpro/devkitARM/lib/gcc/arm-none-eabi/15.2.0/../../../../arm-none-eabi/lib/armv6k/fpu/libsysbase.a(libsysbase_libsysbase_a-chdir.o)
 .bss.__hndl_lock
                0x00113e40        0x4 /opt/devkitpro/devkitARM/lib/gcc/arm-none-eabi/15.2.0/../../../../arm-none-eabi/lib/armv6k/fpu/libsysbase.a(libsysbase_libsysbase_a-handle_manager.o)
 .bss.fake_heap_start
                0x00113e44        0x4 /opt/devkitpro/devkitARM/lib/gcc/arm-none-eabi/15.2.0/../../../../arm-none-eabi/lib/armv6k/fpu/libsysbase.a(libsysbase_libsysbase_a-malloc_vars.o)
                0x00113e44                fake_heap_start
 .bss.fake_heap_end
                0x00113e48        0x4 /opt/devkitpro/devkitARM/lib/gcc/arm-none-eabi/15.2.0/../../../../arm-none-eabi/lib/armv6k/fpu/libsysbase.a(libsysbase_libsysbase_a-malloc_vars.o)
                0x00113e48                fake_heap_end
 .bss.heap_start.0
                0x00113e4c        0x4 /opt/devkitpro/devkitARM/lib/gcc/arm-none-eabi/15.2.0/../../../../arm-none-eabi/lib/armv6k/fpu/libsysbase.a(libsysbase_libsysbase_a-sbrk.o)
 *(.gnu.linkonce.b*)
 *(COMMON)
                0x00113e50                        . = (0x8 + ABSOLUTE (ALIGN (ABSOLUTE ((. - 0x8)), MAX (ALIGNOF (.tdata), ALIGNOF (.tbss)))))
                0x00113e50                        __tls_start = .
                0x00113e50                        . = (. + SIZEOF (.tdata))
                0x00113e50                        . = ALIGN (ALIGNOF (.tbss))
                0x00114a58                        . = (. + SIZEOF (.tbss))
 *fill*         0x00113e50      0xc08 
                0x00114a58                        __tls_end = .
                0x00114a58                        __bss_end__ = .
                0x00114a58                        __end__ = ABSOLUTE (.)

/DISCARD/
 *(.group .comment .note)

.stab
 *(.stab)

.stabstr
 *(.stabstr)

.stab.excl
 *(.stab.excl)

.stab.exclstr
 *(.stab.exclstr)

.stab.index
 *(.stab.index)

.stab.indexstr
 *(.stab.indexstr)

.debug
 *(.debug)

.line
 *(.line)

.debug_srcinfo
 *(.debug_srcinfo)

.debug_sfnames
 *(.debug_sfnames)

.debug_aranges  0x00000000     0x16d8
 *(.debug_aranges)
 .debug_aranges
                0x00000000       0x20 main.o
 .debug_aranges
                0x00000020       0x78 /opt/devkitpro/libctru/lib/libctru.a(console.o)
 .debug_aranges
                0x00000098       0xa0 /opt/devkitpro/libctru/lib/libctru.a(gfx.o)
 .debug_aranges
                0x00000138      0x270 /opt/devkitpro/libctru/lib/libctru.a(apt.o)
 .debug_aranges
                0x000003a8      0x118 /opt/devkitpro/libctru/lib/libctru.a(gspgpu.o)
 .debug_aranges
                0x000004c0       0x20 /opt/devkitpro/libctru/lib/libctru.a(ctru_init.o)
 .debug_aranges
                0x000004e0       0x20 /opt/devkitpro/libctru/lib/libctru.a(initArgv.o)
 .debug_aranges
                0x00000500       0xe0 /opt/devkitpro/libctru/lib/libctru.a(syscalls.o)
 .debug_aranges
                0x000005e0      0x330 /opt/devkitpro/libctru/lib/libctru.a(svc.o)
 .debug_aranges
                0x00000910       0x28 /opt/devkitpro/libctru/lib/libctru.a(stack_adjust.o)
 .debug_aranges
                0x00000938       0x58 /opt/devkitpro/libctru/lib/libctru.a(linear.o)
 .debug_aranges
                0x00000990       0x38 /opt/devkitpro/libctru/lib/libctru.a(mem_pool.o)
 .debug_aranges
                0x000009c8       0x68 /opt/devkitpro/libctru/lib/libctru.a(vram.o)
 .debug_aranges
                0x00000a30       0x20 /opt/devkitpro/libctru/lib/libctru.a(3dslink.o)
 .debug_aranges
                0x00000a50       0x58 /opt/devkitpro/libctru/lib/libctru.a(os.o)
 .debug_aranges
                0x00000aa8       0xc0 /opt/devkitpro/libctru/lib/libctru.a(srv.o)
 .debug_aranges
                0x00000b68       0xf0 /opt/devkitpro/libctru/lib/libctru.a(synchronization.o)
 .debug_aranges
                0x00000c58       0x60 /opt/devkitpro/libctru/lib/libctru.a(thread.o)
 .debug_aranges
                0x00000cb8       0x38 /opt/devkitpro/libctru/lib/libctru.a(mappable.o)
 .debug_aranges
                0x00000cf0       0xb8 /opt/devkitpro/libctru/lib/libctru.a(ptmsysm.o)
 .debug_aranges
                0x00000da8       0x50 /opt/devkitpro/libctru/lib/libctru.a(srvpm.o)
 .debug_aranges
                0x00000df8       0x20 /opt/devkitpro/libctru/lib/libctru.a(rbtree_find.o)
 .debug_aranges
                0x00000e18       0x20 /opt/devkitpro/libctru/lib/libctru.a(rbtree_init.o)
 .debug_aranges
                0x00000e38       0x30 /opt/devkitpro/libctru/lib/libctru.a(rbtree_insert.o)
 .debug_aranges
                0x00000e68       0x20 /opt/devkitpro/libctru/lib/libctru.a(rbtree_remove.o)
 .debug_aranges
                0x00000e88       0x20 /opt/devkitpro/libctru/lib/libctru.a(rbtree_rotate.o)
 .debug_aranges
                0x00000ea8       0x20 /opt/devkitpro/libctru/lib/libctru.a(allocateHeaps.o)
 .debug_aranges
                0x00000ec8       0x20 /opt/devkitpro/libctru/lib/libctru.a(appExit.o)
 .debug_aranges
                0x00000ee8       0x20 /opt/devkitpro/libctru/lib/libctru.a(appInit.o)
 .debug_aranges
                0x00000f08       0x20 /opt/devkitpro/libctru/lib/libctru.a(ctru_exit.o)
 .debug_aranges
                0x00000f28      0x118 /opt/devkitpro/libctru/lib/libctru.a(archive_dev.o)
 .debug_aranges
                0x00001040       0x28 /opt/devkitpro/libctru/lib/libctru.a(env.o)
 .debug_aranges
                0x00001068       0x18 /opt/devkitpro/libctru/lib/libctru.a(path_buf.o)
 .debug_aranges
                0x00001080      0x3b8 /opt/devkitpro/libctru/lib/libctru.a(fs.o)
 .debug_aranges
                0x00001438       0xd0 /opt/devkitpro/libctru/lib/libctru.a(hid.o)
 .debug_aranges
                0x00001508       0x68 /opt/devkitpro/libctru/lib/libctru.a(irrst.o)
 .debug_aranges
                0x00001570       0x28 /opt/devkitpro/libctru/lib/libctru.a(rbtree_iterator.o)
 .debug_aranges
                0x00001598       0x20 /opt/devkitpro/libctru/lib/libctru.a(decode_utf8.o)
 .debug_aranges
                0x000015b8       0x20 /opt/devkitpro/libctru/lib/libctru.a(utf16_to_utf8.o)
 .debug_aranges
                0x000015d8       0x20 /opt/devkitpro/libctru/lib/libctru.a(utf8_to_utf16.o)
 .debug_aranges
                0x000015f8       0x20 /opt/devkitpro/libctru/lib/libctru.a(readtp.o)
 .debug_aranges
                0x00001618       0x20 /opt/devkitpro/libctru/lib/libctru.a(decode_utf16.o)
 .debug_aranges
                0x00001638       0x20 /opt/devkitpro/libctru/lib/libctru.a(encode_utf16.o)
 .debug_aranges
                0x00001658       0x20 /opt/devkitpro/libctru/lib/libctru.a(encode_utf8.o)
 .debug_aranges
                0x00001678       0x20 /opt/devkitpro/devkitARM/lib/gcc/arm-none-eabi/15.2.0/armv6k/fpu/libgcc.a(_divsi3.o)
 .debug_aranges
                0x00001698       0x20 /opt/devkitpro/devkitARM/lib/gcc/arm-none-eabi/15.2.0/armv6k/fpu/libgcc.a(_dvmd_tls.o)
 .debug_aranges
                0x000016b8       0x20 /opt/devkitpro/devkitARM/lib/gcc/arm-none-eabi/15.2.0/armv6k/fpu/libgcc.a(_udivsi3.o)

.debug_pubnames
 *(.debug_pubnames)

.debug_info     0x00000000    0x2d3d2
 *(.debug_info)
 .debug_info    0x00000000      0xd23 main.o
 .debug_info    0x00000d23     0x2273 /opt/devkitpro/libctru/lib/libctru.a(console.o)
 .debug_info    0x00002f96      0xcfd /opt/devkitpro/libctru/lib/libctru.a(gfx.o)
 .debug_info    0x00003c93     0x5688 /opt/devkitpro/libctru/lib/libctru.a(apt.o)
 .debug_info    0x0000931b     0x5927 /opt/devkitpro/libctru/lib/libctru.a(gspgpu.o)
 .debug_info    0x0000ec42      0x18a /opt/devkitpro/libctru/lib/libctru.a(ctru_init.o)
 .debug_info    0x0000edcc      0x2bf /opt/devkitpro/libctru/lib/libctru.a(initArgv.o)
 .debug_info    0x0000f08b     0x1765 /opt/devkitpro/libctru/lib/libctru.a(syscalls.o)
 .debug_info    0x000107f0       0x23 /opt/devkitpro/libctru/lib/libctru.a(svc.o)
 .debug_info    0x00010813       0x23 /opt/devkitpro/libctru/lib/libctru.a(stack_adjust.o)
 .debug_info    0x00010836     0x113a /opt/devkitpro/libctru/lib/libctru.a(linear.o)
 .debug_info    0x00011970      0xfcc /opt/devkitpro/libctru/lib/libctru.a(mem_pool.o)
 .debug_info    0x0001293c     0x1713 /opt/devkitpro/libctru/lib/libctru.a(vram.o)
 .debug_info    0x0001404f      0xa7e /opt/devkitpro/libctru/lib/libctru.a(3dslink.o)
 .debug_info    0x00014acd      0x6d1 /opt/devkitpro/libctru/lib/libctru.a(os.o)
 .debug_info    0x0001519e     0x1a2d /opt/devkitpro/libctru/lib/libctru.a(srv.o)
 .debug_info    0x00016bcb     0x26f9 /opt/devkitpro/libctru/lib/libctru.a(synchronization.o)
 .debug_info    0x000192c4     0x1174 /opt/devkitpro/libctru/lib/libctru.a(thread.o)
 .debug_info    0x0001a438      0x372 /opt/devkitpro/libctru/lib/libctru.a(mappable.o)
 .debug_info    0x0001a7aa      0xd6e /opt/devkitpro/libctru/lib/libctru.a(ptmsysm.o)
 .debug_info    0x0001b518      0x832 /opt/devkitpro/libctru/lib/libctru.a(srvpm.o)
 .debug_info    0x0001bd4a      0x1e5 /opt/devkitpro/libctru/lib/libctru.a(rbtree_find.o)
 .debug_info    0x0001bf2f      0x181 /opt/devkitpro/libctru/lib/libctru.a(rbtree_init.o)
 .debug_info    0x0001c0b0      0x666 /opt/devkitpro/libctru/lib/libctru.a(rbtree_insert.o)
 .debug_info    0x0001c716      0x992 /opt/devkitpro/libctru/lib/libctru.a(rbtree_remove.o)
 .debug_info    0x0001d0a8      0x35d /opt/devkitpro/libctru/lib/libctru.a(rbtree_rotate.o)
 .debug_info    0x0001d405      0x52e /opt/devkitpro/libctru/lib/libctru.a(allocateHeaps.o)
 .debug_info    0x0001d933      0x142 /opt/devkitpro/libctru/lib/libctru.a(appExit.o)
 .debug_info    0x0001da75      0x14d /opt/devkitpro/libctru/lib/libctru.a(appInit.o)
 .debug_info    0x0001dbc2      0x2bc /opt/devkitpro/libctru/lib/libctru.a(ctru_exit.o)
 .debug_info    0x0001de7e     0x415b /opt/devkitpro/libctru/lib/libctru.a(archive_dev.o)
 .debug_info    0x00021fd9      0x2ae /opt/devkitpro/libctru/lib/libctru.a(env.o)
 .debug_info    0x00022287       0xdc /opt/devkitpro/libctru/lib/libctru.a(path_buf.o)
 .debug_info    0x00022363     0x8554 /opt/devkitpro/libctru/lib/libctru.a(fs.o)
 .debug_info    0x0002a8b7     0x1367 /opt/devkitpro/libctru/lib/libctru.a(hid.o)
 .debug_info    0x0002bc1e      0xac8 /opt/devkitpro/libctru/lib/libctru.a(irrst.o)
 .debug_info    0x0002c6e6      0x34a /opt/devkitpro/libctru/lib/libctru.a(rbtree_iterator.o)
 .debug_info    0x0002ca30      0x15d /opt/devkitpro/libctru/lib/libctru.a(decode_utf8.o)
 .debug_info    0x0002cb8d      0x20a /opt/devkitpro/libctru/lib/libctru.a(utf16_to_utf8.o)
 .debug_info    0x0002cd97      0x20a /opt/devkitpro/libctru/lib/libctru.a(utf8_to_utf16.o)
 .debug_info    0x0002cfa1       0x24 /opt/devkitpro/libctru/lib/libctru.a(readtp.o)
 .debug_info    0x0002cfc5      0x139 /opt/devkitpro/libctru/lib/libctru.a(decode_utf16.o)
 .debug_info    0x0002d0fe      0x10e /opt/devkitpro/libctru/lib/libctru.a(encode_utf16.o)
 .debug_info    0x0002d20c      0x10e /opt/devkitpro/libctru/lib/libctru.a(encode_utf8.o)
 .debug_info    0x0002d31a       0x3e /opt/devkitpro/devkitARM/lib/gcc/arm-none-eabi/15.2.0/armv6k/fpu/libgcc.a(_divsi3.o)
 .debug_info    0x0002d358       0x3c /opt/devkitpro/devkitARM/lib/gcc/arm-none-eabi/15.2.0/armv6k/fpu/libgcc.a(_dvmd_tls.o)
 .debug_info    0x0002d394       0x3e /opt/devkitpro/devkitARM/lib/gcc/arm-none-eabi/15.2.0/armv6k/fpu/libgcc.a(_udivsi3.o)

.debug_abbrev   0x00000000     0x72d8
 *(.debug_abbrev)
 .debug_abbrev  0x00000000      0x292 main.o
 .debug_abbrev  0x00000292      0x5c3 /opt/devkitpro/libctru/lib/libctru.a(console.o)
 .debug_abbrev  0x00000855      0x391 /opt/devkitpro/libctru/lib/libctru.a(gfx.o)
 .debug_abbrev  0x00000be6      0x765 /opt/devkitpro/libctru/lib/libctru.a(apt.o)
 .debug_abbrev  0x0000134b      0x61f /opt/devkitpro/libctru/lib/libctru.a(gspgpu.o)
 .debug_abbrev  0x0000196a      0x12f /opt/devkitpro/libctru/lib/libctru.a(ctru_init.o)
 .debug_abbrev  0x00001a99      0x197 /opt/devkitpro/libctru/lib/libctru.a(initArgv.o)
 .debug_abbrev  0x00001c30      0x4e0 /opt/devkitpro/libctru/lib/libctru.a(syscalls.o)
 .debug_abbrev  0x00002110       0x12 /opt/devkitpro/libctru/lib/libctru.a(svc.o)
 .debug_abbrev  0x00002122       0x12 /opt/devkitpro/libctru/lib/libctru.a(stack_adjust.o)
 .debug_abbrev  0x00002134      0x433 /opt/devkitpro/libctru/lib/libctru.a(linear.o)